Archive member included to satisfy reference by file (symbol)

../../DaisyExamples/libDaisy//build/libdaisy.a(daisy_seed.o)
                              build/MachineDaisyFile.o (daisy::DaisySeed::StartAudio(void (*)(float const* const*, float**, unsigned int)))
../../DaisyExamples/libDaisy//build/libdaisy.a(codec_ak4556.o)
                              ../../DaisyExamples/libDaisy//build/libdaisy.a(daisy_seed.o) (daisy::Ak4556::Init(dsy_gpio_pin))
../../DaisyExamples/libDaisy//build/libdaisy.a(codec_wm8731.o)
                              ../../DaisyExamples/libDaisy//build/libdaisy.a(daisy_seed.o) (daisy::Wm8731::Init(daisy::Wm8731::Config const&, daisy::I2CHandle))
../../DaisyExamples/libDaisy//build/libdaisy.a(sdram.o)
                              ../../DaisyExamples/libDaisy//build/libdaisy.a(daisy_seed.o) (SdramHandle::Init())
../../DaisyExamples/libDaisy//build/libdaisy.a(audio.o)
                              ../../DaisyExamples/libDaisy//build/libdaisy.a(daisy_seed.o) (daisy::AudioHandle::Init(daisy::AudioHandle::Config const&, daisy::SaiHandle))
../../DaisyExamples/libDaisy//build/libdaisy.a(ctrl.o)
                              build/MachineDaisyFile.o (daisy::AnalogControl::Process())
../../DaisyExamples/libDaisy//build/libdaisy.a(adc.o)
                              build/MachineDaisyFile.o (daisy::AdcChannelConfig::InitSingle(dsy_gpio_pin))
../../DaisyExamples/libDaisy//build/libdaisy.a(gpio.o)
                              ../../DaisyExamples/libDaisy//build/libdaisy.a(daisy_seed.o) (dsy_gpio_init)
../../DaisyExamples/libDaisy//build/libdaisy.a(i2c.o)
                              ../../DaisyExamples/libDaisy//build/libdaisy.a(daisy_seed.o) (daisy::I2CHandle::Init(daisy::I2CHandle::Config const&))
../../DaisyExamples/libDaisy//build/libdaisy.a(qspi.o)
                              ../../DaisyExamples/libDaisy//build/libdaisy.a(daisy_seed.o) (daisy::QSPIHandle::Init(daisy::QSPIHandle::Config const&))
../../DaisyExamples/libDaisy//build/libdaisy.a(sai.o)
                              ../../DaisyExamples/libDaisy//build/libdaisy.a(daisy_seed.o) (daisy::SaiHandle::Init(daisy::SaiHandle::Config const&))
../../DaisyExamples/libDaisy//build/libdaisy.a(system.o)
                              ../../DaisyExamples/libDaisy//build/libdaisy.a(daisy_seed.o) (daisy::System::DeInit())
../../DaisyExamples/libDaisy//build/libdaisy.a(system_stm32h7xx.o)
                              build/startup_stm32h750xx.o (SystemInit)
../../DaisyExamples/libDaisy//build/libdaisy.a(usbd_conf.o)
                              ../../DaisyExamples/libDaisy//build/libdaisy.a(system.o) (hpcd_USB_OTG_HS)
../../DaisyExamples/libDaisy//build/libdaisy.a(usbh_conf.o)
                              ../../DaisyExamples/libDaisy//build/libdaisy.a(system.o) (hhcd_USB_OTG_HS)
../../DaisyExamples/libDaisy//build/libdaisy.a(hal_map.o)
                              ../../DaisyExamples/libDaisy//build/libdaisy.a(gpio.o) (dsy_hal_map_get_port)
../../DaisyExamples/libDaisy//build/libdaisy.a(stm32h7xx_hal.o)
                              ../../DaisyExamples/libDaisy//build/libdaisy.a(system.o) (HAL_Init)
../../DaisyExamples/libDaisy//build/libdaisy.a(stm32h7xx_hal_adc.o)
                              ../../DaisyExamples/libDaisy//build/libdaisy.a(adc.o) (HAL_ADC_ConfigChannel)
../../DaisyExamples/libDaisy//build/libdaisy.a(stm32h7xx_hal_adc_ex.o)
                              ../../DaisyExamples/libDaisy//build/libdaisy.a(adc.o) (HAL_ADCEx_Calibration_Start)
../../DaisyExamples/libDaisy//build/libdaisy.a(stm32h7xx_hal_cortex.o)
                              ../../DaisyExamples/libDaisy//build/libdaisy.a(stm32h7xx_hal.o) (HAL_NVIC_SetPriorityGrouping)
../../DaisyExamples/libDaisy//build/libdaisy.a(stm32h7xx_hal_dma.o)
                              ../../DaisyExamples/libDaisy//build/libdaisy.a(adc.o) (HAL_DMA_Init)
../../DaisyExamples/libDaisy//build/libdaisy.a(stm32h7xx_hal_gpio.o)
                              ../../DaisyExamples/libDaisy//build/libdaisy.a(sdram.o) (HAL_GPIO_Init)
../../DaisyExamples/libDaisy//build/libdaisy.a(stm32h7xx_hal_hcd.o)
                              ../../DaisyExamples/libDaisy//build/libdaisy.a(usbh_conf.o) (HAL_HCD_HC_Init)
../../DaisyExamples/libDaisy//build/libdaisy.a(stm32h7xx_hal_i2c.o)
                              ../../DaisyExamples/libDaisy//build/libdaisy.a(i2c.o) (HAL_I2C_Init)
../../DaisyExamples/libDaisy//build/libdaisy.a(stm32h7xx_hal_i2c_ex.o)
                              ../../DaisyExamples/libDaisy//build/libdaisy.a(i2c.o) (HAL_I2CEx_ConfigAnalogFilter)
../../DaisyExamples/libDaisy//build/libdaisy.a(stm32h7xx_hal_pcd.o)
                              ../../DaisyExamples/libDaisy//build/libdaisy.a(usbd_conf.o) (HAL_PCD_Init)
../../DaisyExamples/libDaisy//build/libdaisy.a(stm32h7xx_hal_pcd_ex.o)
                              ../../DaisyExamples/libDaisy//build/libdaisy.a(usbd_conf.o) (HAL_PCDEx_SetTxFiFo)
../../DaisyExamples/libDaisy//build/libdaisy.a(stm32h7xx_hal_pwr_ex.o)
[...]
Memory Configuration

Name             Origin             Length             Attributes
FLASH            0x0000000008000000 0x0000000000020000 xr
DTCMRAM          0x0000000020000000 0x0000000000020000 xrw
SRAM             0x0000000024000000 0x0000000000080000 xrw
RAM_D2           0x0000000030000000 0x0000000000048000 xrw
RAM_D3           0x0000000038000000 0x0000000000010000 xrw
ITCMRAM          0x0000000000000000 0x0000000000010000 xrw
SDRAM            0x00000000c0000000 0x0000000004000000 xrw
QSPIFLASH        0x0000000090000000 0x0000000000800000 xr
*default*        0x0000000000000000 0xffffffffffffffff

Linker script and memory map

LOAD /Library/DaisyToolchain/0.2.0/arm/bin/../lib/gcc/arm-none-eabi/10.3.1/thumb/v7e-m+dp/hard/crti.o
LOAD /Library/DaisyToolchain/0.2.0/arm/bin/../lib/gcc/arm-none-eabi/10.3.1/thumb/v7e-m+dp/hard/crtbegin.o
LOAD /Library/DaisyToolchain/0.2.0/arm/bin/../lib/gcc/arm-none-eabi/10.3.1/../../../../arm-none-eabi/lib/thumb/v7e-m+dp/hard/crt0.o
LOAD build/startup_stm32h750xx.o
LOAD build/MachineDaisyFile.o
LOAD ../../DaisyExamples/libDaisy//build/libdaisy.a
LOAD /Library/DaisyToolchain/0.2.0/arm/bin/../lib/gcc/arm-none-eabi/10.3.1/../../../../arm-none-eabi/lib/thumb/v7e-m+dp/hard/libnosys.a
LOAD ../../DaisyExamples/DaisySP//build/libdaisysp.a
LOAD /Library/DaisyToolchain/0.2.0/arm/bin/../lib/gcc/arm-none-eabi/10.3.1/../../../../arm-none-eabi/lib/thumb/v7e-m+dp/hard/libstdc++_nano.a
LOAD /Library/DaisyToolchain/0.2.0/arm/bin/../lib/gcc/arm-none-eabi/10.3.1/../../../../arm-none-eabi/lib/thumb/v7e-m+dp/hard/libm.a
LOAD /Library/DaisyToolchain/0.2.0/arm/bin/../lib/gcc/arm-none-eabi/10.3.1/../../../../arm-none-eabi/lib/thumb/v7e-m+dp/hard/libc_nano.a
START GROUP
LOAD /Library/DaisyToolchain/0.2.0/arm/bin/../lib/gcc/arm-none-eabi/10.3.1/thumb/v7e-m+dp/hard/libgcc.a
LOAD /Library/DaisyToolchain/0.2.0/arm/bin/../lib/gcc/arm-none-eabi/10.3.1/../../../../arm-none-eabi/lib/thumb/v7e-m+dp/hard/libc_nano.a
END GROUP
START GROUP
LOAD /Library/DaisyToolchain/0.2.0/arm/bin/../lib/gcc/arm-none-eabi/10.3.1/thumb/v7e-m+dp/hard/libgcc.a
LOAD /Library/DaisyToolchain/0.2.0/arm/bin/../lib/gcc/arm-none-eabi/10.3.1/../../../../arm-none-eabi/lib/thumb/v7e-m+dp/hard/libc_nano.a
LOAD /Library/DaisyToolchain/0.2.0/arm/bin/../lib/gcc/arm-none-eabi/10.3.1/../../../../arm-none-eabi/lib/thumb/v7e-m+dp/hard/libnosys.a
END GROUP
START GROUP
LOAD /Library/DaisyToolchain/0.2.0/arm/bin/../lib/gcc/arm-none-eabi/10.3.1/thumb/v7e-m+dp/hard/libgcc.a
LOAD /Library/DaisyToolchain/0.2.0/arm/bin/../lib/gcc/arm-none-eabi/10.3.1/../../../../arm-none-eabi/lib/thumb/v7e-m+dp/hard/libc_nano.a
LOAD /Library/DaisyToolchain/0.2.0/arm/bin/../lib/gcc/arm-none-eabi/10.3.1/../../../../arm-none-eabi/lib/thumb/v7e-m+dp/hard/libnosys.a
END GROUP
LOAD /Library/DaisyToolchain/0.2.0/arm/bin/../lib/gcc/arm-none-eabi/10.3.1/thumb/v7e-m+dp/hard/crtend.o
LOAD /Library/DaisyToolchain/0.2.0/arm/bin/../lib/gcc/arm-none-eabi/10.3.1/thumb/v7e-m+dp/hard/crtn.o
                0x0000000020020000                _estack = 0x20020000

.isr_vector     0x0000000008000000      0x298
                0x0000000008000000                . = ALIGN (0x4)
 *(.isr_vector)
 .isr_vector    0x0000000008000000      0x298 build/startup_stm32h750xx.o
                0x0000000008000000                g_pfnVectors
                0x0000000008000298                . = ALIGN (0x4)

.text           0x00000000080002a0    0x147e0
                0x00000000080002a0                . = ALIGN (0x4)
                0x00000000080002a0                _stext = .
 *(.text)
 .text          0x00000000080002a0       0x40 /Library/DaisyToolchain/0.2.0/arm/bin/../lib/gcc/arm-none-eabi/10.3.1/thumb/v7e-m+dp/hard/crtbegin.o
 .text          0x00000000080002e0       0xa0 /Library/DaisyToolchain/0.2.0/arm/bin/../lib/gcc/arm-none-eabi/10.3.1/../../../../arm-none-eabi/lib/thumb/v7e-m+dp/hard/libc_nano.a(lib_a-memchr.o)
                0x00000000080002e0                memchr
 .text          0x0000000008000380      0x378 /Library/DaisyToolchain/0.2.0/arm/bin/../lib/gcc/arm-none-eabi/10.3.1/thumb/v7e-m+dp/hard/libgcc.a(_arm_addsubdf3.o)
                0x0000000008000380                __aeabi_drsub
                0x0000000008000388                __subdf3
                0x0000000008000388                __aeabi_dsub
                0x000000000800038c                __aeabi_dadd
                0x000000000800038c                __adddf3
                0x0000000008000604                __aeabi_ui2d
                0x0000000008000604                __floatunsidf
                0x0000000008000624                __floatsidf
                0x0000000008000624                __aeabi_i2d
                0x0000000008000648                __extendsfdf2
                0x0000000008000648                __aeabi_f2d
                0x000000000800068c                __aeabi_ul2d
                0x000000000800068c                __floatundidf
                0x000000000800069c                __aeabi_l2d
                0x000000000800069c                __floatdidf
 .text          0x00000000080006f8       0x30 /Library/DaisyToolchain/0.2.0/arm/bin/../lib/gcc/arm-none-eabi/10.3.1/thumb/v7e-m+dp/hard/libgcc.a(_aeabi_uldivmod.o)
                0x00000000080006f8                __aeabi_uldivmod
 .text          0x0000000008000728      0x2d0 /Library/DaisyToolchain/0.2.0/arm/bin/../lib/gcc/arm-none-eabi/10.3.1/thumb/v7e-m+dp/hard/libgcc.a(_udivmoddi4.o)
                0x0000000008000728                __udivmoddi4
 .text          0x00000000080009f8        0x4 /Library/DaisyToolchain/0.2.0/arm/bin/../lib/gcc/arm-none-eabi/10.3.1/thumb/v7e-m+dp/hard/libgcc.a(_dvmd_tls.o)
                0x00000000080009f8                __aeabi_ldiv0
                0x00000000080009f8                __aeabi_idiv0
 *(.text*)
 .text.Default_Handler
                0x00000000080009fc        0x4 build/startup_stm32h750xx.o
                0x00000000080009fc                SAI1_IRQHandler
                0x00000000080009fc                HASH_RNG_IRQHandler
                0x00000000080009fc                EXTI2_IRQHandler
                0x00000000080009fc                TIM8_CC_IRQHandler
                0x00000000080009fc                HRTIM1_Master_IRQHandler
                0x00000000080009fc                DebugMon_Handler
                0x00000000080009fc                TIM1_CC_IRQHandler
                0x00000000080009fc                BDMA_Channel6_IRQHandler
                0x00000000080009fc                DMA2_Stream5_IRQHandler
                0x00000000080009fc                HRTIM1_FLT_IRQHandler
                0x00000000080009fc                JPEG_IRQHandler
                0x00000000080009fc                BDMA_Channel1_IRQHandler
                0x00000000080009fc                HRTIM1_TIMD_IRQHandler
                0x00000000080009fc                TAMP_STAMP_IRQHandler
                0x00000000080009fc                PendSV_Handler
                0x00000000080009fc                NMI_Handler
                0x00000000080009fc                EXTI3_IRQHandler
                0x00000000080009fc                LPTIM4_IRQHandler
                0x00000000080009fc                TIM8_TRG_COM_TIM14_IRQHandler
                0x00000000080009fc                LPTIM2_IRQHandler
                0x00000000080009fc                DFSDM1_FLT1_IRQHandler
                0x00000000080009fc                DMAMUX2_OVR_IRQHandler
                0x00000000080009fc                TIM8_UP_TIM13_IRQHandler
                0x00000000080009fc                I2C3_ER_IRQHandler
                0x00000000080009fc                DFSDM1_FLT2_IRQHandler
                0x00000000080009fc                MDMA_IRQHandler
                0x00000000080009fc                LPTIM3_IRQHandler
                0x00000000080009fc                HSEM1_IRQHandler
                0x00000000080009fc                EXTI0_IRQHandler
                0x00000000080009fc                FPU_IRQHandler
                0x00000000080009fc                OTG_HS_WKUP_IRQHandler
                0x00000000080009fc                FDCAN1_IT1_IRQHandler
                0x00000000080009fc                UsageFault_Handler
                0x00000000080009fc                LTDC_ER_IRQHandler
                0x00000000080009fc                HRTIM1_TIME_IRQHandler
                0x00000000080009fc                TIM6_DAC_IRQHandler
                0x00000000080009fc                DCMI_IRQHandler
                0x00000000080009fc                HRTIM1_TIMC_IRQHandler
                0x00000000080009fc                SAI2_IRQHandler
                0x00000000080009fc                DFSDM1_FLT3_IRQHandler
                0x00000000080009fc                TIM17_IRQHandler
                0x00000000080009fc                CRYP_IRQHandler
                0x00000000080009fc                BDMA_Channel7_IRQHandler
                0x00000000080009fc                LPTIM5_IRQHandler
                0x00000000080009fc                ADC3_IRQHandler
                0x00000000080009fc                DMA2_Stream0_IRQHandler
                0x00000000080009fc                BDMA_Channel2_IRQHandler
                0x00000000080009fc                DMAMUX1_OVR_IRQHandler
                0x00000000080009fc                TIM16_IRQHandler
                0x00000000080009fc                BDMA_Channel5_IRQHandler
                0x00000000080009fc                RCC_IRQHandler
                0x00000000080009fc                TIM8_BRK_TIM12_IRQHandler
                0x00000000080009fc                TIM1_TRG_COM_IRQHandler
                0x00000000080009fc                Default_Handler
                0x00000000080009fc                ECC_IRQHandler
                0x00000000080009fc                CEC_IRQHandler
                0x00000000080009fc                EXTI15_10_IRQHandler
                0x00000000080009fc                BDMA_Channel0_IRQHandler
                0x00000000080009fc                ADC_IRQHandler
                0x00000000080009fc                DMA1_Stream7_IRQHandler
                0x00000000080009fc                HRTIM1_TIMA_IRQHandler
                0x00000000080009fc                TIM7_IRQHandler
                0x00000000080009fc                SDMMC1_IRQHandler
                0x00000000080009fc                DMA2_Stream7_IRQHandler
                0x00000000080009fc                TIM15_IRQHandler
                0x00000000080009fc                PVD_AVD_IRQHandler
                0x00000000080009fc                EXTI9_5_IRQHandler
                0x00000000080009fc                RTC_WKUP_IRQHandler
                0x00000000080009fc                LTDC_IRQHandler
                0x00000000080009fc                SAI3_IRQHandler
                0x00000000080009fc                ETH_WKUP_IRQHandler
                0x00000000080009fc                SPDIF_RX_IRQHandler
                0x00000000080009fc                MemManage_Handler
                0x00000000080009fc                SVC_Handler
                0x00000000080009fc                CRS_IRQHandler
                0x00000000080009fc                EXTI4_IRQHandler
                0x00000000080009fc                HRTIM1_TIMB_IRQHandler
                0x00000000080009fc                FDCAN2_IT1_IRQHandler
                0x00000000080009fc                ETH_IRQHandler
                0x00000000080009fc                TIM1_UP_IRQHandler
                0x00000000080009fc                BDMA_Channel4_IRQHandler
                0x00000000080009fc                WWDG_IRQHandler
                0x00000000080009fc                SPI6_IRQHandler
                0x00000000080009fc                I2C4_EV_IRQHandler
                0x00000000080009fc                MDIOS_IRQHandler
                0x00000000080009fc                FDCAN2_IT0_IRQHandler
                0x00000000080009fc                FDCAN1_IT0_IRQHandler
                0x00000000080009fc                OTG_FS_WKUP_IRQHandler
                0x00000000080009fc                DMA2D_IRQHandler
                0x00000000080009fc                TIM1_BRK_IRQHandler
                0x00000000080009fc                EXTI1_IRQHandler
                0x00000000080009fc                SDMMC2_IRQHandler
                0x00000000080009fc                OTG_FS_EP1_OUT_IRQHandler
                0x00000000080009fc                BDMA_Channel3_IRQHandler
                0x00000000080009fc                MDIOS_WKUP_IRQHandler
                0x00000000080009fc                DFSDM1_FLT0_IRQHandler
                0x00000000080009fc                SAI4_IRQHandler
                0x00000000080009fc                I2C2_ER_IRQHandler
                0x00000000080009fc                DMA2_Stream1_IRQHandler
                0x00000000080009fc                FLASH_IRQHandler
                0x00000000080009fc                BusFault_Handler
                0x00000000080009fc                OTG_FS_IRQHandler
                0x00000000080009fc                WAKEUP_PIN_IRQHandler
                0x00000000080009fc                OTG_FS_EP1_IN_IRQHandler
                0x00000000080009fc                I2C1_ER_IRQHandler
                0x00000000080009fc                FMC_IRQHandler
                0x00000000080009fc                FDCAN_CAL_IRQHandler
                0x00000000080009fc                SWPMI1_IRQHandler
                0x00000000080009fc                COMP1_IRQHandler
                0x00000000080009fc                LPTIM1_IRQHandler
                0x00000000080009fc                I2C4_ER_IRQHandler
                0x00000000080009fc                DMA2_Stream6_IRQHandler
                0x00000000080009fc                RTC_Alarm_IRQHandler
 .text.Reset_Handler
                0x0000000008000a00       0x44 build/startup_stm32h750xx.o
                0x0000000008000a00                Reset_Handler
 .text._ZN5daisy13AnalogControlD2Ev
                0x0000000008000a44        0x4 build/MachineDaisyFile.o
                0x0000000008000a44                daisy::AnalogControl::~AnalogControl()
                0x0000000008000a44                daisy::AnalogControl::~AnalogControl()
 .text._ZN5daisy9DaisySeedD2Ev
                0x0000000008000a48        0x4 build/MachineDaisyFile.o
                0x0000000008000a48                daisy::DaisySeed::~DaisySeed()
                0x0000000008000a48                daisy::DaisySeed::~DaisySeed()
 .text._ZN7daisysp14AnalogBassDrumD2Ev
                0x0000000008000a4c        0x4 build/MachineDaisyFile.o
                0x0000000008000a4c                daisysp::AnalogBassDrum::~AnalogBassDrum()
                0x0000000008000a4c                daisysp::AnalogBassDrum::~AnalogBassDrum()
 .text._ZN7daisysp15AnalogSnareDrumD2Ev
                0x0000000008000a50        0x4 build/MachineDaisyFile.o
                0x0000000008000a50                daisysp::AnalogSnareDrum::~AnalogSnareDrum()
                0x0000000008000a50                daisysp::AnalogSnareDrum::~AnalogSnareDrum()
 .text._ZN7daisysp22SyntheticBassDrumClickD2Ev
                0x0000000008000a54        0x4 build/MachineDaisyFile.o
                0x0000000008000a54                daisysp::SyntheticBassDrumClick::~SyntheticBassDrumClick()
                0x0000000008000a54                daisysp::SyntheticBassDrumClick::~SyntheticBassDrumClick()
 .text._ZN7daisysp5HiHatINS_11SquareNoiseENS_9LinearVCAELb1EED2Ev
                0x0000000008000a58        0x4 build/MachineDaisyFile.o
                0x0000000008000a58                daisysp::HiHat<daisysp::SquareNoise, daisysp::LinearVCA, true>::~HiHat()
                0x0000000008000a58                daisysp::HiHat<daisysp::SquareNoise, daisysp::LinearVCA, true>::~HiHat()
 *fill*         0x0000000008000a5c        0x4 
 .text._Z9initDrumsv
                0x0000000008000a60      0x114 build/MachineDaisyFile.o
                0x0000000008000a60                initDrums()
 .text._Z12initControlsv
                0x0000000008000b74       0x3c build/MachineDaisyFile.o
                0x0000000008000b74                initControls()
 .text.startup.main
                0x0000000008000bb0       0x38 build/MachineDaisyFile.o
                0x0000000008000bb0                main
 .text._ZN7daisysp5HiHatINS_11SquareNoiseENS_9LinearVCAELb1EE7ProcessEb
                0x0000000008000be8      0x23c build/MachineDaisyFile.o
                0x0000000008000be8                daisysp::HiHat<daisysp::SquareNoise, daisysp::LinearVCA, true>::Process(bool)
 .text._Z14buttonsToAudioRfS_
                0x0000000008000e24      0x178 build/MachineDaisyFile.o
                0x0000000008000e24                buttonsToAudio(float&, float&)
 .text._Z13AudioCallbackPKPKfPPfj
                0x0000000008000f9c       0x3c build/MachineDaisyFile.o
                0x0000000008000f9c                AudioCallback(float const* const*, float**, unsigned int)
 .text.startup._GLOBAL__sub_I_hw
                0x0000000008000fd8       0x80 build/MachineDaisyFile.o
 .text._ZN5daisy9DaisySeed10StartAudioEPFvPKPKfPPfjE
                0x0000000008001058        0x8 ../../DaisyExamples/libDaisy//build/libdaisy.a(daisy_seed.o)
                0x0000000008001058                daisy::DaisySeed::StartAudio(void (*)(float const* const*, float**, unsigned int))
 .text._ZN5daisy9DaisySeed18SetAudioSampleRateENS_9SaiHandle6Config10SampleRateE
                0x0000000008001060       0x38 ../../DaisyExamples/libDaisy//build/libdaisy.a(daisy_seed.o)
                0x0000000008001060                daisy::DaisySeed::SetAudioSampleRate(daisy::SaiHandle::Config::SampleRate)
 .text._ZN5daisy9DaisySeed15AudioSampleRateEv
                0x0000000008001098        0x8 ../../DaisyExamples/libDaisy//build/libdaisy.a(daisy_seed.o)
                0x0000000008001098                daisy::DaisySeed::AudioSampleRate()
 .text._ZN5daisy9DaisySeed17SetAudioBlockSizeEj
                0x00000000080010a0       0x38 ../../DaisyExamples/libDaisy//build/libdaisy.a(daisy_seed.o)
                0x00000000080010a0                daisy::DaisySeed::SetAudioBlockSize(unsigned int)
 .text._ZN5daisy9DaisySeed6SetLedEb
                0x00000000080010d8        0x8 ../../DaisyExamples/libDaisy//build/libdaisy.a(daisy_seed.o)
                0x00000000080010d8                daisy::DaisySeed::SetLed(bool)
 .text._ZN5daisy9DaisySeed14ConfigureAudioEv
                0x00000000080010e0       0xd0 ../../DaisyExamples/libDaisy//build/libdaisy.a(daisy_seed.o)
                0x00000000080010e0                daisy::DaisySeed::ConfigureAudio()
 .text._ZN5daisy9DaisySeed4InitEb
                0x00000000080011b0       0xf0 ../../DaisyExamples/libDaisy//build/libdaisy.a(daisy_seed.o)
                0x00000000080011b0                daisy::DaisySeed::Init(bool)
 .text._ZN5daisy6Ak45564InitE12dsy_gpio_pin
                0x00000000080012a0       0x44 ../../DaisyExamples/libDaisy//build/libdaisy.a(codec_ak4556.o)
                0x00000000080012a0                daisy::Ak4556::Init(dsy_gpio_pin)
 .text._ZN5daisy6Wm873120WriteControlRegisterEht
                0x00000000080012e4       0x3c ../../DaisyExamples/libDaisy//build/libdaisy.a(codec_wm8731.o)
                0x00000000080012e4                daisy::Wm8731::WriteControlRegister(unsigned char, unsigned short)
 .text._ZN5daisy6Wm87314InitERKNS0_6ConfigENS_9I2CHandleE
                0x0000000008001320      0x1bc ../../DaisyExamples/libDaisy//build/libdaisy.a(codec_wm8731.o)
                0x0000000008001320                daisy::Wm8731::Init(daisy::Wm8731::Config const&, daisy::I2CHandle)
 .text._ZN11SdramHandle10DeviceInitEv
                0x00000000080014dc       0x98 ../../DaisyExamples/libDaisy//build/libdaisy.a(sdram.o)
                0x00000000080014dc                SdramHandle::DeviceInit()
 .text._ZN11SdramHandle4InitEv
                0x0000000008001574       0x7c ../../DaisyExamples/libDaisy//build/libdaisy.a(sdram.o)
                0x0000000008001574                SdramHandle::Init()
 .text.HAL_SDRAM_MspInit
                0x00000000080015f0      0x1a8 ../../DaisyExamples/libDaisy//build/libdaisy.a(sdram.o)
                0x00000000080015f0                HAL_SDRAM_MspInit
 .text._ZN5daisy11AudioHandle4Impl16InternalCallbackEPlS2_j
                0x0000000008001798      0xbbc ../../DaisyExamples/libDaisy//build/libdaisy.a(audio.o)
                0x0000000008001798                daisy::AudioHandle::Impl::InternalCallback(long*, long*, unsigned int)
 .text._ZN5daisy11AudioHandle4InitERKNS0_6ConfigENS_9SaiHandleE
                0x0000000008002354       0x70 ../../DaisyExamples/libDaisy//build/libdaisy.a(audio.o)
                0x0000000008002354                daisy::AudioHandle::Init(daisy::AudioHandle::Config const&, daisy::SaiHandle)
 .text._ZNK5daisy11AudioHandle9GetConfigEv
                0x00000000080023c4        0x8 ../../DaisyExamples/libDaisy//build/libdaisy.a(audio.o)
                0x00000000080023c4                daisy::AudioHandle::GetConfig() const
 .text._ZN5daisy11AudioHandle12SetBlockSizeEj
                0x00000000080023cc       0x1c ../../DaisyExamples/libDaisy//build/libdaisy.a(audio.o)
                0x00000000080023cc                daisy::AudioHandle::SetBlockSize(unsigned int)
 .text._ZN5daisy11AudioHandle13GetSampleRateEv
                0x00000000080023e8        0x8 ../../DaisyExamples/libDaisy//build/libdaisy.a(audio.o)
                0x00000000080023e8                daisy::AudioHandle::GetSampleRate()
 .text._ZN5daisy11AudioHandle13SetSampleRateENS_9SaiHandle6Config10SampleRateE
                0x00000000080023f0       0x88 ../../DaisyExamples/libDaisy//build/libdaisy.a(audio.o)
                0x00000000080023f0                daisy::AudioHandle::SetSampleRate(daisy::SaiHandle::Config::SampleRate)
 .text._ZN5daisy11AudioHandle5StartEPFvPKPKfPPfjE
                0x0000000008002478       0x44 ../../DaisyExamples/libDaisy//build/libdaisy.a(audio.o)
                0x0000000008002478                daisy::AudioHandle::Start(void (*)(float const* const*, float**, unsigned int))
 .text.startup._GLOBAL__sub_I__ZN5daisy11AudioHandle4Impl4InitENS0_6ConfigENS_9SaiHandleE
                0x00000000080024bc       0x24 ../../DaisyExamples/libDaisy//build/libdaisy.a(audio.o)
 .text._ZN5daisy13AnalogControl7ProcessEv
                0x00000000080024e0       0x48 ../../DaisyExamples/libDaisy//build/libdaisy.a(ctrl.o)
                0x00000000080024e0                daisy::AnalogControl::Process()
 .text._ZN5daisy16AdcChannelConfig10InitSingleE12dsy_gpio_pin
                0x0000000008002528       0x1c ../../DaisyExamples/libDaisy//build/libdaisy.a(adc.o)
                0x0000000008002528                daisy::AdcChannelConfig::InitSingle(dsy_gpio_pin)
 .text._ZN5daisy9AdcHandle4InitEPNS_16AdcChannelConfigEjNS0_12OverSamplingE
                0x0000000008002544      0x3c8 ../../DaisyExamples/libDaisy//build/libdaisy.a(adc.o)
                0x0000000008002544                daisy::AdcHandle::Init(daisy::AdcChannelConfig*, unsigned int, daisy::AdcHandle::OverSampling)
 .text._ZN5daisy9AdcHandle5StartEv
                0x000000000800290c       0x2c ../../DaisyExamples/libDaisy//build/libdaisy.a(adc.o)
                0x000000000800290c                daisy::AdcHandle::Start()
 .text.HAL_ADC_MspInit
                0x0000000008002938       0x98 ../../DaisyExamples/libDaisy//build/libdaisy.a(adc.o)
                0x0000000008002938                HAL_ADC_MspInit
 .text.DMA1_Stream2_IRQHandler
                0x00000000080029d0        0xc ../../DaisyExamples/libDaisy//build/libdaisy.a(adc.o)
                0x00000000080029d0                DMA1_Stream2_IRQHandler
 .text.HAL_ADC_ConvCpltCallback
                0x00000000080029dc      0x148 ../../DaisyExamples/libDaisy//build/libdaisy.a(adc.o)
                0x00000000080029dc                HAL_ADC_ConvCpltCallback
 .text.HAL_ADC_ErrorCallback
                0x0000000008002b24        0x4 ../../DaisyExamples/libDaisy//build/libdaisy.a(adc.o)
                0x0000000008002b24                HAL_ADC_ErrorCallback
 .text.dsy_gpio_init
                0x0000000008002b28      0x1b8 ../../DaisyExamples/libDaisy//build/libdaisy.a(gpio.o)
                0x0000000008002b28                dsy_gpio_init
 .text.dsy_gpio_read
                0x0000000008002ce0       0x1c ../../DaisyExamples/libDaisy//build/libdaisy.a(gpio.o)
                0x0000000008002ce0                dsy_gpio_read
 .text.dsy_gpio_write
                0x0000000008002cfc       0x24 ../../DaisyExamples/libDaisy//build/libdaisy.a(gpio.o)
                0x0000000008002cfc                dsy_gpio_write
 .text._ZN5daisy9I2CHandle4Impl8InitPinsEv
                0x0000000008002d20       0x58 ../../DaisyExamples/libDaisy//build/libdaisy.a(i2c.o)
                0x0000000008002d20                daisy::I2CHandle::Impl::InitPins()
 .text.HAL_I2C_MspInit
                0x0000000008002d78      0x1b4 ../../DaisyExamples/libDaisy//build/libdaisy.a(i2c.o)
                0x0000000008002d78                HAL_I2C_MspInit
 .text.dsy_i2c_global_init
                0x0000000008002f2c       0x78 ../../DaisyExamples/libDaisy//build/libdaisy.a(i2c.o)
                0x0000000008002f2c                dsy_i2c_global_init
 .text.DMA1_Stream6_IRQHandler
                0x0000000008002fa4       0x34 ../../DaisyExamples/libDaisy//build/libdaisy.a(i2c.o)
                0x0000000008002fa4                DMA1_Stream6_IRQHandler
 .text.I2C1_EV_IRQHandler
                0x0000000008002fd8        0xc ../../DaisyExamples/libDaisy//build/libdaisy.a(i2c.o)
                0x0000000008002fd8                I2C1_EV_IRQHandler
 .text.I2C2_EV_IRQHandler
                0x0000000008002fe4        0xc ../../DaisyExamples/libDaisy//build/libdaisy.a(i2c.o)
                0x0000000008002fe4                I2C2_EV_IRQHandler
 .text.I2C3_EV_IRQHandler
                0x0000000008002ff0        0xc ../../DaisyExamples/libDaisy//build/libdaisy.a(i2c.o)
                0x0000000008002ff0                I2C3_EV_IRQHandler
 .text._ZN5daisy9I2CHandle4InitERKNS0_6ConfigE
                0x0000000008002ffc      0x12c ../../DaisyExamples/libDaisy//build/libdaisy.a(i2c.o)
                0x0000000008002ffc                daisy::I2CHandle::Init(daisy::I2CHandle::Config const&)
 .text._ZN5daisy9I2CHandle16TransmitBlockingEtPhtm
                0x0000000008003128       0x50 ../../DaisyExamples/libDaisy//build/libdaisy.a(i2c.o)
                0x0000000008003128                daisy::I2CHandle::TransmitBlocking(unsigned short, unsigned char*, unsigned short, unsigned long)
 .text.startup._GLOBAL__sub_I__ZN5daisy9I2CHandle4Impl10GlobalInitEv
                0x0000000008003178       0x18 ../../DaisyExamples/libDaisy//build/libdaisy.a(i2c.o)
 .text._ZN5daisy10QSPIHandle4Impl11WriteEnableEv
                0x0000000008003190       0x8c ../../DaisyExamples/libDaisy//build/libdaisy.a(qspi.o)
                0x0000000008003190                daisy::QSPIHandle::Impl::WriteEnable()
 *fill*         0x000000000800321c        0x4 
 .text._ZN5daisy10QSPIHandle4Impl17DummyCyclesConfigENS0_6Config6DeviceE
                0x0000000008003220      0x118 ../../DaisyExamples/libDaisy//build/libdaisy.a(qspi.o)
                0x0000000008003220                daisy::QSPIHandle::Impl::DummyCyclesConfig(daisy::QSPIHandle::Config::Device)
 .text._ZN5daisy10QSPIHandle4Impl10QuadEnableEv
                0x0000000008003338      0x158 ../../DaisyExamples/libDaisy//build/libdaisy.a(qspi.o)
                0x0000000008003338                daisy::QSPIHandle::Impl::QuadEnable()
 .text._ZN5daisy10QSPIHandle4InitERKNS0_6ConfigE
                0x0000000008003490      0x198 ../../DaisyExamples/libDaisy//build/libdaisy.a(qspi.o)
                0x0000000008003490                daisy::QSPIHandle::Init(daisy::QSPIHandle::Config const&)
 .text.HAL_QSPI_MspInit
                0x0000000008003628      0x11c ../../DaisyExamples/libDaisy//build/libdaisy.a(qspi.o)
                0x0000000008003628                HAL_QSPI_MspInit
 .text.HAL_QSPI_MspDeInit
                0x0000000008003744       0x54 ../../DaisyExamples/libDaisy//build/libdaisy.a(qspi.o)
                0x0000000008003744                HAL_QSPI_MspDeInit
 .text.QUADSPI_IRQHandler
                0x0000000008003798        0xc ../../DaisyExamples/libDaisy//build/libdaisy.a(qspi.o)
                0x0000000008003798                QUADSPI_IRQHandler
 .text.startup._GLOBAL__sub_I__ZN5daisy10QSPIHandle4Impl4InitERKNS0_6ConfigE
                0x00000000080037a4       0x28 ../../DaisyExamples/libDaisy//build/libdaisy.a(qspi.o)
 .text._ZN5daisy9SaiHandle4Impl7InitDmaENS1_15PeripheralBlockE
                0x00000000080037cc       0xa0 ../../DaisyExamples/libDaisy//build/libdaisy.a(sai.o)
                0x00000000080037cc                daisy::SaiHandle::Impl::InitDma(daisy::SaiHandle::Impl::PeripheralBlock)
 .text._ZN5daisy9SaiHandle4Impl8InitPinsEv
                0x000000000800386c       0xa8 ../../DaisyExamples/libDaisy//build/libdaisy.a(sai.o)
                0x000000000800386c                daisy::SaiHandle::Impl::InitPins()
 .text.HAL_SAI_MspInit
                0x0000000008003914      0x164 ../../DaisyExamples/libDaisy//build/libdaisy.a(sai.o)
                0x0000000008003914                HAL_SAI_MspInit
 .text.DMA1_Stream0_IRQHandler
                0x0000000008003a78        0xc ../../DaisyExamples/libDaisy//build/libdaisy.a(sai.o)
                0x0000000008003a78                DMA1_Stream0_IRQHandler
 .text.DMA1_Stream1_IRQHandler
                0x0000000008003a84        0xc ../../DaisyExamples/libDaisy//build/libdaisy.a(sai.o)
                0x0000000008003a84                DMA1_Stream1_IRQHandler
 .text.DMA1_Stream3_IRQHandler
                0x0000000008003a90        0xc ../../DaisyExamples/libDaisy//build/libdaisy.a(sai.o)
                0x0000000008003a90                DMA1_Stream3_IRQHandler
 .text.DMA1_Stream4_IRQHandler
                0x0000000008003a9c        0xc ../../DaisyExamples/libDaisy//build/libdaisy.a(sai.o)
                0x0000000008003a9c                DMA1_Stream4_IRQHandler
 .text.HAL_SAI_RxHalfCpltCallback
                0x0000000008003aa8       0x78 ../../DaisyExamples/libDaisy//build/libdaisy.a(sai.o)
                0x0000000008003aa8                HAL_SAI_RxHalfCpltCallback
 .text.HAL_SAI_RxCpltCallback
                0x0000000008003b20       0x70 ../../DaisyExamples/libDaisy//build/libdaisy.a(sai.o)
                0x0000000008003b20                HAL_SAI_RxCpltCallback
 .text._ZN5daisy9SaiHandle4InitERKNS0_6ConfigE
                0x0000000008003b90      0x1f0 ../../DaisyExamples/libDaisy//build/libdaisy.a(sai.o)
                0x0000000008003b90                daisy::SaiHandle::Init(daisy::SaiHandle::Config const&)
 .text._ZNK5daisy9SaiHandle9GetConfigEv
                0x0000000008003d80        0x4 ../../DaisyExamples/libDaisy//build/libdaisy.a(sai.o)
                0x0000000008003d80                daisy::SaiHandle::GetConfig() const
 .text._ZN5daisy9SaiHandle8StartDmaEPlS1_jPFvS1_S1_jE
                0x0000000008003d84       0xbc ../../DaisyExamples/libDaisy//build/libdaisy.a(sai.o)
                0x0000000008003d84                daisy::SaiHandle::StartDma(long*, long*, unsigned int, void (*)(long*, long*, unsigned int))
 .text._ZN5daisy9SaiHandle13GetSampleRateEv
                0x0000000008003e40       0x24 ../../DaisyExamples/libDaisy//build/libdaisy.a(sai.o)
                0x0000000008003e40                daisy::SaiHandle::GetSampleRate()
 .text._ZNK5daisy9SaiHandle9GetOffsetEv
                0x0000000008003e64        0x8 ../../DaisyExamples/libDaisy//build/libdaisy.a(sai.o)
                0x0000000008003e64                daisy::SaiHandle::GetOffset() const
 .text._ZN5daisy11TimerHandleD2Ev
                0x0000000008003e6c        0x4 ../../DaisyExamples/libDaisy//build/libdaisy.a(system.o)
                0x0000000008003e6c                daisy::TimerHandle::~TimerHandle()
                0x0000000008003e6c                daisy::TimerHandle::~TimerHandle()
 .text.SysTick_Handler
                0x0000000008003e70       0x10 ../../DaisyExamples/libDaisy//build/libdaisy.a(system.o)
                0x0000000008003e70                SysTick_Handler
 .text.OTG_HS_EP1_OUT_IRQHandler
                0x0000000008003e80       0x24 ../../DaisyExamples/libDaisy//build/libdaisy.a(system.o)
                0x0000000008003e80                OTG_HS_EP1_OUT_IRQHandler
 .text.OTG_HS_EP1_IN_IRQHandler
                0x0000000008003ea4       0x24 ../../DaisyExamples/libDaisy//build/libdaisy.a(system.o)
                0x0000000008003ea4                OTG_HS_EP1_IN_IRQHandler
 .text.OTG_HS_IRQHandler
                0x0000000008003ec8       0x24 ../../DaisyExamples/libDaisy//build/libdaisy.a(system.o)
                0x0000000008003ec8                OTG_HS_IRQHandler
 .text.HardFault_Handler
                0x0000000008003eec       0xe0 ../../DaisyExamples/libDaisy//build/libdaisy.a(system.o)
                0x0000000008003eec                HardFault_Handler
 .text._ZN5daisy6System5DelayEm
                0x0000000008003fcc        0x4 ../../DaisyExamples/libDaisy//build/libdaisy.a(system.o)
                0x0000000008003fcc                daisy::System::Delay(unsigned long)
 .text._ZN5daisy6System15ConfigureClocksEv
                0x0000000008003fd0      0x194 ../../DaisyExamples/libDaisy//build/libdaisy.a(system.o)
                0x0000000008003fd0                daisy::System::ConfigureClocks()
 .text._ZN5daisy6System4InitERKNS0_6ConfigE
                0x0000000008004164      0x140 ../../DaisyExamples/libDaisy//build/libdaisy.a(system.o)
                0x0000000008004164                daisy::System::Init(daisy::System::Config const&)
 .text._ZN5daisy6System12GetPClk1FreqEv
                0x00000000080042a4        0x4 ../../DaisyExamples/libDaisy//build/libdaisy.a(system.o)
                0x00000000080042a4                daisy::System::GetPClk1Freq()
 .text._ZN5daisy6System22GetProgramMemoryRegionEv
                0x00000000080042a8       0x78 ../../DaisyExamples/libDaisy//build/libdaisy.a(system.o)
                0x00000000080042a8                daisy::System::GetProgramMemoryRegion()
 .text.startup._GLOBAL__sub_I_SysTick_Handler
                0x0000000008004320       0x1c ../../DaisyExamples/libDaisy//build/libdaisy.a(system.o)
 .text.SystemInit
                0x000000000800433c       0x9c ../../DaisyExamples/libDaisy//build/libdaisy.a(system_stm32h7xx.o)
                0x000000000800433c                SystemInit
 .text.HAL_PCD_SetupStageCallback
                0x00000000080043d8        0xc ../../DaisyExamples/libDaisy//build/libdaisy.a(usbd_conf.o)
                0x00000000080043d8                HAL_PCD_SetupStageCallback
 .text.HAL_PCD_DataOutStageCallback
                0x00000000080043e4       0x14 ../../DaisyExamples/libDaisy//build/libdaisy.a(usbd_conf.o)
                0x00000000080043e4                HAL_PCD_DataOutStageCallback
 .text.HAL_PCD_DataInStageCallback
                0x00000000080043f8       0x14 ../../DaisyExamples/libDaisy//build/libdaisy.a(usbd_conf.o)
                0x00000000080043f8                HAL_PCD_DataInStageCallback
 .text.HAL_PCD_SOFCallback
                0x000000000800440c        0x8 ../../DaisyExamples/libDaisy//build/libdaisy.a(usbd_conf.o)
                0x000000000800440c                HAL_PCD_SOFCallback
 .text.HAL_PCD_ResetCallback
                0x0000000008004414       0x24 ../../DaisyExamples/libDaisy//build/libdaisy.a(usbd_conf.o)
                0x0000000008004414                HAL_PCD_ResetCallback
 .text.HAL_PCD_SuspendCallback
                0x0000000008004438       0x30 ../../DaisyExamples/libDaisy//build/libdaisy.a(usbd_conf.o)
                0x0000000008004438                HAL_PCD_SuspendCallback
 .text.HAL_PCD_ResumeCallback
                0x0000000008004468        0x8 ../../DaisyExamples/libDaisy//build/libdaisy.a(usbd_conf.o)
                0x0000000008004468                HAL_PCD_ResumeCallback
 .text.HAL_PCD_ISOOUTIncompleteCallback
                0x0000000008004470        0x8 ../../DaisyExamples/libDaisy//build/libdaisy.a(usbd_conf.o)
                0x0000000008004470                HAL_PCD_ISOOUTIncompleteCallback
 .text.HAL_PCD_ISOINIncompleteCallback
                0x0000000008004478        0x8 ../../DaisyExamples/libDaisy//build/libdaisy.a(usbd_conf.o)
                0x0000000008004478                HAL_PCD_ISOINIncompleteCallback
 .text.HAL_PCD_ConnectCallback
                0x0000000008004480        0x8 ../../DaisyExamples/libDaisy//build/libdaisy.a(usbd_conf.o)
                0x0000000008004480                HAL_PCD_ConnectCallback
 .text.HAL_PCD_DisconnectCallback
                0x0000000008004488        0x8 ../../DaisyExamples/libDaisy//build/libdaisy.a(usbd_conf.o)
                0x0000000008004488                HAL_PCD_DisconnectCallback
 .text.USBD_LL_OpenEP
                0x0000000008004490       0x24 ../../DaisyExamples/libDaisy//build/libdaisy.a(usbd_conf.o)
                0x0000000008004490                USBD_LL_OpenEP
 .text.USBD_LL_StallEP
                0x00000000080044b4       0x1c ../../DaisyExamples/libDaisy//build/libdaisy.a(usbd_conf.o)
                0x00000000080044b4                USBD_LL_StallEP
 .text.USBD_LL_ClearStallEP
                0x00000000080044d0       0x1c ../../DaisyExamples/libDaisy//build/libdaisy.a(usbd_conf.o)
                0x00000000080044d0                USBD_LL_ClearStallEP
 .text.USBD_LL_IsStallEP
                0x00000000080044ec       0x28 ../../DaisyExamples/libDaisy//build/libdaisy.a(usbd_conf.o)
                0x00000000080044ec                USBD_LL_IsStallEP
 .text.USBD_LL_SetUSBAddress
                0x0000000008004514       0x1c ../../DaisyExamples/libDaisy//build/libdaisy.a(usbd_conf.o)
                0x0000000008004514                USBD_LL_SetUSBAddress
 .text.USBD_LL_Transmit
                0x0000000008004530       0x1c ../../DaisyExamples/libDaisy//build/libdaisy.a(usbd_conf.o)
                0x0000000008004530                USBD_LL_Transmit
 .text.USBD_LL_PrepareReceive
                0x000000000800454c       0x1c ../../DaisyExamples/libDaisy//build/libdaisy.a(usbd_conf.o)
                0x000000000800454c                USBD_LL_PrepareReceive
 .text.HAL_HCD_SOF_Callback
                0x0000000008004568        0x8 ../../DaisyExamples/libDaisy//build/libdaisy.a(usbh_conf.o)
                0x0000000008004568                HAL_HCD_SOF_Callback
 .text.HAL_HCD_Connect_Callback
                0x0000000008004570        0x8 ../../DaisyExamples/libDaisy//build/libdaisy.a(usbh_conf.o)
                0x0000000008004570                HAL_HCD_Connect_Callback
 .text.HAL_HCD_Disconnect_Callback
                0x0000000008004578        0x8 ../../DaisyExamples/libDaisy//build/libdaisy.a(usbh_conf.o)
                0x0000000008004578                HAL_HCD_Disconnect_Callback
 .text.HAL_HCD_HC_NotifyURBChange_Callback
                0x0000000008004580        0x4 ../../DaisyExamples/libDaisy//build/libdaisy.a(usbh_conf.o)
                0x0000000008004580                HAL_HCD_HC_NotifyURBChange_Callback
 .text.HAL_HCD_PortEnabled_Callback
                0x0000000008004584        0x8 ../../DaisyExamples/libDaisy//build/libdaisy.a(usbh_conf.o)
                0x0000000008004584                HAL_HCD_PortEnabled_Callback
 .text.HAL_HCD_PortDisabled_Callback
                0x000000000800458c        0x8 ../../DaisyExamples/libDaisy//build/libdaisy.a(usbh_conf.o)
                0x000000000800458c                HAL_HCD_PortDisabled_Callback
 .text.USBH_LL_Stop
                0x0000000008004594       0x1c ../../DaisyExamples/libDaisy//build/libdaisy.a(usbh_conf.o)
                0x0000000008004594                USBH_LL_Stop
 .text.dsy_hal_map_get_port
                0x00000000080045b0       0x10 ../../DaisyExamples/libDaisy//build/libdaisy.a(hal_map.o)
                0x00000000080045b0                dsy_hal_map_get_port
 .text.dsy_hal_map_get_pin
                0x00000000080045c0       0x10 ../../DaisyExamples/libDaisy//build/libdaisy.a(hal_map.o)
                0x00000000080045c0                dsy_hal_map_get_pin
 .text.dsy_hal_map_gpio_clk_enable
                0x00000000080045d0      0x150 ../../DaisyExamples/libDaisy//build/libdaisy.a(hal_map.o)
                0x00000000080045d0                dsy_hal_map_gpio_clk_enable
 .text.HAL_MspInit
                0x0000000008004720        0x4 ../../DaisyExamples/libDaisy//build/libdaisy.a(stm32h7xx_hal.o)
                0x0000000008004720                HAL_MspInit
 .text.HAL_InitTick
                0x0000000008004724       0x4c ../../DaisyExamples/libDaisy//build/libdaisy.a(stm32h7xx_hal.o)
                0x0000000008004724                HAL_InitTick
 .text.HAL_Init
                0x0000000008004770       0x60 ../../DaisyExamples/libDaisy//build/libdaisy.a(stm32h7xx_hal.o)
                0x0000000008004770                HAL_Init
 .text.HAL_IncTick
                0x00000000080047d0       0x18 ../../DaisyExamples/libDaisy//build/libdaisy.a(stm32h7xx_hal.o)
                0x00000000080047d0                HAL_IncTick
 .text.HAL_GetTick
                0x00000000080047e8        0xc ../../DaisyExamples/libDaisy//build/libdaisy.a(stm32h7xx_hal.o)
                0x00000000080047e8                HAL_GetTick
 .text.HAL_Delay
                0x00000000080047f4       0x24 ../../DaisyExamples/libDaisy//build/libdaisy.a(stm32h7xx_hal.o)
                0x00000000080047f4                HAL_Delay
 .text.HAL_GetREVID
                0x0000000008004818        0xc ../../DaisyExamples/libDaisy//build/libdaisy.a(stm32h7xx_hal.o)
                0x0000000008004818                HAL_GetREVID
 .text.HAL_ADC_ConvHalfCpltCallback
                0x0000000008004824        0x4 ../../DaisyExamples/libDaisy//build/libdaisy.a(stm32h7xx_hal_adc.o)
                0x0000000008004824                HAL_ADC_ConvHalfCpltCallback
 .text.ADC_DMAHalfConvCplt
                0x0000000008004828        0xc ../../DaisyExamples/libDaisy//build/libdaisy.a(stm32h7xx_hal_adc.o)
                0x0000000008004828                ADC_DMAHalfConvCplt
 .text.ADC_DMAConvCplt
                0x0000000008004834       0x6c ../../DaisyExamples/libDaisy//build/libdaisy.a(stm32h7xx_hal_adc.o)
                0x0000000008004834                ADC_DMAConvCplt
 .text.ADC_DMAError
                0x00000000080048a0       0x1c ../../DaisyExamples/libDaisy//build/libdaisy.a(stm32h7xx_hal_adc.o)
                0x00000000080048a0                ADC_DMAError
 .text.HAL_ADC_ConfigChannel
                0x00000000080048bc      0x3fc ../../DaisyExamples/libDaisy//build/libdaisy.a(stm32h7xx_hal_adc.o)
                0x00000000080048bc                HAL_ADC_ConfigChannel
 .text.ADC_Enable
                0x0000000008004cb8       0xac ../../DaisyExamples/libDaisy//build/libdaisy.a(stm32h7xx_hal_adc.o)
                0x0000000008004cb8                ADC_Enable
 .text.HAL_ADC_Start_DMA
                0x0000000008004d64      0x114 ../../DaisyExamples/libDaisy//build/libdaisy.a(stm32h7xx_hal_adc.o)
                0x0000000008004d64                HAL_ADC_Start_DMA
 .text.ADC_Disable
                0x0000000008004e78       0x68 ../../DaisyExamples/libDaisy//build/libdaisy.a(stm32h7xx_hal_adc.o)
                0x0000000008004e78                ADC_Disable
 .text.ADC_ConfigureBoostMode
                0x0000000008004ee0      0x184 ../../DaisyExamples/libDaisy//build/libdaisy.a(stm32h7xx_hal_adc.o)
                0x0000000008004ee0                ADC_ConfigureBoostMode
 .text.HAL_ADC_Init
                0x0000000008005064      0x218 ../../DaisyExamples/libDaisy//build/libdaisy.a(stm32h7xx_hal_adc.o)
                0x0000000008005064                HAL_ADC_Init
 .text.HAL_ADCEx_Calibration_Start
                0x000000000800527c       0xa4 ../../DaisyExamples/libDaisy//build/libdaisy.a(stm32h7xx_hal_adc_ex.o)
                0x000000000800527c                HAL_ADCEx_Calibration_Start
 .text.HAL_ADCEx_MultiModeConfigChannel
                0x0000000008005320       0xc4 ../../DaisyExamples/libDaisy//build/libdaisy.a(stm32h7xx_hal_adc_ex.o)
                0x0000000008005320                HAL_ADCEx_MultiModeConfigChannel
 .text.HAL_NVIC_SetPriorityGrouping
                0x00000000080053e4       0x24 ../../DaisyExamples/libDaisy//build/libdaisy.a(stm32h7xx_hal_cortex.o)
                0x00000000080053e4                HAL_NVIC_SetPriorityGrouping
 .text.HAL_NVIC_SetPriority
                0x0000000008005408       0x7c ../../DaisyExamples/libDaisy//build/libdaisy.a(stm32h7xx_hal_cortex.o)
                0x0000000008005408                HAL_NVIC_SetPriority
 .text.HAL_NVIC_EnableIRQ
                0x0000000008005484       0x1c ../../DaisyExamples/libDaisy//build/libdaisy.a(stm32h7xx_hal_cortex.o)
                0x0000000008005484                HAL_NVIC_EnableIRQ
 .text.HAL_NVIC_DisableIRQ
                0x00000000080054a0       0x28 ../../DaisyExamples/libDaisy//build/libdaisy.a(stm32h7xx_hal_cortex.o)
                0x00000000080054a0                HAL_NVIC_DisableIRQ
 .text.HAL_SYSTICK_Config
                0x00000000080054c8       0x2c ../../DaisyExamples/libDaisy//build/libdaisy.a(stm32h7xx_hal_cortex.o)
                0x00000000080054c8                HAL_SYSTICK_Config
 .text.HAL_MPU_Disable
                0x00000000080054f4       0x1c ../../DaisyExamples/libDaisy//build/libdaisy.a(stm32h7xx_hal_cortex.o)
                0x00000000080054f4                HAL_MPU_Disable
 .text.HAL_MPU_Enable
                0x0000000008005510       0x20 ../../DaisyExamples/libDaisy//build/libdaisy.a(stm32h7xx_hal_cortex.o)
                0x0000000008005510                HAL_MPU_Enable
 .text.HAL_MPU_ConfigRegion
                0x0000000008005530       0x64 ../../DaisyExamples/libDaisy//build/libdaisy.a(stm32h7xx_hal_cortex.o)
                0x0000000008005530                HAL_MPU_ConfigRegion
 .text.HAL_SYSTICK_Callback
                0x0000000008005594        0x4 ../../DaisyExamples/libDaisy//build/libdaisy.a(stm32h7xx_hal_cortex.o)
                0x0000000008005594                HAL_SYSTICK_Callback
 .text.HAL_SYSTICK_IRQHandler
                0x0000000008005598        0x8 ../../DaisyExamples/libDaisy//build/libdaisy.a(stm32h7xx_hal_cortex.o)
                0x0000000008005598                HAL_SYSTICK_IRQHandler
 .text.DMA_CalcBaseAndBitshift
                0x00000000080055a0       0xf4 ../../DaisyExamples/libDaisy//build/libdaisy.a(stm32h7xx_hal_dma.o)
 .text.DMA_CalcDMAMUXChannelBaseAndMask
                0x0000000008005694       0xd8 ../../DaisyExamples/libDaisy//build/libdaisy.a(stm32h7xx_hal_dma.o)
 .text.HAL_DMA_Init
                0x000000000800576c      0x37c ../../DaisyExamples/libDaisy//build/libdaisy.a(stm32h7xx_hal_dma.o)
                0x000000000800576c                HAL_DMA_Init
 .text.HAL_DMA_Start_IT
                0x0000000008005ae8      0x240 ../../DaisyExamples/libDaisy//build/libdaisy.a(stm32h7xx_hal_dma.o)
                0x0000000008005ae8                HAL_DMA_Start_IT
 .text.HAL_DMA_Abort_IT
                0x0000000008005d28      0x134 ../../DaisyExamples/libDaisy//build/libdaisy.a(stm32h7xx_hal_dma.o)
                0x0000000008005d28                HAL_DMA_Abort_IT
 .text.HAL_DMA_IRQHandler
                0x0000000008005e5c      0x6a0 ../../DaisyExamples/libDaisy//build/libdaisy.a(stm32h7xx_hal_dma.o)
                0x0000000008005e5c                HAL_DMA_IRQHandler
 .text.HAL_DMA_GetError
                0x00000000080064fc        0x4 ../../DaisyExamples/libDaisy//build/libdaisy.a(stm32h7xx_hal_dma.o)
                0x00000000080064fc                HAL_DMA_GetError
 .text.HAL_GPIO_Init
                0x0000000008006500      0x280 ../../DaisyExamples/libDaisy//build/libdaisy.a(stm32h7xx_hal_gpio.o)
                0x0000000008006500                HAL_GPIO_Init
 .text.HAL_GPIO_DeInit
                0x0000000008006780      0x190 ../../DaisyExamples/libDaisy//build/libdaisy.a(stm32h7xx_hal_gpio.o)
                0x0000000008006780                HAL_GPIO_DeInit
 .text.HAL_GPIO_ReadPin
                0x0000000008006910        0xc ../../DaisyExamples/libDaisy//build/libdaisy.a(stm32h7xx_hal_gpio.o)
                0x0000000008006910                HAL_GPIO_ReadPin
 .text.HAL_GPIO_WritePin
                0x000000000800691c        0x8 ../../DaisyExamples/libDaisy//build/libdaisy.a(stm32h7xx_hal_gpio.o)
                0x000000000800691c                HAL_GPIO_WritePin
 .text.HAL_HCD_IRQHandler
                0x0000000008006924      0x780 ../../DaisyExamples/libDaisy//build/libdaisy.a(stm32h7xx_hal_hcd.o)
                0x0000000008006924                HAL_HCD_IRQHandler
 .text.HAL_HCD_Stop
                0x00000000080070a4       0x28 ../../DaisyExamples/libDaisy//build/libdaisy.a(stm32h7xx_hal_hcd.o)
                0x00000000080070a4                HAL_HCD_Stop
 .text.I2C_WaitOnTXISFlagUntilTimeout
                0x00000000080070cc       0xb8 ../../DaisyExamples/libDaisy//build/libdaisy.a(stm32h7xx_hal_i2c.o)
 .text.I2C_WaitOnSTOPFlagUntilTimeout
                0x0000000008007184       0xac ../../DaisyExamples/libDaisy//build/libdaisy.a(stm32h7xx_hal_i2c.o)
 .text.HAL_I2C_Init
                0x0000000008007230       0xac ../../DaisyExamples/libDaisy//build/libdaisy.a(stm32h7xx_hal_i2c.o)
                0x0000000008007230                HAL_I2C_Init
 .text.HAL_I2C_Master_Transmit
                0x00000000080072dc      0x1a8 ../../DaisyExamples/libDaisy//build/libdaisy.a(stm32h7xx_hal_i2c.o)
                0x00000000080072dc                HAL_I2C_Master_Transmit
 .text.HAL_I2C_Slave_Transmit
                0x0000000008007484      0x1c8 ../../DaisyExamples/libDaisy//build/libdaisy.a(stm32h7xx_hal_i2c.o)
                0x0000000008007484                HAL_I2C_Slave_Transmit
 .text.HAL_I2C_EV_IRQHandler
                0x000000000800764c       0x10 ../../DaisyExamples/libDaisy//build/libdaisy.a(stm32h7xx_hal_i2c.o)
                0x000000000800764c                HAL_I2C_EV_IRQHandler
 .text.HAL_I2C_GetState
                0x000000000800765c        0x8 ../../DaisyExamples/libDaisy//build/libdaisy.a(stm32h7xx_hal_i2c.o)
                0x000000000800765c                HAL_I2C_GetState
 .text.HAL_I2CEx_ConfigAnalogFilter
                0x0000000008007664       0x54 ../../DaisyExamples/libDaisy//build/libdaisy.a(stm32h7xx_hal_i2c_ex.o)
                0x0000000008007664                HAL_I2CEx_ConfigAnalogFilter
 .text.HAL_I2CEx_ConfigDigitalFilter
                0x00000000080076b8       0x58 ../../DaisyExamples/libDaisy//build/libdaisy.a(stm32h7xx_hal_i2c_ex.o)
                0x00000000080076b8                HAL_I2CEx_ConfigDigitalFilter
 .text.HAL_PCD_IRQHandler
                0x0000000008007710      0x69c ../../DaisyExamples/libDaisy//build/libdaisy.a(stm32h7xx_hal_pcd.o)
                0x0000000008007710                HAL_PCD_IRQHandler
 .text.HAL_PCD_SetAddress
                0x0000000008007dac       0x2c ../../DaisyExamples/libDaisy//build/libdaisy.a(stm32h7xx_hal_pcd.o)
                0x0000000008007dac                HAL_PCD_SetAddress
 .text.HAL_PCD_EP_Open
                0x0000000008007dd8       0x7c ../../DaisyExamples/libDaisy//build/libdaisy.a(stm32h7xx_hal_pcd.o)
                0x0000000008007dd8                HAL_PCD_EP_Open
 .text.HAL_PCD_EP_Receive
                0x0000000008007e54       0x50 ../../DaisyExamples/libDaisy//build/libdaisy.a(stm32h7xx_hal_pcd.o)
                0x0000000008007e54                HAL_PCD_EP_Receive
 .text.HAL_PCD_EP_Transmit
                0x0000000008007ea4       0x50 ../../DaisyExamples/libDaisy//build/libdaisy.a(stm32h7xx_hal_pcd.o)
                0x0000000008007ea4                HAL_PCD_EP_Transmit
 .text.HAL_PCD_EP_SetStall
                0x0000000008007ef4       0x88 ../../DaisyExamples/libDaisy//build/libdaisy.a(stm32h7xx_hal_pcd.o)
                0x0000000008007ef4                HAL_PCD_EP_SetStall
 .text.HAL_PCD_EP_ClrStall
                0x0000000008007f7c       0x78 ../../DaisyExamples/libDaisy//build/libdaisy.a(stm32h7xx_hal_pcd.o)
                0x0000000008007f7c                HAL_PCD_EP_ClrStall
 .text.HAL_PCDEx_LPM_Callback
                0x0000000008007ff4        0x4 ../../DaisyExamples/libDaisy//build/libdaisy.a(stm32h7xx_hal_pcd_ex.o)
                0x0000000008007ff4                HAL_PCDEx_LPM_Callback
 .text.HAL_PWREx_ConfigSupply
                0x0000000008007ff8       0x4c ../../DaisyExamples/libDaisy//build/libdaisy.a(stm32h7xx_hal_pwr_ex.o)
                0x0000000008007ff8                HAL_PWREx_ConfigSupply
 .text.HAL_PWREx_EnableUSBVoltageDetector
                0x0000000008008044       0x10 ../../DaisyExamples/libDaisy//build/libdaisy.a(stm32h7xx_hal_pwr_ex.o)
                0x0000000008008044                HAL_PWREx_EnableUSBVoltageDetector
 .text.QSPI_Config
                0x0000000008008054      0x174 ../../DaisyExamples/libDaisy//build/libdaisy.a(stm32h7xx_hal_qspi.o)
 .text.HAL_QSPI_Init
                0x00000000080081c8       0xd8 ../../DaisyExamples/libDaisy//build/libdaisy.a(stm32h7xx_hal_qspi.o)
                0x00000000080081c8                HAL_QSPI_Init
 .text.HAL_QSPI_DeInit
                0x00000000080082a0       0x3c ../../DaisyExamples/libDaisy//build/libdaisy.a(stm32h7xx_hal_qspi.o)
                0x00000000080082a0                HAL_QSPI_DeInit
 .text.HAL_QSPI_Command
                0x00000000080082dc       0xd4 ../../DaisyExamples/libDaisy//build/libdaisy.a(stm32h7xx_hal_qspi.o)
                0x00000000080082dc                HAL_QSPI_Command
 .text.HAL_QSPI_Transmit
                0x00000000080083b0       0xfc ../../DaisyExamples/libDaisy//build/libdaisy.a(stm32h7xx_hal_qspi.o)
                0x00000000080083b0                HAL_QSPI_Transmit
 .text.HAL_QSPI_Receive
                0x00000000080084ac      0x108 ../../DaisyExamples/libDaisy//build/libdaisy.a(stm32h7xx_hal_qspi.o)
                0x00000000080084ac                HAL_QSPI_Receive
 .text.HAL_QSPI_AutoPolling
                0x00000000080085b4       0xf0 ../../DaisyExamples/libDaisy//build/libdaisy.a(stm32h7xx_hal_qspi.o)
                0x00000000080085b4                HAL_QSPI_AutoPolling
 .text.HAL_QSPI_MemoryMapped
                0x00000000080086a4       0xc0 ../../DaisyExamples/libDaisy//build/libdaisy.a(stm32h7xx_hal_qspi.o)
                0x00000000080086a4                HAL_QSPI_MemoryMapped
 .text.HAL_QSPI_ErrorCallback
                0x0000000008008764        0x4 ../../DaisyExamples/libDaisy//build/libdaisy.a(stm32h7xx_hal_qspi.o)
                0x0000000008008764                HAL_QSPI_ErrorCallback
 .text.QSPI_DMAAbortCplt
                0x0000000008008768       0x38 ../../DaisyExamples/libDaisy//build/libdaisy.a(stm32h7xx_hal_qspi.o)
 .text.HAL_QSPI_AbortCpltCallback
                0x00000000080087a0        0x4 ../../DaisyExamples/libDaisy//build/libdaisy.a(stm32h7xx_hal_qspi.o)
                0x00000000080087a0                HAL_QSPI_AbortCpltCallback
 .text.HAL_QSPI_CmdCpltCallback
                0x00000000080087a4        0x4 ../../DaisyExamples/libDaisy//build/libdaisy.a(stm32h7xx_hal_qspi.o)
                0x00000000080087a4                HAL_QSPI_CmdCpltCallback
 .text.HAL_QSPI_RxCpltCallback
                0x00000000080087a8        0x4 ../../DaisyExamples/libDaisy//build/libdaisy.a(stm32h7xx_hal_qspi.o)
                0x00000000080087a8                HAL_QSPI_RxCpltCallback
 .text.HAL_QSPI_TxCpltCallback
                0x00000000080087ac        0x4 ../../DaisyExamples/libDaisy//build/libdaisy.a(stm32h7xx_hal_qspi.o)
                0x00000000080087ac                HAL_QSPI_TxCpltCallback
 .text.HAL_QSPI_FifoThresholdCallback
                0x00000000080087b0        0x4 ../../DaisyExamples/libDaisy//build/libdaisy.a(stm32h7xx_hal_qspi.o)
                0x00000000080087b0                HAL_QSPI_FifoThresholdCallback
 .text.HAL_QSPI_StatusMatchCallback
                0x00000000080087b4        0x4 ../../DaisyExamples/libDaisy//build/libdaisy.a(stm32h7xx_hal_qspi.o)
                0x00000000080087b4                HAL_QSPI_StatusMatchCallback
 .text.HAL_QSPI_TimeOutCallback
                0x00000000080087b8        0x4 ../../DaisyExamples/libDaisy//build/libdaisy.a(stm32h7xx_hal_qspi.o)
                0x00000000080087b8                HAL_QSPI_TimeOutCallback
 .text.HAL_QSPI_IRQHandler
                0x00000000080087bc      0x210 ../../DaisyExamples/libDaisy//build/libdaisy.a(stm32h7xx_hal_qspi.o)
                0x00000000080087bc                HAL_QSPI_IRQHandler
 .text.HAL_RCC_OscConfig
                0x00000000080089cc      0x51c ../../DaisyExamples/libDaisy//build/libdaisy.a(stm32h7xx_hal_rcc.o)
                0x00000000080089cc                HAL_RCC_OscConfig
 .text.HAL_RCC_GetSysClockFreq
                0x0000000008008ee8      0x140 ../../DaisyExamples/libDaisy//build/libdaisy.a(stm32h7xx_hal_rcc.o)
                0x0000000008008ee8                HAL_RCC_GetSysClockFreq
 .text.HAL_RCC_ClockConfig
                0x0000000008009028      0x234 ../../DaisyExamples/libDaisy//build/libdaisy.a(stm32h7xx_hal_rcc.o)
                0x0000000008009028                HAL_RCC_ClockConfig
 .text.HAL_RCC_GetHCLKFreq
                0x000000000800925c       0x2c ../../DaisyExamples/libDaisy//build/libdaisy.a(stm32h7xx_hal_rcc.o)
                0x000000000800925c                HAL_RCC_GetHCLKFreq
 .text.HAL_RCC_GetPCLK1Freq
                0x0000000008009288       0x38 ../../DaisyExamples/libDaisy//build/libdaisy.a(stm32h7xx_hal_rcc.o)
                0x0000000008009288                HAL_RCC_GetPCLK1Freq
 .text.HAL_RCC_GetPCLK2Freq
                0x00000000080092c0       0x38 ../../DaisyExamples/libDaisy//build/libdaisy.a(stm32h7xx_hal_rcc.o)
                0x00000000080092c0                HAL_RCC_GetPCLK2Freq
 .text.RCCEx_PLL2_Config
                0x00000000080092f8       0xf4 ../../DaisyExamples/libDaisy//build/libdaisy.a(stm32h7xx_hal_rcc_ex.o)
 .text.RCCEx_PLL3_Config
                0x00000000080093ec       0xf4 ../../DaisyExamples/libDaisy//build/libdaisy.a(stm32h7xx_hal_rcc_ex.o)
 .text.HAL_RCCEx_PeriphCLKConfig
                0x00000000080094e0      0xa7c ../../DaisyExamples/libDaisy//build/libdaisy.a(stm32h7xx_hal_rcc_ex.o)
                0x00000000080094e0                HAL_RCCEx_PeriphCLKConfig
 .text.HAL_RCCEx_GetD3PCLK1Freq
                0x0000000008009f5c       0x24 ../../DaisyExamples/libDaisy//build/libdaisy.a(stm32h7xx_hal_rcc_ex.o)
                0x0000000008009f5c                HAL_RCCEx_GetD3PCLK1Freq
 .text.HAL_RCCEx_GetPLL2ClockFreq
                0x0000000008009f80      0x17c ../../DaisyExamples/libDaisy//build/libdaisy.a(stm32h7xx_hal_rcc_ex.o)
                0x0000000008009f80                HAL_RCCEx_GetPLL2ClockFreq
 .text.HAL_RCCEx_GetPLL3ClockFreq
                0x000000000800a0fc      0x17c ../../DaisyExamples/libDaisy//build/libdaisy.a(stm32h7xx_hal_rcc_ex.o)
                0x000000000800a0fc                HAL_RCCEx_GetPLL3ClockFreq
 .text.HAL_RCCEx_GetPLL1ClockFreq
                0x000000000800a278      0x17c ../../DaisyExamples/libDaisy//build/libdaisy.a(stm32h7xx_hal_rcc_ex.o)
                0x000000000800a278                HAL_RCCEx_GetPLL1ClockFreq
 .text.HAL_RCCEx_GetPeriphCLKFreq
                0x000000000800a3f4      0x198 ../../DaisyExamples/libDaisy//build/libdaisy.a(stm32h7xx_hal_rcc_ex.o)
                0x000000000800a3f4                HAL_RCCEx_GetPeriphCLKFreq
 .text.HAL_RCCEx_GetD1SysClockFreq
                0x000000000800a58c       0x2c ../../DaisyExamples/libDaisy//build/libdaisy.a(stm32h7xx_hal_rcc_ex.o)
                0x000000000800a58c                HAL_RCCEx_GetD1SysClockFreq
 .text.HAL_SAI_Init.part.0
                0x000000000800a5b8      0x348 ../../DaisyExamples/libDaisy//build/libdaisy.a(stm32h7xx_hal_sai.o)
 .text.HAL_SAI_InitProtocol
                0x000000000800a900      0x178 ../../DaisyExamples/libDaisy//build/libdaisy.a(stm32h7xx_hal_sai.o)
                0x000000000800a900                HAL_SAI_InitProtocol
 .text.HAL_SAI_Transmit_DMA
                0x000000000800aa78      0x124 ../../DaisyExamples/libDaisy//build/libdaisy.a(stm32h7xx_hal_sai.o)
                0x000000000800aa78                HAL_SAI_Transmit_DMA
 .text.HAL_SAI_Receive_DMA
                0x000000000800ab9c       0xd0 ../../DaisyExamples/libDaisy//build/libdaisy.a(stm32h7xx_hal_sai.o)
                0x000000000800ab9c                HAL_SAI_Receive_DMA
 .text.HAL_SAI_TxCpltCallback
                0x000000000800ac6c        0x4 ../../DaisyExamples/libDaisy//build/libdaisy.a(stm32h7xx_hal_sai.o)
                0x000000000800ac6c                HAL_SAI_TxCpltCallback
 .text.SAI_DMATxCplt
                0x000000000800ac70       0x64 ../../DaisyExamples/libDaisy//build/libdaisy.a(stm32h7xx_hal_sai.o)
 .text.HAL_SAI_TxHalfCpltCallback
                0x000000000800acd4        0x4 ../../DaisyExamples/libDaisy//build/libdaisy.a(stm32h7xx_hal_sai.o)
                0x000000000800acd4                HAL_SAI_TxHalfCpltCallback
 .text.SAI_DMATxHalfCplt
                0x000000000800acd8        0xc ../../DaisyExamples/libDaisy//build/libdaisy.a(stm32h7xx_hal_sai.o)
 .text.SAI_DMARxCplt
                0x000000000800ace4       0x64 ../../DaisyExamples/libDaisy//build/libdaisy.a(stm32h7xx_hal_sai.o)
 .text.SAI_DMARxHalfCplt
                0x000000000800ad48        0xc ../../DaisyExamples/libDaisy//build/libdaisy.a(stm32h7xx_hal_sai.o)
 .text.HAL_SAI_ErrorCallback
                0x000000000800ad54        0x4 ../../DaisyExamples/libDaisy//build/libdaisy.a(stm32h7xx_hal_sai.o)
                0x000000000800ad54                HAL_SAI_ErrorCallback
 .text.SAI_DMAError
                0x000000000800ad58       0x6c ../../DaisyExamples/libDaisy//build/libdaisy.a(stm32h7xx_hal_sai.o)
 .text.HAL_SDRAM_Init
                0x000000000800adc4       0x54 ../../DaisyExamples/libDaisy//build/libdaisy.a(stm32h7xx_hal_sdram.o)
                0x000000000800adc4                HAL_SDRAM_Init
 .text.HAL_SDRAM_SendCommand
                0x000000000800ae18       0x40 ../../DaisyExamples/libDaisy//build/libdaisy.a(stm32h7xx_hal_sdram.o)
                0x000000000800ae18                HAL_SDRAM_SendCommand
 .text.HAL_SDRAM_ProgramRefreshRate
                0x000000000800ae58       0x30 ../../DaisyExamples/libDaisy//build/libdaisy.a(stm32h7xx_hal_sdram.o)
                0x000000000800ae58                HAL_SDRAM_ProgramRefreshRate
 .text.FMC_SDRAM_Init
                0x000000000800ae88       0x7c ../../DaisyExamples/libDaisy//build/libdaisy.a(stm32h7xx_ll_fmc.o)
                0x000000000800ae88                FMC_SDRAM_Init
 .text.FMC_SDRAM_Timing_Init
                0x000000000800af04       0x98 ../../DaisyExamples/libDaisy//build/libdaisy.a(stm32h7xx_ll_fmc.o)
                0x000000000800af04                FMC_SDRAM_Timing_Init
 .text.FMC_SDRAM_SendCommand
                0x000000000800af9c       0x28 ../../DaisyExamples/libDaisy//build/libdaisy.a(stm32h7xx_ll_fmc.o)
                0x000000000800af9c                FMC_SDRAM_SendCommand
 .text.FMC_SDRAM_ProgramRefreshRate
                0x000000000800afc4       0x1c ../../DaisyExamples/libDaisy//build/libdaisy.a(stm32h7xx_ll_fmc.o)
                0x000000000800afc4                FMC_SDRAM_ProgramRefreshRate
 .text.USB_SetTurnaroundTime
                0x000000000800afe0      0x104 ../../DaisyExamples/libDaisy//build/libdaisy.a(stm32h7xx_ll_usb.o)
                0x000000000800afe0                USB_SetTurnaroundTime
 .text.USB_FlushTxFifo
                0x000000000800b0e4       0x34 ../../DaisyExamples/libDaisy//build/libdaisy.a(stm32h7xx_ll_usb.o)
                0x000000000800b0e4                USB_FlushTxFifo
 .text.USB_GetDevSpeed
                0x000000000800b118       0x24 ../../DaisyExamples/libDaisy//build/libdaisy.a(stm32h7xx_ll_usb.o)
                0x000000000800b118                USB_GetDevSpeed
 .text.USB_ActivateEndpoint
                0x000000000800b13c       0x90 ../../DaisyExamples/libDaisy//build/libdaisy.a(stm32h7xx_ll_usb.o)
                0x000000000800b13c                USB_ActivateEndpoint
 .text.USB_EPStartXfer
                0x000000000800b1cc      0x230 ../../DaisyExamples/libDaisy//build/libdaisy.a(stm32h7xx_ll_usb.o)
                0x000000000800b1cc                USB_EPStartXfer
 .text.USB_EP0StartXfer
                0x000000000800b3fc      0x174 ../../DaisyExamples/libDaisy//build/libdaisy.a(stm32h7xx_ll_usb.o)
                0x000000000800b3fc                USB_EP0StartXfer
 .text.USB_WritePacket
                0x000000000800b570       0x2c ../../DaisyExamples/libDaisy//build/libdaisy.a(stm32h7xx_ll_usb.o)
                0x000000000800b570                USB_WritePacket
 .text.USB_ReadPacket
                0x000000000800b59c       0x20 ../../DaisyExamples/libDaisy//build/libdaisy.a(stm32h7xx_ll_usb.o)
                0x000000000800b59c                USB_ReadPacket
 .text.USB_EPSetStall
                0x000000000800b5bc       0x68 ../../DaisyExamples/libDaisy//build/libdaisy.a(stm32h7xx_ll_usb.o)
                0x000000000800b5bc                USB_EPSetStall
 .text.USB_EPClearStall
                0x000000000800b624       0x58 ../../DaisyExamples/libDaisy//build/libdaisy.a(stm32h7xx_ll_usb.o)
                0x000000000800b624                USB_EPClearStall
 .text.USB_SetDevAddress
                0x000000000800b67c       0x24 ../../DaisyExamples/libDaisy//build/libdaisy.a(stm32h7xx_ll_usb.o)
                0x000000000800b67c                USB_SetDevAddress
 .text.USB_ReadInterrupts
                0x000000000800b6a0       0x14 ../../DaisyExamples/libDaisy//build/libdaisy.a(stm32h7xx_ll_usb.o)
                0x000000000800b6a0                USB_ReadInterrupts
 .text.USB_ReadDevAllOutEpInterrupt
                0x000000000800b6b4       0x1c ../../DaisyExamples/libDaisy//build/libdaisy.a(stm32h7xx_ll_usb.o)
                0x000000000800b6b4                USB_ReadDevAllOutEpInterrupt
 .text.USB_ReadDevAllInEpInterrupt
                0x000000000800b6d0       0x1c ../../DaisyExamples/libDaisy//build/libdaisy.a(stm32h7xx_ll_usb.o)
                0x000000000800b6d0                USB_ReadDevAllInEpInterrupt
 .text.USB_ReadDevOutEPInterrupt
                0x000000000800b6ec       0x1c ../../DaisyExamples/libDaisy//build/libdaisy.a(stm32h7xx_ll_usb.o)
                0x000000000800b6ec                USB_ReadDevOutEPInterrupt
 .text.USB_ReadDevInEPInterrupt
                0x000000000800b708       0x38 ../../DaisyExamples/libDaisy//build/libdaisy.a(stm32h7xx_ll_usb.o)
                0x000000000800b708                USB_ReadDevInEPInterrupt
 .text.USB_GetMode
                0x000000000800b740        0x8 ../../DaisyExamples/libDaisy//build/libdaisy.a(stm32h7xx_ll_usb.o)
                0x000000000800b740                USB_GetMode
 .text.USB_ActivateSetup
                0x000000000800b748       0x38 ../../DaisyExamples/libDaisy//build/libdaisy.a(stm32h7xx_ll_usb.o)
                0x000000000800b748                USB_ActivateSetup
 .text.USB_EP0_OutStart
                0x000000000800b780       0x58 ../../DaisyExamples/libDaisy//build/libdaisy.a(stm32h7xx_ll_usb.o)
                0x000000000800b780                USB_EP0_OutStart
 .text.USB_InitFSLSPClkSel
                0x000000000800b7d8       0x44 ../../DaisyExamples/libDaisy//build/libdaisy.a(stm32h7xx_ll_usb.o)
                0x000000000800b7d8                USB_InitFSLSPClkSel
 .text.USB_HC_ReadInterrupt
                0x000000000800b81c        0x8 ../../DaisyExamples/libDaisy//build/libdaisy.a(stm32h7xx_ll_usb.o)
                0x000000000800b81c                USB_HC_ReadInterrupt
 .text.USB_HC_Halt
                0x000000000800b824       0xc0 ../../DaisyExamples/libDaisy//build/libdaisy.a(stm32h7xx_ll_usb.o)
                0x000000000800b824                USB_HC_Halt
 .text.USB_StopHost
                0x000000000800b8e4      0x2ec ../../DaisyExamples/libDaisy//build/libdaisy.a(stm32h7xx_ll_usb.o)
                0x000000000800b8e4                USB_StopHost
 .text.USBD_SetClassConfig
                0x000000000800bbd0       0x14 ../../DaisyExamples/libDaisy//build/libdaisy.a(usbd_core.o)
                0x000000000800bbd0                USBD_SetClassConfig
 .text.USBD_ClrClassConfig
                0x000000000800bbe4       0x10 ../../DaisyExamples/libDaisy//build/libdaisy.a(usbd_core.o)
                0x000000000800bbe4                USBD_ClrClassConfig
 .text.USBD_LL_SetupStage
                0x000000000800bbf4       0x5c ../../DaisyExamples/libDaisy//build/libdaisy.a(usbd_core.o)
                0x000000000800bbf4                USBD_LL_SetupStage
 .text.USBD_LL_DataOutStage
                0x000000000800bc50       0x7c ../../DaisyExamples/libDaisy//build/libdaisy.a(usbd_core.o)
                0x000000000800bc50                USBD_LL_DataOutStage
 .text.USBD_LL_DataInStage
                0x000000000800bccc       0xcc ../../DaisyExamples/libDaisy//build/libdaisy.a(usbd_core.o)
                0x000000000800bccc                USBD_LL_DataInStage
 .text.USBD_LL_Reset
                0x000000000800bd98       0x50 ../../DaisyExamples/libDaisy//build/libdaisy.a(usbd_core.o)
                0x000000000800bd98                USBD_LL_Reset
 .text.USBD_LL_SetSpeed
                0x000000000800bde8        0x8 ../../DaisyExamples/libDaisy//build/libdaisy.a(usbd_core.o)
                0x000000000800bde8                USBD_LL_SetSpeed
 .text.USBD_LL_Suspend
                0x000000000800bdf0       0x14 ../../DaisyExamples/libDaisy//build/libdaisy.a(usbd_core.o)
                0x000000000800bdf0                USBD_LL_Suspend
 .text.USBD_LL_Resume
                0x000000000800be04       0x10 ../../DaisyExamples/libDaisy//build/libdaisy.a(usbd_core.o)
                0x000000000800be04                USBD_LL_Resume
 .text.USBD_LL_SOF
                0x000000000800be14       0x1c ../../DaisyExamples/libDaisy//build/libdaisy.a(usbd_core.o)
                0x000000000800be14                USBD_LL_SOF
 .text.USBD_LL_IsoINIncomplete
                0x000000000800be30        0x4 ../../DaisyExamples/libDaisy//build/libdaisy.a(usbd_core.o)
                0x000000000800be30                USBD_LL_IsoINIncomplete
 .text.USBD_LL_IsoOUTIncomplete
                0x000000000800be34        0x4 ../../DaisyExamples/libDaisy//build/libdaisy.a(usbd_core.o)
                0x000000000800be34                USBD_LL_IsoOUTIncomplete
 .text.USBD_LL_DevConnected
                0x000000000800be38        0x4 ../../DaisyExamples/libDaisy//build/libdaisy.a(usbd_core.o)
                0x000000000800be38                USBD_LL_DevConnected
 .text.USBD_LL_DevDisconnected
                0x000000000800be3c       0x18 ../../DaisyExamples/libDaisy//build/libdaisy.a(usbd_core.o)
                0x000000000800be3c                USBD_LL_DevDisconnected
 .text.USBD_StdDevReq
                0x000000000800be54      0x304 ../../DaisyExamples/libDaisy//build/libdaisy.a(usbd_ctlreq.o)
                0x000000000800be54                USBD_StdDevReq
 .text.USBD_StdItfReq
                0x000000000800c158       0x68 ../../DaisyExamples/libDaisy//build/libdaisy.a(usbd_ctlreq.o)
                0x000000000800c158                USBD_StdItfReq
 .text.USBD_StdEPReq
                0x000000000800c1c0      0x13c ../../DaisyExamples/libDaisy//build/libdaisy.a(usbd_ctlreq.o)
                0x000000000800c1c0                USBD_StdEPReq
 .text.USBD_ParseSetupRequest
                0x000000000800c2fc       0x28 ../../DaisyExamples/libDaisy//build/libdaisy.a(usbd_ctlreq.o)
                0x000000000800c2fc                USBD_ParseSetupRequest
 .text.USBD_CtlSendData
                0x000000000800c324       0x1c ../../DaisyExamples/libDaisy//build/libdaisy.a(usbd_ioreq.o)
                0x000000000800c324                USBD_CtlSendData
 .text.USBD_CtlContinueSendData
                0x000000000800c340       0x14 ../../DaisyExamples/libDaisy//build/libdaisy.a(usbd_ioreq.o)
                0x000000000800c340                USBD_CtlContinueSendData
 .text.USBD_CtlContinueRx
                0x000000000800c354       0x14 ../../DaisyExamples/libDaisy//build/libdaisy.a(usbd_ioreq.o)
                0x000000000800c354                USBD_CtlContinueRx
 .text.USBD_CtlSendStatus
                0x000000000800c368       0x18 ../../DaisyExamples/libDaisy//build/libdaisy.a(usbd_ioreq.o)
                0x000000000800c368                USBD_CtlSendStatus
 .text.USBD_CtlReceiveStatus
                0x000000000800c380       0x18 ../../DaisyExamples/libDaisy//build/libdaisy.a(usbd_ioreq.o)
                0x000000000800c380                USBD_CtlReceiveStatus
 .text.USBH_LL_IncTimer
                0x000000000800c398       0x20 ../../DaisyExamples/libDaisy//build/libdaisy.a(usbh_core.o)
                0x000000000800c398                USBH_LL_IncTimer
 .text.USBH_LL_PortEnabled
                0x000000000800c3b8        0x8 ../../DaisyExamples/libDaisy//build/libdaisy.a(usbh_core.o)
                0x000000000800c3b8                USBH_LL_PortEnabled
 .text.USBH_LL_PortDisabled
                0x000000000800c3c0        0x8 ../../DaisyExamples/libDaisy//build/libdaisy.a(usbh_core.o)
                0x000000000800c3c0                USBH_LL_PortDisabled
 .text.USBH_LL_Connect
                0x000000000800c3c8       0x18 ../../DaisyExamples/libDaisy//build/libdaisy.a(usbh_core.o)
                0x000000000800c3c8                USBH_LL_Connect
 .text.USBH_LL_Disconnect
                0x000000000800c3e0       0x2c ../../DaisyExamples/libDaisy//build/libdaisy.a(usbh_core.o)
                0x000000000800c3e0                USBH_LL_Disconnect
 .text.USBH_FreePipe
                0x000000000800c40c       0x18 ../../DaisyExamples/libDaisy//build/libdaisy.a(usbh_pipes.o)
                0x000000000800c40c                USBH_FreePipe
 .text._ZN5daisy6Random4InitEv
                0x000000000800c424       0x3c ../../DaisyExamples/libDaisy//build/libdaisy.a(rng.o)
                0x000000000800c424                daisy::Random::Init()
 .text._ZN5daisy9SpiHandle4Impl7InitDmaEv
                0x000000000800c460       0xec ../../DaisyExamples/libDaisy//build/libdaisy.a(spi.o)
                0x000000000800c460                daisy::SpiHandle::Impl::InitDma()
 .text._ZN5daisy9SpiHandle4Impl10StartDmaTxEPhjPFvPvEPFvS3_NS0_6ResultEES3_
                0x000000000800c54c       0xc8 ../../DaisyExamples/libDaisy//build/libdaisy.a(spi.o)
                0x000000000800c54c                daisy::SpiHandle::Impl::StartDmaTx(unsigned char*, unsigned int, void (*)(void*), void (*)(void*, daisy::SpiHandle::Result), void*)
 .text._ZN5daisy9SpiHandle4Impl10StartDmaRxEPhjPFvPvEPFvS3_NS0_6ResultEES3_
                0x000000000800c614       0xc8 ../../DaisyExamples/libDaisy//build/libdaisy.a(spi.o)
                0x000000000800c614                daisy::SpiHandle::Impl::StartDmaRx(unsigned char*, unsigned int, void (*)(void*), void (*)(void*, daisy::SpiHandle::Result), void*)
 .text._ZN5daisy9SpiHandle4Impl12StartDmaRxTxEPhS2_jPFvPvEPFvS3_NS0_6ResultEES3_
                0x000000000800c6dc       0xcc ../../DaisyExamples/libDaisy//build/libdaisy.a(spi.o)
                0x000000000800c6dc                daisy::SpiHandle::Impl::StartDmaRxTx(unsigned char*, unsigned char*, unsigned int, void (*)(void*), void (*)(void*, daisy::SpiHandle::Result), void*)
 .text._ZN5daisy9SpiHandle4Impl8InitPinsEv
                0x000000000800c7a8      0x274 ../../DaisyExamples/libDaisy//build/libdaisy.a(spi.o)
                0x000000000800c7a8                daisy::SpiHandle::Impl::InitPins()
 .text.HAL_SPI_MspInit
                0x000000000800ca1c      0x1a8 ../../DaisyExamples/libDaisy//build/libdaisy.a(spi.o)
                0x000000000800ca1c                HAL_SPI_MspInit
 .text.dsy_spi_global_init
                0x000000000800cbc4       0x80 ../../DaisyExamples/libDaisy//build/libdaisy.a(spi.o)
                0x000000000800cbc4                dsy_spi_global_init
 .text.SPI1_IRQHandler
                0x000000000800cc44        0xc ../../DaisyExamples/libDaisy//build/libdaisy.a(spi.o)
                0x000000000800cc44                SPI1_IRQHandler
 .text.SPI2_IRQHandler
                0x000000000800cc50        0xc ../../DaisyExamples/libDaisy//build/libdaisy.a(spi.o)
                0x000000000800cc50                SPI2_IRQHandler
 .text.SPI3_IRQHandler
                0x000000000800cc5c        0xc ../../DaisyExamples/libDaisy//build/libdaisy.a(spi.o)
                0x000000000800cc5c                SPI3_IRQHandler
 .text.SPI4_IRQHandler
                0x000000000800cc68        0xc ../../DaisyExamples/libDaisy//build/libdaisy.a(spi.o)
                0x000000000800cc68                SPI4_IRQHandler
 .text.SPI5_IRQHandler
                0x000000000800cc74        0xc ../../DaisyExamples/libDaisy//build/libdaisy.a(spi.o)
                0x000000000800cc74                SPI5_IRQHandler
 .text.DMA2_Stream2_IRQHandler
                0x000000000800cc80       0x34 ../../DaisyExamples/libDaisy//build/libdaisy.a(spi.o)
                0x000000000800cc80                DMA2_Stream2_IRQHandler
 .text.DMA2_Stream3_IRQHandler
                0x000000000800ccb4       0x38 ../../DaisyExamples/libDaisy//build/libdaisy.a(spi.o)
                0x000000000800ccb4                DMA2_Stream3_IRQHandler
 .text.HAL_SPI_TxCpltCallback
                0x000000000800ccec       0xc4 ../../DaisyExamples/libDaisy//build/libdaisy.a(spi.o)
                0x000000000800ccec                HAL_SPI_TxCpltCallback
 .text.HAL_SPI_RxCpltCallback
                0x000000000800cdb0       0xc4 ../../DaisyExamples/libDaisy//build/libdaisy.a(spi.o)
                0x000000000800cdb0                HAL_SPI_RxCpltCallback
 .text.HAL_SPI_TxRxCpltCallback
                0x000000000800ce74       0xc4 ../../DaisyExamples/libDaisy//build/libdaisy.a(spi.o)
                0x000000000800ce74                HAL_SPI_TxRxCpltCallback
 .text.HAL_SPI_ErrorCallback
                0x000000000800cf38       0xc8 ../../DaisyExamples/libDaisy//build/libdaisy.a(spi.o)
                0x000000000800cf38                HAL_SPI_ErrorCallback
 .text.startup._GLOBAL__sub_I__Z19MapInstanceToHandleP11SPI_TypeDef
                0x000000000800d000      0x1b0 ../../DaisyExamples/libDaisy//build/libdaisy.a(spi.o)
 .text.HAL_TIM_Base_MspInit
                0x000000000800d1b0      0x1e0 ../../DaisyExamples/libDaisy//build/libdaisy.a(tim.o)
                0x000000000800d1b0                HAL_TIM_Base_MspInit
 .text.HAL_TIM_PeriodElapsedCallback
                0x000000000800d390       0x44 ../../DaisyExamples/libDaisy//build/libdaisy.a(tim.o)
                0x000000000800d390                HAL_TIM_PeriodElapsedCallback
 .text.TIM2_IRQHandler
                0x000000000800d3d4        0xc ../../DaisyExamples/libDaisy//build/libdaisy.a(tim.o)
                0x000000000800d3d4                TIM2_IRQHandler
 .text.TIM3_IRQHandler
                0x000000000800d3e0        0xc ../../DaisyExamples/libDaisy//build/libdaisy.a(tim.o)
                0x000000000800d3e0                TIM3_IRQHandler
 .text.TIM4_IRQHandler
                0x000000000800d3ec        0xc ../../DaisyExamples/libDaisy//build/libdaisy.a(tim.o)
                0x000000000800d3ec                TIM4_IRQHandler
 .text.TIM5_IRQHandler
                0x000000000800d3f8        0xc ../../DaisyExamples/libDaisy//build/libdaisy.a(tim.o)
                0x000000000800d3f8                TIM5_IRQHandler
 .text._ZN5daisy11TimerHandle4InitERKNS0_6ConfigE
                0x000000000800d404       0xd0 ../../DaisyExamples/libDaisy//build/libdaisy.a(tim.o)
                0x000000000800d404                daisy::TimerHandle::Init(daisy::TimerHandle::Config const&)
 .text._ZN5daisy11TimerHandle5StartEv
                0x000000000800d4d4       0x24 ../../DaisyExamples/libDaisy//build/libdaisy.a(tim.o)
                0x000000000800d4d4                daisy::TimerHandle::Start()
 .text.startup._GLOBAL__sub_I__ZN5daisy11TimerHandle4Impl4InitERKNS0_6ConfigE
                0x000000000800d4f8       0x38 ../../DaisyExamples/libDaisy//build/libdaisy.a(tim.o)
 .text._ZN5daisy11UartHandler4Impl7InitDmaEbb
                0x000000000800d530      0x164 ../../DaisyExamples/libDaisy//build/libdaisy.a(uart.o)
                0x000000000800d530                daisy::UartHandler::Impl::InitDma(bool, bool)
 .text._ZN5daisy11UartHandler4Impl10HandleFifoEv
                0x000000000800d694       0xec ../../DaisyExamples/libDaisy//build/libdaisy.a(uart.o)
                0x000000000800d694                daisy::UartHandler::Impl::HandleFifo()
 .text._ZN5daisy11UartHandler4Impl10StartDmaTxEPhjPFvPvEPFvS3_NS0_6ResultEES3_
                0x000000000800d780       0xcc ../../DaisyExamples/libDaisy//build/libdaisy.a(uart.o)
                0x000000000800d780                daisy::UartHandler::Impl::StartDmaTx(unsigned char*, unsigned int, void (*)(void*), void (*)(void*, daisy::UartHandler::Result), void*)
 .text._ZN5daisy11UartHandler4Impl10StartDmaRxEPhjPFvPvEPFvS3_NS0_6ResultEES3_
                0x000000000800d84c       0xcc ../../DaisyExamples/libDaisy//build/libdaisy.a(uart.o)
                0x000000000800d84c                daisy::UartHandler::Impl::StartDmaRx(unsigned char*, unsigned int, void (*)(void*), void (*)(void*, daisy::UartHandler::Result), void*)
 .text._ZN5daisy11UartHandler4Impl19DmaTransferFinishedEP20__UART_HandleTypeDefNS0_6ResultE
                0x000000000800d918       0xc0 ../../DaisyExamples/libDaisy//build/libdaisy.a(uart.o)
                0x000000000800d918                daisy::UartHandler::Impl::DmaTransferFinished(__UART_HandleTypeDef*, daisy::UartHandler::Result)
 .text._ZN5daisy11UartHandler4Impl8InitPinsEv
                0x000000000800d9d8      0x150 ../../DaisyExamples/libDaisy//build/libdaisy.a(uart.o)
                0x000000000800d9d8                daisy::UartHandler::Impl::InitPins()
 .text.HAL_UART_MspInit
                0x000000000800db28      0x210 ../../DaisyExamples/libDaisy//build/libdaisy.a(uart.o)
                0x000000000800db28                HAL_UART_MspInit
 .text.dsy_uart_global_init
                0x000000000800dd38       0xfc ../../DaisyExamples/libDaisy//build/libdaisy.a(uart.o)
                0x000000000800dd38                dsy_uart_global_init
 .text.USART1_IRQHandler
                0x000000000800de34       0x30 ../../DaisyExamples/libDaisy//build/libdaisy.a(uart.o)
                0x000000000800de34                USART1_IRQHandler
 .text.USART2_IRQHandler
                0x000000000800de64       0x34 ../../DaisyExamples/libDaisy//build/libdaisy.a(uart.o)
                0x000000000800de64                USART2_IRQHandler
 .text.USART3_IRQHandler
                0x000000000800de98       0x34 ../../DaisyExamples/libDaisy//build/libdaisy.a(uart.o)
                0x000000000800de98                USART3_IRQHandler
 .text.UART4_IRQHandler
                0x000000000800decc       0x34 ../../DaisyExamples/libDaisy//build/libdaisy.a(uart.o)
                0x000000000800decc                UART4_IRQHandler
 .text.UART5_IRQHandler
                0x000000000800df00       0x34 ../../DaisyExamples/libDaisy//build/libdaisy.a(uart.o)
                0x000000000800df00                UART5_IRQHandler
 .text.USART6_IRQHandler
                0x000000000800df34       0x34 ../../DaisyExamples/libDaisy//build/libdaisy.a(uart.o)
                0x000000000800df34                USART6_IRQHandler
 .text.UART7_IRQHandler
                0x000000000800df68       0x30 ../../DaisyExamples/libDaisy//build/libdaisy.a(uart.o)
                0x000000000800df68                UART7_IRQHandler
 .text.UART8_IRQHandler
                0x000000000800df98       0x34 ../../DaisyExamples/libDaisy//build/libdaisy.a(uart.o)
                0x000000000800df98                UART8_IRQHandler
 .text.LPUART1_IRQHandler
                0x000000000800dfcc       0x34 ../../DaisyExamples/libDaisy//build/libdaisy.a(uart.o)
                0x000000000800dfcc                LPUART1_IRQHandler
 .text.DMA1_Stream5_IRQHandler
                0x000000000800e000       0x34 ../../DaisyExamples/libDaisy//build/libdaisy.a(uart.o)
                0x000000000800e000                DMA1_Stream5_IRQHandler
 .text.DMA2_Stream4_IRQHandler
                0x000000000800e034       0x34 ../../DaisyExamples/libDaisy//build/libdaisy.a(uart.o)
                0x000000000800e034                DMA2_Stream4_IRQHandler
 .text.HAL_UART_TxCpltCallback
                0x000000000800e068        0x8 ../../DaisyExamples/libDaisy//build/libdaisy.a(uart.o)
                0x000000000800e068                HAL_UART_TxCpltCallback
 .text.HAL_UART_RxCpltCallback
                0x000000000800e070        0x8 ../../DaisyExamples/libDaisy//build/libdaisy.a(uart.o)
                0x000000000800e070                HAL_UART_RxCpltCallback
 .text.HAL_UART_ErrorCallback
                0x000000000800e078        0x8 ../../DaisyExamples/libDaisy//build/libdaisy.a(uart.o)
                0x000000000800e078                HAL_UART_ErrorCallback
 .text.startup._GLOBAL__sub_I__Z19MapInstanceToHandleP13USART_TypeDef
                0x000000000800e080      0x190 ../../DaisyExamples/libDaisy//build/libdaisy.a(uart.o)
 .text.dsy_dma_init
                0x000000000800e210      0x100 ../../DaisyExamples/libDaisy//build/libdaisy.a(dma.o)
                0x000000000800e210                dsy_dma_init
 .text.HAL_MDMA_Abort_IT
                0x000000000800e310       0x2c ../../DaisyExamples/libDaisy//build/libdaisy.a(stm32h7xx_hal_mdma.o)
                0x000000000800e310                HAL_MDMA_Abort_IT
 .text.SPI_CloseTransfer
                0x000000000800e33c       0xb8 ../../DaisyExamples/libDaisy//build/libdaisy.a(stm32h7xx_hal_spi.o)
 .text.HAL_SPI_Init
                0x000000000800e3f4      0x15c ../../DaisyExamples/libDaisy//build/libdaisy.a(stm32h7xx_hal_spi.o)
                0x000000000800e3f4                HAL_SPI_Init
 .text.HAL_SPI_Transmit_DMA
                0x000000000800e550      0x170 ../../DaisyExamples/libDaisy//build/libdaisy.a(stm32h7xx_hal_spi.o)
                0x000000000800e550                HAL_SPI_Transmit_DMA
 .text.HAL_SPI_TransmitReceive_DMA
                0x000000000800e6c0      0x218 ../../DaisyExamples/libDaisy//build/libdaisy.a(stm32h7xx_hal_spi.o)
                0x000000000800e6c0                HAL_SPI_TransmitReceive_DMA
 .text.HAL_SPI_Receive_DMA
                0x000000000800e8d8      0x1b4 ../../DaisyExamples/libDaisy//build/libdaisy.a(stm32h7xx_hal_spi.o)
                0x000000000800e8d8                HAL_SPI_Receive_DMA
 .text.SPI_DMATransmitCplt
                0x000000000800ea8c       0x28 ../../DaisyExamples/libDaisy//build/libdaisy.a(stm32h7xx_hal_spi.o)
 .text.SPI_DMAReceiveCplt
                0x000000000800eab4       0x28 ../../DaisyExamples/libDaisy//build/libdaisy.a(stm32h7xx_hal_spi.o)
 .text.SPI_DMATransmitReceiveCplt
                0x000000000800eadc       0x28 ../../DaisyExamples/libDaisy//build/libdaisy.a(stm32h7xx_hal_spi.o)
 .text.HAL_SPI_TxHalfCpltCallback
                0x000000000800eb04        0x4 ../../DaisyExamples/libDaisy//build/libdaisy.a(stm32h7xx_hal_spi.o)
                0x000000000800eb04                HAL_SPI_TxHalfCpltCallback
 .text.SPI_DMAHalfTransmitCplt
                0x000000000800eb08        0xc ../../DaisyExamples/libDaisy//build/libdaisy.a(stm32h7xx_hal_spi.o)
 .text.HAL_SPI_RxHalfCpltCallback
                0x000000000800eb14        0x4 ../../DaisyExamples/libDaisy//build/libdaisy.a(stm32h7xx_hal_spi.o)
                0x000000000800eb14                HAL_SPI_RxHalfCpltCallback
 .text.SPI_DMAHalfReceiveCplt
                0x000000000800eb18        0xc ../../DaisyExamples/libDaisy//build/libdaisy.a(stm32h7xx_hal_spi.o)
 .text.HAL_SPI_TxRxHalfCpltCallback
                0x000000000800eb24        0x4 ../../DaisyExamples/libDaisy//build/libdaisy.a(stm32h7xx_hal_spi.o)
                0x000000000800eb24                HAL_SPI_TxRxHalfCpltCallback
 .text.SPI_DMAHalfTransmitReceiveCplt
                0x000000000800eb28        0xc ../../DaisyExamples/libDaisy//build/libdaisy.a(stm32h7xx_hal_spi.o)
 .text.SPI_DMAError
                0x000000000800eb34       0xd8 ../../DaisyExamples/libDaisy//build/libdaisy.a(stm32h7xx_hal_spi.o)
 .text.HAL_SPI_IRQHandler
                0x000000000800ec0c      0x23c ../../DaisyExamples/libDaisy//build/libdaisy.a(stm32h7xx_hal_spi.o)
                0x000000000800ec0c                HAL_SPI_IRQHandler
 .text.SPI_DMAAbortOnError
                0x000000000800ee48       0x1c ../../DaisyExamples/libDaisy//build/libdaisy.a(stm32h7xx_hal_spi.o)
 .text.HAL_SPI_GetState
                0x000000000800ee64        0x8 ../../DaisyExamples/libDaisy//build/libdaisy.a(stm32h7xx_hal_spi.o)
                0x000000000800ee64                HAL_SPI_GetState
 .text.HAL_TIM_Base_Init
                0x000000000800ee6c      0x140 ../../DaisyExamples/libDaisy//build/libdaisy.a(stm32h7xx_hal_tim.o)
                0x000000000800ee6c                HAL_TIM_Base_Init
 .text.HAL_TIM_Base_Start
                0x000000000800efac       0x34 ../../DaisyExamples/libDaisy//build/libdaisy.a(stm32h7xx_hal_tim.o)
                0x000000000800efac                HAL_TIM_Base_Start
 .text.HAL_TIM_Base_Start_IT
                0x000000000800efe0       0x2c ../../DaisyExamples/libDaisy//build/libdaisy.a(stm32h7xx_hal_tim.o)
                0x000000000800efe0                HAL_TIM_Base_Start_IT
 .text.HAL_TIM_ConfigClockSource
                0x000000000800f00c      0x17c ../../DaisyExamples/libDaisy//build/libdaisy.a(stm32h7xx_hal_tim.o)
                0x000000000800f00c                HAL_TIM_ConfigClockSource
 .text.HAL_TIM_OC_DelayElapsedCallback
                0x000000000800f188        0x4 ../../DaisyExamples/libDaisy//build/libdaisy.a(stm32h7xx_hal_tim.o)
                0x000000000800f188                HAL_TIM_OC_DelayElapsedCallback
 .text.HAL_TIM_IC_CaptureCallback
                0x000000000800f18c        0x4 ../../DaisyExamples/libDaisy//build/libdaisy.a(stm32h7xx_hal_tim.o)
                0x000000000800f18c                HAL_TIM_IC_CaptureCallback
 .text.HAL_TIM_PWM_PulseFinishedCallback
                0x000000000800f190        0x4 ../../DaisyExamples/libDaisy//build/libdaisy.a(stm32h7xx_hal_tim.o)
                0x000000000800f190                HAL_TIM_PWM_PulseFinishedCallback
 .text.HAL_TIM_TriggerCallback
                0x000000000800f194        0x4 ../../DaisyExamples/libDaisy//build/libdaisy.a(stm32h7xx_hal_tim.o)
                0x000000000800f194                HAL_TIM_TriggerCallback
 .text.HAL_TIM_IRQHandler
                0x000000000800f198      0x170 ../../DaisyExamples/libDaisy//build/libdaisy.a(stm32h7xx_hal_tim.o)
                0x000000000800f198                HAL_TIM_IRQHandler
 .text.HAL_TIMEx_MasterConfigSynchronization
                0x000000000800f308       0x64 ../../DaisyExamples/libDaisy//build/libdaisy.a(stm32h7xx_hal_tim_ex.o)
                0x000000000800f308                HAL_TIMEx_MasterConfigSynchronization
 .text.HAL_TIMEx_CommutCallback
                0x000000000800f36c        0x4 ../../DaisyExamples/libDaisy//build/libdaisy.a(stm32h7xx_hal_tim_ex.o)
                0x000000000800f36c                HAL_TIMEx_CommutCallback
 .text.HAL_TIMEx_BreakCallback
                0x000000000800f370        0x4 ../../DaisyExamples/libDaisy//build/libdaisy.a(stm32h7xx_hal_tim_ex.o)
                0x000000000800f370                HAL_TIMEx_BreakCallback
 .text.HAL_TIMEx_Break2Callback
                0x000000000800f374        0x4 ../../DaisyExamples/libDaisy//build/libdaisy.a(stm32h7xx_hal_tim_ex.o)
                0x000000000800f374                HAL_TIMEx_Break2Callback
 .text.HAL_UART_Transmit_DMA
                0x000000000800f378       0xa4 ../../DaisyExamples/libDaisy//build/libdaisy.a(stm32h7xx_hal_uart.o)
                0x000000000800f378                HAL_UART_Transmit_DMA
 .text.HAL_UART_Receive_DMA
                0x000000000800f41c       0xac ../../DaisyExamples/libDaisy//build/libdaisy.a(stm32h7xx_hal_uart.o)
                0x000000000800f41c                HAL_UART_Receive_DMA
 .text.UART_DMATransmitCplt
                0x000000000800f4c8       0x2c ../../DaisyExamples/libDaisy//build/libdaisy.a(stm32h7xx_hal_uart.o)
 .text.HAL_UART_TxHalfCpltCallback
                0x000000000800f4f4        0x4 ../../DaisyExamples/libDaisy//build/libdaisy.a(stm32h7xx_hal_uart.o)
                0x000000000800f4f4                HAL_UART_TxHalfCpltCallback
 .text.UART_DMATxHalfCplt
                0x000000000800f4f8        0xc ../../DaisyExamples/libDaisy//build/libdaisy.a(stm32h7xx_hal_uart.o)
 .text.UART_DMAReceiveCplt
                0x000000000800f504       0x38 ../../DaisyExamples/libDaisy//build/libdaisy.a(stm32h7xx_hal_uart.o)
 .text.HAL_UART_RxHalfCpltCallback
                0x000000000800f53c        0x4 ../../DaisyExamples/libDaisy//build/libdaisy.a(stm32h7xx_hal_uart.o)
                0x000000000800f53c                HAL_UART_RxHalfCpltCallback
 .text.UART_DMARxHalfCplt
                0x000000000800f540        0xc ../../DaisyExamples/libDaisy//build/libdaisy.a(stm32h7xx_hal_uart.o)
 .text.UART_DMAError
                0x000000000800f54c       0x78 ../../DaisyExamples/libDaisy//build/libdaisy.a(stm32h7xx_hal_uart.o)
 .text.HAL_UART_IRQHandler
                0x000000000800f5c4      0x1d0 ../../DaisyExamples/libDaisy//build/libdaisy.a(stm32h7xx_hal_uart.o)
                0x000000000800f5c4                HAL_UART_IRQHandler
 .text.UART_DMAAbortOnError
                0x000000000800f794       0x14 ../../DaisyExamples/libDaisy//build/libdaisy.a(stm32h7xx_hal_uart.o)
 .text.HAL_UART_GetState
                0x000000000800f7a8        0xc ../../DaisyExamples/libDaisy//build/libdaisy.a(stm32h7xx_hal_uart.o)
                0x000000000800f7a8                HAL_UART_GetState
 .text.UART_SetConfig
                0x000000000800f7b4     0x14b8 ../../DaisyExamples/libDaisy//build/libdaisy.a(stm32h7xx_hal_uart.o)
                0x000000000800f7b4                UART_SetConfig
 .text.UART_AdvFeatureConfig
                0x0000000008010c6c       0xb0 ../../DaisyExamples/libDaisy//build/libdaisy.a(stm32h7xx_hal_uart.o)
                0x0000000008010c6c                UART_AdvFeatureConfig
 .text.UART_CheckIdleState
                0x0000000008010d1c       0x84 ../../DaisyExamples/libDaisy//build/libdaisy.a(stm32h7xx_hal_uart.o)
                0x0000000008010d1c                UART_CheckIdleState
 .text.HAL_UART_Init