Archive member included to satisfy reference by file (symbol)

../../DaisyExamples/libDaisy//build/libdaisy.a(daisy_seed.o)
                              build/MachineDaisyFile.o (daisy::DaisySeed::StartAudio(void (*)(float const* const*, float**, unsigned int)))
../../DaisyExamples/libDaisy//build/libdaisy.a(codec_ak4556.o)
                              ../../DaisyExamples/libDaisy//build/libdaisy.a(daisy_seed.o) (daisy::Ak4556::Init(dsy_gpio_pin))
../../DaisyExamples/libDaisy//build/libdaisy.a(codec_wm8731.o)
                              ../../DaisyExamples/libDaisy//build/libdaisy.a(daisy_seed.o) (daisy::Wm8731::Init(daisy::Wm8731::Config const&, daisy::I2CHandle))
../../DaisyExamples/libDaisy//build/libdaisy.a(sdram.o)
                              ../../DaisyExamples/libDaisy//build/libdaisy.a(daisy_seed.o) (SdramHandle::Init())
../../DaisyExamples/libDaisy//build/libdaisy.a(audio.o)
                              ../../DaisyExamples/libDaisy//build/libdaisy.a(daisy_seed.o) (daisy::AudioHandle::Init(daisy::AudioHandle::Config const&, daisy::SaiHandle))
../../DaisyExamples/libDaisy//build/libdaisy.a(switch.o)
                              build/MachineDaisyFile.o (daisy::Switch::Init(dsy_gpio_pin, float))
../../DaisyExamples/libDaisy//build/libdaisy.a(adc.o)
                              build/MachineDaisyFile.o (daisy::AdcChannelConfig::InitSingle(dsy_gpio_pin))
../../DaisyExamples/libDaisy//build/libdaisy.a(gpio.o)
                              ../../DaisyExamples/libDaisy//build/libdaisy.a(daisy_seed.o) (dsy_gpio_init)
../../DaisyExamples/libDaisy//build/libdaisy.a(i2c.o)
                              ../../DaisyExamples/libDaisy//build/libdaisy.a(daisy_seed.o) (daisy::I2CHandle::Init(daisy::I2CHandle::Config const&))
../../DaisyExamples/libDaisy//build/libdaisy.a(qspi.o)
                              ../../DaisyExamples/libDaisy//build/libdaisy.a(daisy_seed.o) (daisy::QSPIHandle::Init(daisy::QSPIHandle::Config const&))
../../DaisyExamples/libDaisy//build/libdaisy.a(sai.o)
                              ../../DaisyExamples/libDaisy//build/libdaisy.a(daisy_seed.o) (daisy::SaiHandle::Init(daisy::SaiHandle::Config const&))
../../DaisyExamples/libDaisy//build/libdaisy.a(system.o)
                              ../../DaisyExamples/libDaisy//build/libdaisy.a(daisy_seed.o) (daisy::System::DeInit())
../../DaisyExamples/libDaisy//build/libdaisy.a(system_stm32h7xx.o)
                              build/startup_stm32h750xx.o (SystemInit)
../../DaisyExamples/libDaisy//build/libdaisy.a(usbd_conf.o)
                              ../../DaisyExamples/libDaisy//build/libdaisy.a(system.o) (hpcd_USB_OTG_HS)
../../DaisyExamples/libDaisy//build/libdaisy.a(usbh_conf.o)
                              ../../DaisyExamples/libDaisy//build/libdaisy.a(system.o) (hhcd_USB_OTG_HS)
../../DaisyExamples/libDaisy//build/libdaisy.a(hal_map.o)
                              ../../DaisyExamples/libDaisy//build/libdaisy.a(gpio.o) (dsy_hal_map_get_port)
../../DaisyExamples/libDaisy//build/libdaisy.a(stm32h7xx_hal.o)
                              ../../DaisyExamples/libDaisy//build/libdaisy.a(system.o) (HAL_Init)
../../DaisyExamples/libDaisy//build/libdaisy.a(stm32h7xx_hal_adc.o)
                              ../../DaisyExamples/libDaisy//build/libdaisy.a(adc.o) (HAL_ADC_ConfigChannel)
../../DaisyExamples/libDaisy//build/libdaisy.a(stm32h7xx_hal_adc_ex.o)
                              ../../DaisyExamples/libDaisy//build/libdaisy.a(adc.o) (HAL_ADCEx_Calibration_Start)
../../DaisyExamples/libDaisy//build/libdaisy.a(stm32h7xx_hal_cortex.o)
                              ../../DaisyExamples/libDaisy//build/libdaisy.a(stm32h7xx_hal.o) (HAL_NVIC_SetPriorityGrouping)
../../DaisyExamples/libDaisy//build/libdaisy.a(stm32h7xx_hal_dma.o)
                              ../../DaisyExamples/libDaisy//build/libdaisy.a(adc.o) (HAL_DMA_Init)
../../DaisyExamples/libDaisy//build/libdaisy.a(stm32h7xx_hal_gpio.o)
                              ../../DaisyExamples/libDaisy//build/libdaisy.a(sdram.o) (HAL_GPIO_Init)
../../DaisyExamples/libDaisy//build/libdaisy.a(stm32h7xx_hal_hcd.o)
                              ../../DaisyExamples/libDaisy//build/libdaisy.a(usbh_conf.o) (HAL_HCD_HC_Init)
../../DaisyExamples/libDaisy//build/libdaisy.a(stm32h7xx_hal_i2c.o)
                              ../../DaisyExamples/libDaisy//build/libdaisy.a(i2c.o) (HAL_I2C_Init)
../../DaisyExamples/libDaisy//build/libdaisy.a(stm32h7xx_hal_i2c_ex.o)
                              ../../DaisyExamples/libDaisy//build/libdaisy.a(i2c.o) (HAL_I2CEx_ConfigAnalogFilter)
../../DaisyExamples/libDaisy//build/libdaisy.a(stm32h7xx_hal_pcd.o)
                              ../../DaisyExamples/libDaisy//build/libdaisy.a(usbd_conf.o) (HAL_PCD_Init)
../../DaisyExamples/libDaisy//build/libdaisy.a(stm32h7xx_hal_pcd_ex.o)
                              ../../DaisyExamples/libDaisy//build/libdaisy.a(usbd_conf.o) (HAL_PCDEx_SetTxFiFo)
../../DaisyExamples/libDaisy//build/libdaisy.a(stm32h7xx_hal_pwr_ex.o)
[...]
Memory Configuration

Name             Origin             Length             Attributes
FLASH            0x0000000008000000 0x0000000000020000 xr
DTCMRAM          0x0000000020000000 0x0000000000020000 xrw
SRAM             0x0000000024000000 0x0000000000080000 xrw
RAM_D2           0x0000000030000000 0x0000000000048000 xrw
RAM_D3           0x0000000038000000 0x0000000000010000 xrw
ITCMRAM          0x0000000000000000 0x0000000000010000 xrw
SDRAM            0x00000000c0000000 0x0000000004000000 xrw
QSPIFLASH        0x0000000090000000 0x0000000000800000 xr
*default*        0x0000000000000000 0xffffffffffffffff

Linker script and memory map

LOAD /Library/DaisyToolchain/0.2.0/arm/bin/../lib/gcc/arm-none-eabi/10.3.1/thumb/v7e-m+dp/hard/crti.o
LOAD /Library/DaisyToolchain/0.2.0/arm/bin/../lib/gcc/arm-none-eabi/10.3.1/thumb/v7e-m+dp/hard/crtbegin.o
LOAD /Library/DaisyToolchain/0.2.0/arm/bin/../lib/gcc/arm-none-eabi/10.3.1/../../../../arm-none-eabi/lib/thumb/v7e-m+dp/hard/crt0.o
LOAD build/startup_stm32h750xx.o
LOAD build/MachineDaisyFile.o
LOAD ../../DaisyExamples/libDaisy//build/libdaisy.a
LOAD /Library/DaisyToolchain/0.2.0/arm/bin/../lib/gcc/arm-none-eabi/10.3.1/../../../../arm-none-eabi/lib/thumb/v7e-m+dp/hard/libnosys.a
LOAD ../../DaisyExamples/DaisySP//build/libdaisysp.a
LOAD /Library/DaisyToolchain/0.2.0/arm/bin/../lib/gcc/arm-none-eabi/10.3.1/../../../../arm-none-eabi/lib/thumb/v7e-m+dp/hard/libstdc++_nano.a
LOAD /Library/DaisyToolchain/0.2.0/arm/bin/../lib/gcc/arm-none-eabi/10.3.1/../../../../arm-none-eabi/lib/thumb/v7e-m+dp/hard/libm.a
LOAD /Library/DaisyToolchain/0.2.0/arm/bin/../lib/gcc/arm-none-eabi/10.3.1/../../../../arm-none-eabi/lib/thumb/v7e-m+dp/hard/libc_nano.a
START GROUP
LOAD /Library/DaisyToolchain/0.2.0/arm/bin/../lib/gcc/arm-none-eabi/10.3.1/thumb/v7e-m+dp/hard/libgcc.a
LOAD /Library/DaisyToolchain/0.2.0/arm/bin/../lib/gcc/arm-none-eabi/10.3.1/../../../../arm-none-eabi/lib/thumb/v7e-m+dp/hard/libc_nano.a
END GROUP
START GROUP
LOAD /Library/DaisyToolchain/0.2.0/arm/bin/../lib/gcc/arm-none-eabi/10.3.1/thumb/v7e-m+dp/hard/libgcc.a
LOAD /Library/DaisyToolchain/0.2.0/arm/bin/../lib/gcc/arm-none-eabi/10.3.1/../../../../arm-none-eabi/lib/thumb/v7e-m+dp/hard/libc_nano.a
LOAD /Library/DaisyToolchain/0.2.0/arm/bin/../lib/gcc/arm-none-eabi/10.3.1/../../../../arm-none-eabi/lib/thumb/v7e-m+dp/hard/libnosys.a
END GROUP
START GROUP
LOAD /Library/DaisyToolchain/0.2.0/arm/bin/../lib/gcc/arm-none-eabi/10.3.1/thumb/v7e-m+dp/hard/libgcc.a
LOAD /Library/DaisyToolchain/0.2.0/arm/bin/../lib/gcc/arm-none-eabi/10.3.1/../../../../arm-none-eabi/lib/thumb/v7e-m+dp/hard/libc_nano.a
LOAD /Library/DaisyToolchain/0.2.0/arm/bin/../lib/gcc/arm-none-eabi/10.3.1/../../../../arm-none-eabi/lib/thumb/v7e-m+dp/hard/libnosys.a
END GROUP
LOAD /Library/DaisyToolchain/0.2.0/arm/bin/../lib/gcc/arm-none-eabi/10.3.1/thumb/v7e-m+dp/hard/crtend.o
LOAD /Library/DaisyToolchain/0.2.0/arm/bin/../lib/gcc/arm-none-eabi/10.3.1/thumb/v7e-m+dp/hard/crtn.o
                0x0000000020020000                _estack = 0x20020000

.isr_vector     0x0000000008000000      0x298
                0x0000000008000000                . = ALIGN (0x4)
 *(.isr_vector)
 .isr_vector    0x0000000008000000      0x298 build/startup_stm32h750xx.o
                0x0000000008000000                g_pfnVectors
                0x0000000008000298                . = ALIGN (0x4)

.text           0x00000000080002a0    0x15318
                0x00000000080002a0                . = ALIGN (0x4)
                0x00000000080002a0                _stext = .
 *(.text)
 .text          0x00000000080002a0       0x40 /Library/DaisyToolchain/0.2.0/arm/bin/../lib/gcc/arm-none-eabi/10.3.1/thumb/v7e-m+dp/hard/crtbegin.o
 .text          0x00000000080002e0       0xa0 /Library/DaisyToolchain/0.2.0/arm/bin/../lib/gcc/arm-none-eabi/10.3.1/../../../../arm-none-eabi/lib/thumb/v7e-m+dp/hard/libc_nano.a(lib_a-memchr.o)
                0x00000000080002e0                memchr
 .text          0x0000000008000380      0x378 /Library/DaisyToolchain/0.2.0/arm/bin/../lib/gcc/arm-none-eabi/10.3.1/thumb/v7e-m+dp/hard/libgcc.a(_arm_addsubdf3.o)
                0x0000000008000380                __aeabi_drsub
                0x0000000008000388                __subdf3
                0x0000000008000388                __aeabi_dsub
                0x000000000800038c                __aeabi_dadd
                0x000000000800038c                __adddf3
                0x0000000008000604                __aeabi_ui2d
                0x0000000008000604                __floatunsidf
                0x0000000008000624                __floatsidf
                0x0000000008000624                __aeabi_i2d
                0x0000000008000648                __extendsfdf2
                0x0000000008000648                __aeabi_f2d
                0x000000000800068c                __aeabi_ul2d
                0x000000000800068c                __floatundidf
                0x000000000800069c                __aeabi_l2d
                0x000000000800069c                __floatdidf
 .text          0x00000000080006f8       0x30 /Library/DaisyToolchain/0.2.0/arm/bin/../lib/gcc/arm-none-eabi/10.3.1/thumb/v7e-m+dp/hard/libgcc.a(_aeabi_uldivmod.o)
                0x00000000080006f8                __aeabi_uldivmod
 .text          0x0000000008000728      0x2d0 /Library/DaisyToolchain/0.2.0/arm/bin/../lib/gcc/arm-none-eabi/10.3.1/thumb/v7e-m+dp/hard/libgcc.a(_udivmoddi4.o)
                0x0000000008000728                __udivmoddi4
 .text          0x00000000080009f8        0x4 /Library/DaisyToolchain/0.2.0/arm/bin/../lib/gcc/arm-none-eabi/10.3.1/thumb/v7e-m+dp/hard/libgcc.a(_dvmd_tls.o)
                0x00000000080009f8                __aeabi_ldiv0
                0x00000000080009f8                __aeabi_idiv0
 *(.text*)
 .text.Default_Handler
                0x00000000080009fc        0x4 build/startup_stm32h750xx.o
                0x00000000080009fc                SAI1_IRQHandler
                0x00000000080009fc                HASH_RNG_IRQHandler
                0x00000000080009fc                EXTI2_IRQHandler
                0x00000000080009fc                TIM8_CC_IRQHandler
                0x00000000080009fc                HRTIM1_Master_IRQHandler
                0x00000000080009fc                DebugMon_Handler
                0x00000000080009fc                TIM1_CC_IRQHandler
                0x00000000080009fc                BDMA_Channel6_IRQHandler
                0x00000000080009fc                DMA2_Stream5_IRQHandler
                0x00000000080009fc                HRTIM1_FLT_IRQHandler
                0x00000000080009fc                JPEG_IRQHandler
                0x00000000080009fc                BDMA_Channel1_IRQHandler
                0x00000000080009fc                HRTIM1_TIMD_IRQHandler
                0x00000000080009fc                TAMP_STAMP_IRQHandler
                0x00000000080009fc                PendSV_Handler
                0x00000000080009fc                NMI_Handler
                0x00000000080009fc                EXTI3_IRQHandler
                0x00000000080009fc                LPTIM4_IRQHandler
                0x00000000080009fc                TIM8_TRG_COM_TIM14_IRQHandler
                0x00000000080009fc                LPTIM2_IRQHandler
                0x00000000080009fc                DFSDM1_FLT1_IRQHandler
                0x00000000080009fc                DMAMUX2_OVR_IRQHandler
                0x00000000080009fc                TIM8_UP_TIM13_IRQHandler
                0x00000000080009fc                I2C3_ER_IRQHandler
                0x00000000080009fc                DFSDM1_FLT2_IRQHandler
                0x00000000080009fc                MDMA_IRQHandler
                0x00000000080009fc                LPTIM3_IRQHandler
                0x00000000080009fc                HSEM1_IRQHandler
                0x00000000080009fc                EXTI0_IRQHandler
                0x00000000080009fc                FPU_IRQHandler
                0x00000000080009fc                OTG_HS_WKUP_IRQHandler
                0x00000000080009fc                FDCAN1_IT1_IRQHandler
                0x00000000080009fc                UsageFault_Handler
                0x00000000080009fc                LTDC_ER_IRQHandler
                0x00000000080009fc                HRTIM1_TIME_IRQHandler
                0x00000000080009fc                TIM6_DAC_IRQHandler
                0x00000000080009fc                DCMI_IRQHandler
                0x00000000080009fc                HRTIM1_TIMC_IRQHandler
                0x00000000080009fc                SAI2_IRQHandler
                0x00000000080009fc                DFSDM1_FLT3_IRQHandler
                0x00000000080009fc                TIM17_IRQHandler
                0x00000000080009fc                CRYP_IRQHandler
                0x00000000080009fc                BDMA_Channel7_IRQHandler
                0x00000000080009fc                LPTIM5_IRQHandler
                0x00000000080009fc                ADC3_IRQHandler
                0x00000000080009fc                DMA2_Stream0_IRQHandler
                0x00000000080009fc                BDMA_Channel2_IRQHandler
                0x00000000080009fc                DMAMUX1_OVR_IRQHandler
                0x00000000080009fc                TIM16_IRQHandler
                0x00000000080009fc                BDMA_Channel5_IRQHandler
                0x00000000080009fc                RCC_IRQHandler
                0x00000000080009fc                TIM8_BRK_TIM12_IRQHandler
                0x00000000080009fc                TIM1_TRG_COM_IRQHandler
                0x00000000080009fc                Default_Handler
                0x00000000080009fc                ECC_IRQHandler
                0x00000000080009fc                CEC_IRQHandler
                0x00000000080009fc                EXTI15_10_IRQHandler
                0x00000000080009fc                BDMA_Channel0_IRQHandler
                0x00000000080009fc                ADC_IRQHandler
                0x00000000080009fc                DMA1_Stream7_IRQHandler
                0x00000000080009fc                HRTIM1_TIMA_IRQHandler
                0x00000000080009fc                TIM7_IRQHandler
                0x00000000080009fc                SDMMC1_IRQHandler
                0x00000000080009fc                DMA2_Stream7_IRQHandler
                0x00000000080009fc                TIM15_IRQHandler
                0x00000000080009fc                PVD_AVD_IRQHandler
                0x00000000080009fc                EXTI9_5_IRQHandler
                0x00000000080009fc                RTC_WKUP_IRQHandler
                0x00000000080009fc                LTDC_IRQHandler
                0x00000000080009fc                SAI3_IRQHandler
                0x00000000080009fc                ETH_WKUP_IRQHandler
                0x00000000080009fc                SPDIF_RX_IRQHandler
                0x00000000080009fc                MemManage_Handler
                0x00000000080009fc                SVC_Handler
                0x00000000080009fc                CRS_IRQHandler
                0x00000000080009fc                EXTI4_IRQHandler
                0x00000000080009fc                HRTIM1_TIMB_IRQHandler
                0x00000000080009fc                FDCAN2_IT1_IRQHandler
                0x00000000080009fc                ETH_IRQHandler
                0x00000000080009fc                TIM1_UP_IRQHandler
                0x00000000080009fc                BDMA_Channel4_IRQHandler
                0x00000000080009fc                WWDG_IRQHandler
                0x00000000080009fc                SPI6_IRQHandler
                0x00000000080009fc                I2C4_EV_IRQHandler
                0x00000000080009fc                MDIOS_IRQHandler
                0x00000000080009fc                FDCAN2_IT0_IRQHandler
                0x00000000080009fc                FDCAN1_IT0_IRQHandler
                0x00000000080009fc                OTG_FS_WKUP_IRQHandler
                0x00000000080009fc                DMA2D_IRQHandler
                0x00000000080009fc                TIM1_BRK_IRQHandler
                0x00000000080009fc                EXTI1_IRQHandler
                0x00000000080009fc                SDMMC2_IRQHandler
                0x00000000080009fc                OTG_FS_EP1_OUT_IRQHandler
                0x00000000080009fc                BDMA_Channel3_IRQHandler
                0x00000000080009fc                MDIOS_WKUP_IRQHandler
                0x00000000080009fc                DFSDM1_FLT0_IRQHandler
                0x00000000080009fc                SAI4_IRQHandler
                0x00000000080009fc                I2C2_ER_IRQHandler
                0x00000000080009fc                DMA2_Stream1_IRQHandler
                0x00000000080009fc                FLASH_IRQHandler
                0x00000000080009fc                BusFault_Handler
                0x00000000080009fc                OTG_FS_IRQHandler
                0x00000000080009fc                WAKEUP_PIN_IRQHandler
                0x00000000080009fc                OTG_FS_EP1_IN_IRQHandler
                0x00000000080009fc                I2C1_ER_IRQHandler
                0x00000000080009fc                FMC_IRQHandler
                0x00000000080009fc                FDCAN_CAL_IRQHandler
                0x00000000080009fc                SWPMI1_IRQHandler
                0x00000000080009fc                COMP1_IRQHandler
                0x00000000080009fc                LPTIM1_IRQHandler
                0x00000000080009fc                I2C4_ER_IRQHandler
                0x00000000080009fc                DMA2_Stream6_IRQHandler
                0x00000000080009fc                RTC_Alarm_IRQHandler
 .text.Reset_Handler
                0x0000000008000a00       0x44 build/startup_stm32h750xx.o
                0x0000000008000a00                Reset_Handler
 .text._ZN5daisy9AdcHandleD2Ev
                0x0000000008000a44        0x4 build/MachineDaisyFile.o
                0x0000000008000a44                daisy::AdcHandle::~AdcHandle()
                0x0000000008000a44                daisy::AdcHandle::~AdcHandle()
 .text._ZN5daisy6SwitchD2Ev
                0x0000000008000a48        0x4 build/MachineDaisyFile.o
                0x0000000008000a48                daisy::Switch::~Switch()
                0x0000000008000a48                daisy::Switch::~Switch()
 .text._ZN5daisy9DaisySeedD2Ev
                0x0000000008000a4c        0x4 build/MachineDaisyFile.o
                0x0000000008000a4c                daisy::DaisySeed::~DaisySeed()
                0x0000000008000a4c                daisy::DaisySeed::~DaisySeed()
 .text._ZN7daisysp5AdEnvD2Ev
                0x0000000008000a50        0x4 build/MachineDaisyFile.o
                0x0000000008000a50                daisysp::AdEnv::~AdEnv()
                0x0000000008000a50                daisysp::AdEnv::~AdEnv()
 .text._ZN7daisysp14AnalogBassDrumD2Ev
                0x0000000008000a54        0x4 build/MachineDaisyFile.o
                0x0000000008000a54                daisysp::AnalogBassDrum::~AnalogBassDrum()
                0x0000000008000a54                daisysp::AnalogBassDrum::~AnalogBassDrum()
 .text._ZN7daisysp15AnalogSnareDrumD2Ev
                0x0000000008000a58        0x4 build/MachineDaisyFile.o
                0x0000000008000a58                daisysp::AnalogSnareDrum::~AnalogSnareDrum()
                0x0000000008000a58                daisysp::AnalogSnareDrum::~AnalogSnareDrum()
 .text._ZN7daisysp17SyntheticBassDrumD2Ev
                0x0000000008000a5c        0x4 build/MachineDaisyFile.o
                0x0000000008000a5c                daisysp::SyntheticBassDrum::~SyntheticBassDrum()
                0x0000000008000a5c                daisysp::SyntheticBassDrum::~SyntheticBassDrum()
 .text._ZN7daisysp5MetroD2Ev
                0x0000000008000a60        0x4 build/MachineDaisyFile.o
                0x0000000008000a60                daisysp::Metro::~Metro()
                0x0000000008000a60                daisysp::Metro::~Metro()
 .text._ZN7daisysp5HiHatINS_11SquareNoiseENS_9LinearVCAELb1EED2Ev
                0x0000000008000a64        0x4 build/MachineDaisyFile.o
                0x0000000008000a64                daisysp::HiHat<daisysp::SquareNoise, daisysp::LinearVCA, true>::~HiHat()
                0x0000000008000a64                daisysp::HiHat<daisysp::SquareNoise, daisysp::LinearVCA, true>::~HiHat()
 .text._ZN6EZ_DSP9DelayLineIfLj96000EED2Ev
                0x0000000008000a68        0x4 build/MachineDaisyFile.o
                0x0000000008000a68                EZ_DSP::DelayLine<float, 96000u>::~DelayLine()
                0x0000000008000a68                EZ_DSP::DelayLine<float, 96000u>::~DelayLine()
 .text._Z15isButtonPressedi
                0x0000000008000a6c       0xf0 build/MachineDaisyFile.o
                0x0000000008000a6c                isButtonPressed(int)
 .text._Z14processButtonsv
                0x0000000008000b5c       0x78 build/MachineDaisyFile.o
                0x0000000008000b5c                processButtons()
 *fill*         0x0000000008000bd4        0x4 
 .text._Z13setDrumParamsv
                0x0000000008000bd8      0x10c build/MachineDaisyFile.o
                0x0000000008000bd8                setDrumParams()
 *fill*         0x0000000008000ce4        0x4 
 .text._Z9initDrumsv
                0x0000000008000ce8      0x130 build/MachineDaisyFile.o
                0x0000000008000ce8                initDrums()
 .text._Z12initControlsv
                0x0000000008000e18       0x58 build/MachineDaisyFile.o
                0x0000000008000e18                initControls()
 .text.startup.main
                0x0000000008000e70       0x74 build/MachineDaisyFile.o
                0x0000000008000e70                main
 .text._ZN7daisysp5HiHatINS_11SquareNoiseENS_9LinearVCAELb1EE7ProcessEb
                0x0000000008000ee4      0x23c build/MachineDaisyFile.o
                0x0000000008000ee4                daisysp::HiHat<daisysp::SquareNoise, daisysp::LinearVCA, true>::Process(bool)
 .text._Z9sequencerRfS_
                0x0000000008001120      0x23c build/MachineDaisyFile.o
                0x0000000008001120                sequencer(float&, float&)
 .text._Z13AudioCallbackPKPKfPPfj
                0x000000000800135c       0x24 build/MachineDaisyFile.o
                0x000000000800135c                AudioCallback(float const* const*, float**, unsigned int)
 .text.startup._GLOBAL__sub_I_drumMode
                0x0000000008001380       0xf4 build/MachineDaisyFile.o
 .text._ZN5daisy9DaisySeed10StartAudioEPFvPKPKfPPfjE
                0x0000000008001474        0x8 ../../DaisyExamples/libDaisy//build/libdaisy.a(daisy_seed.o)
                0x0000000008001474                daisy::DaisySeed::StartAudio(void (*)(float const* const*, float**, unsigned int))
 .text._ZN5daisy9DaisySeed18SetAudioSampleRateENS_9SaiHandle6Config10SampleRateE
                0x000000000800147c       0x38 ../../DaisyExamples/libDaisy//build/libdaisy.a(daisy_seed.o)
                0x000000000800147c                daisy::DaisySeed::SetAudioSampleRate(daisy::SaiHandle::Config::SampleRate)
 .text._ZN5daisy9DaisySeed15AudioSampleRateEv
                0x00000000080014b4        0x8 ../../DaisyExamples/libDaisy//build/libdaisy.a(daisy_seed.o)
                0x00000000080014b4                daisy::DaisySeed::AudioSampleRate()
 .text._ZN5daisy9DaisySeed17SetAudioBlockSizeEj
                0x00000000080014bc       0x38 ../../DaisyExamples/libDaisy//build/libdaisy.a(daisy_seed.o)
                0x00000000080014bc                daisy::DaisySeed::SetAudioBlockSize(unsigned int)
 .text._ZN5daisy9DaisySeed6SetLedEb
                0x00000000080014f4        0x8 ../../DaisyExamples/libDaisy//build/libdaisy.a(daisy_seed.o)
                0x00000000080014f4                daisy::DaisySeed::SetLed(bool)
 .text._ZN5daisy9DaisySeed14ConfigureAudioEv
                0x00000000080014fc       0xd0 ../../DaisyExamples/libDaisy//build/libdaisy.a(daisy_seed.o)
                0x00000000080014fc                daisy::DaisySeed::ConfigureAudio()
 .text._ZN5daisy9DaisySeed4InitEb
                0x00000000080015cc       0xf0 ../../DaisyExamples/libDaisy//build/libdaisy.a(daisy_seed.o)
                0x00000000080015cc                daisy::DaisySeed::Init(bool)
 .text._ZN5daisy6Ak45564InitE12dsy_gpio_pin
                0x00000000080016bc       0x44 ../../DaisyExamples/libDaisy//build/libdaisy.a(codec_ak4556.o)
                0x00000000080016bc                daisy::Ak4556::Init(dsy_gpio_pin)
 .text._ZN5daisy6Wm873120WriteControlRegisterEht
                0x0000000008001700       0x3c ../../DaisyExamples/libDaisy//build/libdaisy.a(codec_wm8731.o)
                0x0000000008001700                daisy::Wm8731::WriteControlRegister(unsigned char, unsigned short)
 .text._ZN5daisy6Wm87314InitERKNS0_6ConfigENS_9I2CHandleE
                0x000000000800173c      0x1bc ../../DaisyExamples/libDaisy//build/libdaisy.a(codec_wm8731.o)
                0x000000000800173c                daisy::Wm8731::Init(daisy::Wm8731::Config const&, daisy::I2CHandle)
 .text._ZN11SdramHandle10DeviceInitEv
                0x00000000080018f8       0x98 ../../DaisyExamples/libDaisy//build/libdaisy.a(sdram.o)
                0x00000000080018f8                SdramHandle::DeviceInit()
 .text._ZN11SdramHandle4InitEv
                0x0000000008001990       0x7c ../../DaisyExamples/libDaisy//build/libdaisy.a(sdram.o)
                0x0000000008001990                SdramHandle::Init()
 .text.HAL_SDRAM_MspInit
                0x0000000008001a0c      0x1a8 ../../DaisyExamples/libDaisy//build/libdaisy.a(sdram.o)
                0x0000000008001a0c                HAL_SDRAM_MspInit
 .text._ZN5daisy11AudioHandle4Impl16InternalCallbackEPlS2_j
                0x0000000008001bb4      0xbbc ../../DaisyExamples/libDaisy//build/libdaisy.a(audio.o)
                0x0000000008001bb4                daisy::AudioHandle::Impl::InternalCallback(long*, long*, unsigned int)
 .text._ZN5daisy11AudioHandle4InitERKNS0_6ConfigENS_9SaiHandleE
                0x0000000008002770       0x70 ../../DaisyExamples/libDaisy//build/libdaisy.a(audio.o)
                0x0000000008002770                daisy::AudioHandle::Init(daisy::AudioHandle::Config const&, daisy::SaiHandle)
 .text._ZNK5daisy11AudioHandle9GetConfigEv
                0x00000000080027e0        0x8 ../../DaisyExamples/libDaisy//build/libdaisy.a(audio.o)
                0x00000000080027e0                daisy::AudioHandle::GetConfig() const
 .text._ZN5daisy11AudioHandle12SetBlockSizeEj
                0x00000000080027e8       0x1c ../../DaisyExamples/libDaisy//build/libdaisy.a(audio.o)
                0x00000000080027e8                daisy::AudioHandle::SetBlockSize(unsigned int)
 .text._ZN5daisy11AudioHandle13GetSampleRateEv
                0x0000000008002804        0x8 ../../DaisyExamples/libDaisy//build/libdaisy.a(audio.o)
                0x0000000008002804                daisy::AudioHandle::GetSampleRate()
 .text._ZN5daisy11AudioHandle13SetSampleRateENS_9SaiHandle6Config10SampleRateE
                0x000000000800280c       0x88 ../../DaisyExamples/libDaisy//build/libdaisy.a(audio.o)
                0x000000000800280c                daisy::AudioHandle::SetSampleRate(daisy::SaiHandle::Config::SampleRate)
 .text._ZN5daisy11AudioHandle5StartEPFvPKPKfPPfjE
                0x0000000008002894       0x44 ../../DaisyExamples/libDaisy//build/libdaisy.a(audio.o)
                0x0000000008002894                daisy::AudioHandle::Start(void (*)(float const* const*, float**, unsigned int))
 .text.startup._GLOBAL__sub_I__ZN5daisy11AudioHandle4Impl4InitENS0_6ConfigENS_9SaiHandleE
                0x00000000080028d8       0x24 ../../DaisyExamples/libDaisy//build/libdaisy.a(audio.o)
 .text._ZN5daisy6Switch4InitE12dsy_gpio_pinf
                0x00000000080028fc       0x34 ../../DaisyExamples/libDaisy//build/libdaisy.a(switch.o)
                0x00000000080028fc                daisy::Switch::Init(dsy_gpio_pin, float)
 .text._ZN5daisy6Switch8DebounceEv
                0x0000000008002930       0x5c ../../DaisyExamples/libDaisy//build/libdaisy.a(switch.o)
                0x0000000008002930                daisy::Switch::Debounce()
 .text._ZN5daisy16AdcChannelConfig10InitSingleE12dsy_gpio_pin
                0x000000000800298c       0x1c ../../DaisyExamples/libDaisy//build/libdaisy.a(adc.o)
                0x000000000800298c                daisy::AdcChannelConfig::InitSingle(dsy_gpio_pin)
 .text._ZN5daisy9AdcHandle4InitEPNS_16AdcChannelConfigEjNS0_12OverSamplingE
                0x00000000080029a8      0x3c8 ../../DaisyExamples/libDaisy//build/libdaisy.a(adc.o)
                0x00000000080029a8                daisy::AdcHandle::Init(daisy::AdcChannelConfig*, unsigned int, daisy::AdcHandle::OverSampling)
 .text._ZN5daisy9AdcHandle5StartEv
                0x0000000008002d70       0x2c ../../DaisyExamples/libDaisy//build/libdaisy.a(adc.o)
                0x0000000008002d70                daisy::AdcHandle::Start()
 .text._ZNK5daisy9AdcHandle8GetFloatEh
                0x0000000008002d9c       0x20 ../../DaisyExamples/libDaisy//build/libdaisy.a(adc.o)
                0x0000000008002d9c                daisy::AdcHandle::GetFloat(unsigned char) const
 .text.HAL_ADC_MspInit
                0x0000000008002dbc       0x98 ../../DaisyExamples/libDaisy//build/libdaisy.a(adc.o)
                0x0000000008002dbc                HAL_ADC_MspInit
 .text.DMA1_Stream2_IRQHandler
                0x0000000008002e54        0xc ../../DaisyExamples/libDaisy//build/libdaisy.a(adc.o)
                0x0000000008002e54                DMA1_Stream2_IRQHandler
 .text.HAL_ADC_ConvCpltCallback
                0x0000000008002e60      0x148 ../../DaisyExamples/libDaisy//build/libdaisy.a(adc.o)
                0x0000000008002e60                HAL_ADC_ConvCpltCallback
 .text.HAL_ADC_ErrorCallback
                0x0000000008002fa8        0x4 ../../DaisyExamples/libDaisy//build/libdaisy.a(adc.o)
                0x0000000008002fa8                HAL_ADC_ErrorCallback
 .text.dsy_gpio_init
                0x0000000008002fac      0x1b8 ../../DaisyExamples/libDaisy//build/libdaisy.a(gpio.o)
                0x0000000008002fac                dsy_gpio_init
 .text.dsy_gpio_read
                0x0000000008003164       0x1c ../../DaisyExamples/libDaisy//build/libdaisy.a(gpio.o)
                0x0000000008003164                dsy_gpio_read
 .text.dsy_gpio_write
                0x0000000008003180       0x24 ../../DaisyExamples/libDaisy//build/libdaisy.a(gpio.o)
                0x0000000008003180                dsy_gpio_write
 .text._ZN5daisy9I2CHandle4Impl8InitPinsEv
                0x00000000080031a4       0x58 ../../DaisyExamples/libDaisy//build/libdaisy.a(i2c.o)
                0x00000000080031a4                daisy::I2CHandle::Impl::InitPins()
 .text.HAL_I2C_MspInit
                0x00000000080031fc      0x1b4 ../../DaisyExamples/libDaisy//build/libdaisy.a(i2c.o)
                0x00000000080031fc                HAL_I2C_MspInit
 .text.dsy_i2c_global_init
                0x00000000080033b0       0x78 ../../DaisyExamples/libDaisy//build/libdaisy.a(i2c.o)
                0x00000000080033b0                dsy_i2c_global_init
 .text.DMA1_Stream6_IRQHandler
                0x0000000008003428       0x34 ../../DaisyExamples/libDaisy//build/libdaisy.a(i2c.o)
                0x0000000008003428                DMA1_Stream6_IRQHandler
 .text.I2C1_EV_IRQHandler
                0x000000000800345c        0xc ../../DaisyExamples/libDaisy//build/libdaisy.a(i2c.o)
                0x000000000800345c                I2C1_EV_IRQHandler
 .text.I2C2_EV_IRQHandler
                0x0000000008003468        0xc ../../DaisyExamples/libDaisy//build/libdaisy.a(i2c.o)
                0x0000000008003468                I2C2_EV_IRQHandler
 .text.I2C3_EV_IRQHandler
                0x0000000008003474        0xc ../../DaisyExamples/libDaisy//build/libdaisy.a(i2c.o)
                0x0000000008003474                I2C3_EV_IRQHandler
 .text._ZN5daisy9I2CHandle4InitERKNS0_6ConfigE
                0x0000000008003480      0x12c ../../DaisyExamples/libDaisy//build/libdaisy.a(i2c.o)
                0x0000000008003480                daisy::I2CHandle::Init(daisy::I2CHandle::Config const&)
 .text._ZN5daisy9I2CHandle16TransmitBlockingEtPhtm
                0x00000000080035ac       0x50 ../../DaisyExamples/libDaisy//build/libdaisy.a(i2c.o)
                0x00000000080035ac                daisy::I2CHandle::TransmitBlocking(unsigned short, unsigned char*, unsigned short, unsigned long)
 .text.startup._GLOBAL__sub_I__ZN5daisy9I2CHandle4Impl10GlobalInitEv
                0x00000000080035fc       0x18 ../../DaisyExamples/libDaisy//build/libdaisy.a(i2c.o)
 .text._ZN5daisy10QSPIHandle4Impl11WriteEnableEv
                0x0000000008003614       0x8c ../../DaisyExamples/libDaisy//build/libdaisy.a(qspi.o)
                0x0000000008003614                daisy::QSPIHandle::Impl::WriteEnable()
 .text._ZN5daisy10QSPIHandle4Impl17DummyCyclesConfigENS0_6Config6DeviceE
                0x00000000080036a0      0x118 ../../DaisyExamples/libDaisy//build/libdaisy.a(qspi.o)
                0x00000000080036a0                daisy::QSPIHandle::Impl::DummyCyclesConfig(daisy::QSPIHandle::Config::Device)
 .text._ZN5daisy10QSPIHandle4Impl10QuadEnableEv
                0x00000000080037b8      0x158 ../../DaisyExamples/libDaisy//build/libdaisy.a(qspi.o)
                0x00000000080037b8                daisy::QSPIHandle::Impl::QuadEnable()
 .text._ZN5daisy10QSPIHandle4InitERKNS0_6ConfigE
                0x0000000008003910      0x198 ../../DaisyExamples/libDaisy//build/libdaisy.a(qspi.o)
                0x0000000008003910                daisy::QSPIHandle::Init(daisy::QSPIHandle::Config const&)
 .text.HAL_QSPI_MspInit
                0x0000000008003aa8      0x11c ../../DaisyExamples/libDaisy//build/libdaisy.a(qspi.o)
                0x0000000008003aa8                HAL_QSPI_MspInit
 .text.HAL_QSPI_MspDeInit
                0x0000000008003bc4       0x54 ../../DaisyExamples/libDaisy//build/libdaisy.a(qspi.o)
                0x0000000008003bc4                HAL_QSPI_MspDeInit
 .text.QUADSPI_IRQHandler
                0x0000000008003c18        0xc ../../DaisyExamples/libDaisy//build/libdaisy.a(qspi.o)
                0x0000000008003c18                QUADSPI_IRQHandler
 .text.startup._GLOBAL__sub_I__ZN5daisy10QSPIHandle4Impl4InitERKNS0_6ConfigE
                0x0000000008003c24       0x28 ../../DaisyExamples/libDaisy//build/libdaisy.a(qspi.o)
 .text._ZN5daisy9SaiHandle4Impl7InitDmaENS1_15PeripheralBlockE
                0x0000000008003c4c       0xa0 ../../DaisyExamples/libDaisy//build/libdaisy.a(sai.o)
                0x0000000008003c4c                daisy::SaiHandle::Impl::InitDma(daisy::SaiHandle::Impl::PeripheralBlock)
 .text._ZN5daisy9SaiHandle4Impl8InitPinsEv
                0x0000000008003cec       0xa8 ../../DaisyExamples/libDaisy//build/libdaisy.a(sai.o)
                0x0000000008003cec                daisy::SaiHandle::Impl::InitPins()
 .text.HAL_SAI_MspInit
                0x0000000008003d94      0x164 ../../DaisyExamples/libDaisy//build/libdaisy.a(sai.o)
                0x0000000008003d94                HAL_SAI_MspInit
 .text.DMA1_Stream0_IRQHandler
                0x0000000008003ef8        0xc ../../DaisyExamples/libDaisy//build/libdaisy.a(sai.o)
                0x0000000008003ef8                DMA1_Stream0_IRQHandler
 .text.DMA1_Stream1_IRQHandler
                0x0000000008003f04        0xc ../../DaisyExamples/libDaisy//build/libdaisy.a(sai.o)
                0x0000000008003f04                DMA1_Stream1_IRQHandler
 .text.DMA1_Stream3_IRQHandler
                0x0000000008003f10        0xc ../../DaisyExamples/libDaisy//build/libdaisy.a(sai.o)
                0x0000000008003f10                DMA1_Stream3_IRQHandler
 .text.DMA1_Stream4_IRQHandler
                0x0000000008003f1c        0xc ../../DaisyExamples/libDaisy//build/libdaisy.a(sai.o)
                0x0000000008003f1c                DMA1_Stream4_IRQHandler
 .text.HAL_SAI_RxHalfCpltCallback
                0x0000000008003f28       0x78 ../../DaisyExamples/libDaisy//build/libdaisy.a(sai.o)
                0x0000000008003f28                HAL_SAI_RxHalfCpltCallback
 .text.HAL_SAI_RxCpltCallback
                0x0000000008003fa0       0x70 ../../DaisyExamples/libDaisy//build/libdaisy.a(sai.o)
                0x0000000008003fa0                HAL_SAI_RxCpltCallback
 .text._ZN5daisy9SaiHandle4InitERKNS0_6ConfigE
                0x0000000008004010      0x1f0 ../../DaisyExamples/libDaisy//build/libdaisy.a(sai.o)
                0x0000000008004010                daisy::SaiHandle::Init(daisy::SaiHandle::Config const&)
 .text._ZNK5daisy9SaiHandle9GetConfigEv
                0x0000000008004200        0x4 ../../DaisyExamples/libDaisy//build/libdaisy.a(sai.o)
                0x0000000008004200                daisy::SaiHandle::GetConfig() const
 .text._ZN5daisy9SaiHandle8StartDmaEPlS1_jPFvS1_S1_jE
                0x0000000008004204       0xbc ../../DaisyExamples/libDaisy//build/libdaisy.a(sai.o)
                0x0000000008004204                daisy::SaiHandle::StartDma(long*, long*, unsigned int, void (*)(long*, long*, unsigned int))
 .text._ZN5daisy9SaiHandle13GetSampleRateEv
                0x00000000080042c0       0x24 ../../DaisyExamples/libDaisy//build/libdaisy.a(sai.o)
                0x00000000080042c0                daisy::SaiHandle::GetSampleRate()
 .text._ZNK5daisy9SaiHandle9GetOffsetEv
                0x00000000080042e4        0x8 ../../DaisyExamples/libDaisy//build/libdaisy.a(sai.o)
                0x00000000080042e4                daisy::SaiHandle::GetOffset() const
 .text._ZN5daisy11TimerHandleD2Ev
                0x00000000080042ec        0x4 ../../DaisyExamples/libDaisy//build/libdaisy.a(system.o)
                0x00000000080042ec                daisy::TimerHandle::~TimerHandle()
                0x00000000080042ec                daisy::TimerHandle::~TimerHandle()
 .text.SysTick_Handler
                0x00000000080042f0       0x10 ../../DaisyExamples/libDaisy//build/libdaisy.a(system.o)
                0x00000000080042f0                SysTick_Handler
 .text.OTG_HS_EP1_OUT_IRQHandler
                0x0000000008004300       0x24 ../../DaisyExamples/libDaisy//build/libdaisy.a(system.o)
                0x0000000008004300                OTG_HS_EP1_OUT_IRQHandler
 .text.OTG_HS_EP1_IN_IRQHandler
                0x0000000008004324       0x24 ../../DaisyExamples/libDaisy//build/libdaisy.a(system.o)
                0x0000000008004324                OTG_HS_EP1_IN_IRQHandler
 .text.OTG_HS_IRQHandler
                0x0000000008004348       0x24 ../../DaisyExamples/libDaisy//build/libdaisy.a(system.o)
                0x0000000008004348                OTG_HS_IRQHandler
 .text.HardFault_Handler
                0x000000000800436c       0xe0 ../../DaisyExamples/libDaisy//build/libdaisy.a(system.o)
                0x000000000800436c                HardFault_Handler
 .text._ZN5daisy6System6GetNowEv
                0x000000000800444c        0x4 ../../DaisyExamples/libDaisy//build/libdaisy.a(system.o)
                0x000000000800444c                daisy::System::GetNow()
 .text._ZN5daisy6System5DelayEm
                0x0000000008004450        0x4 ../../DaisyExamples/libDaisy//build/libdaisy.a(system.o)
                0x0000000008004450                daisy::System::Delay(unsigned long)
 .text._ZN5daisy6System15ConfigureClocksEv
                0x0000000008004454      0x194 ../../DaisyExamples/libDaisy//build/libdaisy.a(system.o)
                0x0000000008004454                daisy::System::ConfigureClocks()
 .text._ZN5daisy6System4InitERKNS0_6ConfigE
                0x00000000080045e8      0x140 ../../DaisyExamples/libDaisy//build/libdaisy.a(system.o)
                0x00000000080045e8                daisy::System::Init(daisy::System::Config const&)
 .text._ZN5daisy6System12GetPClk1FreqEv
                0x0000000008004728        0x4 ../../DaisyExamples/libDaisy//build/libdaisy.a(system.o)
                0x0000000008004728                daisy::System::GetPClk1Freq()
 .text._ZN5daisy6System22GetProgramMemoryRegionEv
                0x000000000800472c       0x78 ../../DaisyExamples/libDaisy//build/libdaisy.a(system.o)
                0x000000000800472c                daisy::System::GetProgramMemoryRegion()
 .text.startup._GLOBAL__sub_I_SysTick_Handler
                0x00000000080047a4       0x1c ../../DaisyExamples/libDaisy//build/libdaisy.a(system.o)
 .text.SystemInit
                0x00000000080047c0       0x9c ../../DaisyExamples/libDaisy//build/libdaisy.a(system_stm32h7xx.o)
                0x00000000080047c0                SystemInit
 .text.HAL_PCD_SetupStageCallback
                0x000000000800485c        0xc ../../DaisyExamples/libDaisy//build/libdaisy.a(usbd_conf.o)
                0x000000000800485c                HAL_PCD_SetupStageCallback
 .text.HAL_PCD_DataOutStageCallback
                0x0000000008004868       0x14 ../../DaisyExamples/libDaisy//build/libdaisy.a(usbd_conf.o)
                0x0000000008004868                HAL_PCD_DataOutStageCallback
 .text.HAL_PCD_DataInStageCallback
                0x000000000800487c       0x14 ../../DaisyExamples/libDaisy//build/libdaisy.a(usbd_conf.o)
                0x000000000800487c                HAL_PCD_DataInStageCallback
 .text.HAL_PCD_SOFCallback
                0x0000000008004890        0x8 ../../DaisyExamples/libDaisy//build/libdaisy.a(usbd_conf.o)
                0x0000000008004890                HAL_PCD_SOFCallback
 .text.HAL_PCD_ResetCallback
                0x0000000008004898       0x24 ../../DaisyExamples/libDaisy//build/libdaisy.a(usbd_conf.o)
                0x0000000008004898                HAL_PCD_ResetCallback
 .text.HAL_PCD_SuspendCallback
                0x00000000080048bc       0x30 ../../DaisyExamples/libDaisy//build/libdaisy.a(usbd_conf.o)
                0x00000000080048bc                HAL_PCD_SuspendCallback
 .text.HAL_PCD_ResumeCallback
                0x00000000080048ec        0x8 ../../DaisyExamples/libDaisy//build/libdaisy.a(usbd_conf.o)
                0x00000000080048ec                HAL_PCD_ResumeCallback
 .text.HAL_PCD_ISOOUTIncompleteCallback
                0x00000000080048f4        0x8 ../../DaisyExamples/libDaisy//build/libdaisy.a(usbd_conf.o)
                0x00000000080048f4                HAL_PCD_ISOOUTIncompleteCallback
 .text.HAL_PCD_ISOINIncompleteCallback
                0x00000000080048fc        0x8 ../../DaisyExamples/libDaisy//build/libdaisy.a(usbd_conf.o)
                0x00000000080048fc                HAL_PCD_ISOINIncompleteCallback
 .text.HAL_PCD_ConnectCallback
                0x0000000008004904        0x8 ../../DaisyExamples/libDaisy//build/libdaisy.a(usbd_conf.o)
                0x0000000008004904                HAL_PCD_ConnectCallback
 .text.HAL_PCD_DisconnectCallback
                0x000000000800490c        0x8 ../../DaisyExamples/libDaisy//build/libdaisy.a(usbd_conf.o)
                0x000000000800490c                HAL_PCD_DisconnectCallback
 .text.USBD_LL_OpenEP
                0x0000000008004914       0x24 ../../DaisyExamples/libDaisy//build/libdaisy.a(usbd_conf.o)
                0x0000000008004914                USBD_LL_OpenEP
 .text.USBD_LL_StallEP
                0x0000000008004938       0x1c ../../DaisyExamples/libDaisy//build/libdaisy.a(usbd_conf.o)
                0x0000000008004938                USBD_LL_StallEP
 .text.USBD_LL_ClearStallEP
                0x0000000008004954       0x1c ../../DaisyExamples/libDaisy//build/libdaisy.a(usbd_conf.o)
                0x0000000008004954                USBD_LL_ClearStallEP
 .text.USBD_LL_IsStallEP
                0x0000000008004970       0x28 ../../DaisyExamples/libDaisy//build/libdaisy.a(usbd_conf.o)
                0x0000000008004970                USBD_LL_IsStallEP
 .text.USBD_LL_SetUSBAddress
                0x0000000008004998       0x1c ../../DaisyExamples/libDaisy//build/libdaisy.a(usbd_conf.o)
                0x0000000008004998                USBD_LL_SetUSBAddress
 .text.USBD_LL_Transmit
                0x00000000080049b4       0x1c ../../DaisyExamples/libDaisy//build/libdaisy.a(usbd_conf.o)
                0x00000000080049b4                USBD_LL_Transmit
 .text.USBD_LL_PrepareReceive
                0x00000000080049d0       0x1c ../../DaisyExamples/libDaisy//build/libdaisy.a(usbd_conf.o)
                0x00000000080049d0                USBD_LL_PrepareReceive
 .text.HAL_HCD_SOF_Callback
                0x00000000080049ec        0x8 ../../DaisyExamples/libDaisy//build/libdaisy.a(usbh_conf.o)
                0x00000000080049ec                HAL_HCD_SOF_Callback
 .text.HAL_HCD_Connect_Callback
                0x00000000080049f4        0x8 ../../DaisyExamples/libDaisy//build/libdaisy.a(usbh_conf.o)
                0x00000000080049f4                HAL_HCD_Connect_Callback
 .text.HAL_HCD_Disconnect_Callback
                0x00000000080049fc        0x8 ../../DaisyExamples/libDaisy//build/libdaisy.a(usbh_conf.o)
                0x00000000080049fc                HAL_HCD_Disconnect_Callback
 .text.HAL_HCD_HC_NotifyURBChange_Callback
                0x0000000008004a04        0x4 ../../DaisyExamples/libDaisy//build/libdaisy.a(usbh_conf.o)
                0x0000000008004a04                HAL_HCD_HC_NotifyURBChange_Callback
 .text.HAL_HCD_PortEnabled_Callback
                0x0000000008004a08        0x8 ../../DaisyExamples/libDaisy//build/libdaisy.a(usbh_conf.o)
                0x0000000008004a08                HAL_HCD_PortEnabled_Callback
 .text.HAL_HCD_PortDisabled_Callback
                0x0000000008004a10        0x8 ../../DaisyExamples/libDaisy//build/libdaisy.a(usbh_conf.o)
                0x0000000008004a10                HAL_HCD_PortDisabled_Callback
 .text.USBH_LL_Stop
                0x0000000008004a18       0x1c ../../DaisyExamples/libDaisy//build/libdaisy.a(usbh_conf.o)
                0x0000000008004a18                USBH_LL_Stop
 .text.dsy_hal_map_get_port
                0x0000000008004a34       0x10 ../../DaisyExamples/libDaisy//build/libdaisy.a(hal_map.o)
                0x0000000008004a34                dsy_hal_map_get_port
 .text.dsy_hal_map_get_pin
                0x0000000008004a44       0x10 ../../DaisyExamples/libDaisy//build/libdaisy.a(hal_map.o)
                0x0000000008004a44                dsy_hal_map_get_pin
 .text.dsy_hal_map_gpio_clk_enable
                0x0000000008004a54      0x150 ../../DaisyExamples/libDaisy//build/libdaisy.a(hal_map.o)
                0x0000000008004a54                dsy_hal_map_gpio_clk_enable
 .text.HAL_MspInit
                0x0000000008004ba4        0x4 ../../DaisyExamples/libDaisy//build/libdaisy.a(stm32h7xx_hal.o)
                0x0000000008004ba4                HAL_MspInit
 .text.HAL_InitTick
                0x0000000008004ba8       0x4c ../../DaisyExamples/libDaisy//build/libdaisy.a(stm32h7xx_hal.o)
                0x0000000008004ba8                HAL_InitTick
 .text.HAL_Init
                0x0000000008004bf4       0x60 ../../DaisyExamples/libDaisy//build/libdaisy.a(stm32h7xx_hal.o)
                0x0000000008004bf4                HAL_Init
 .text.HAL_IncTick
                0x0000000008004c54       0x18 ../../DaisyExamples/libDaisy//build/libdaisy.a(stm32h7xx_hal.o)
                0x0000000008004c54                HAL_IncTick
 .text.HAL_GetTick
                0x0000000008004c6c        0xc ../../DaisyExamples/libDaisy//build/libdaisy.a(stm32h7xx_hal.o)
                0x0000000008004c6c                HAL_GetTick
 .text.HAL_Delay
                0x0000000008004c78       0x24 ../../DaisyExamples/libDaisy//build/libdaisy.a(stm32h7xx_hal.o)
                0x0000000008004c78                HAL_Delay
 .text.HAL_GetREVID
                0x0000000008004c9c        0xc ../../DaisyExamples/libDaisy//build/libdaisy.a(stm32h7xx_hal.o)
                0x0000000008004c9c                HAL_GetREVID
 .text.HAL_ADC_ConvHalfCpltCallback
                0x0000000008004ca8        0x4 ../../DaisyExamples/libDaisy//build/libdaisy.a(stm32h7xx_hal_adc.o)
                0x0000000008004ca8                HAL_ADC_ConvHalfCpltCallback
 .text.ADC_DMAHalfConvCplt
                0x0000000008004cac        0xc ../../DaisyExamples/libDaisy//build/libdaisy.a(stm32h7xx_hal_adc.o)
                0x0000000008004cac                ADC_DMAHalfConvCplt
 .text.ADC_DMAConvCplt
                0x0000000008004cb8       0x6c ../../DaisyExamples/libDaisy//build/libdaisy.a(stm32h7xx_hal_adc.o)
                0x0000000008004cb8                ADC_DMAConvCplt
 .text.ADC_DMAError
                0x0000000008004d24       0x1c ../../DaisyExamples/libDaisy//build/libdaisy.a(stm32h7xx_hal_adc.o)
                0x0000000008004d24                ADC_DMAError
 .text.HAL_ADC_ConfigChannel
                0x0000000008004d40      0x3fc ../../DaisyExamples/libDaisy//build/libdaisy.a(stm32h7xx_hal_adc.o)
                0x0000000008004d40                HAL_ADC_ConfigChannel
 .text.ADC_Enable
                0x000000000800513c       0xac ../../DaisyExamples/libDaisy//build/libdaisy.a(stm32h7xx_hal_adc.o)
                0x000000000800513c                ADC_Enable
 .text.HAL_ADC_Start_DMA
                0x00000000080051e8      0x114 ../../DaisyExamples/libDaisy//build/libdaisy.a(stm32h7xx_hal_adc.o)
                0x00000000080051e8                HAL_ADC_Start_DMA
 .text.ADC_Disable
                0x00000000080052fc       0x68 ../../DaisyExamples/libDaisy//build/libdaisy.a(stm32h7xx_hal_adc.o)
                0x00000000080052fc                ADC_Disable
 .text.ADC_ConfigureBoostMode
                0x0000000008005364      0x184 ../../DaisyExamples/libDaisy//build/libdaisy.a(stm32h7xx_hal_adc.o)
                0x0000000008005364                ADC_ConfigureBoostMode
 .text.HAL_ADC_Init
                0x00000000080054e8      0x218 ../../DaisyExamples/libDaisy//build/libdaisy.a(stm32h7xx_hal_adc.o)
                0x00000000080054e8                HAL_ADC_Init
 .text.HAL_ADCEx_Calibration_Start
                0x0000000008005700       0xa4 ../../DaisyExamples/libDaisy//build/libdaisy.a(stm32h7xx_hal_adc_ex.o)
                0x0000000008005700                HAL_ADCEx_Calibration_Start
 .text.HAL_ADCEx_MultiModeConfigChannel
                0x00000000080057a4       0xc4 ../../DaisyExamples/libDaisy//build/libdaisy.a(stm32h7xx_hal_adc_ex.o)
                0x00000000080057a4                HAL_ADCEx_MultiModeConfigChannel
 .text.HAL_NVIC_SetPriorityGrouping
                0x0000000008005868       0x24 ../../DaisyExamples/libDaisy//build/libdaisy.a(stm32h7xx_hal_cortex.o)
                0x0000000008005868                HAL_NVIC_SetPriorityGrouping
 .text.HAL_NVIC_SetPriority
                0x000000000800588c       0x7c ../../DaisyExamples/libDaisy//build/libdaisy.a(stm32h7xx_hal_cortex.o)
                0x000000000800588c                HAL_NVIC_SetPriority
 .text.HAL_NVIC_EnableIRQ
                0x0000000008005908       0x1c ../../DaisyExamples/libDaisy//build/libdaisy.a(stm32h7xx_hal_cortex.o)
                0x0000000008005908                HAL_NVIC_EnableIRQ
 .text.HAL_NVIC_DisableIRQ
                0x0000000008005924       0x28 ../../DaisyExamples/libDaisy//build/libdaisy.a(stm32h7xx_hal_cortex.o)
                0x0000000008005924                HAL_NVIC_DisableIRQ
 .text.HAL_SYSTICK_Config
                0x000000000800594c       0x2c ../../DaisyExamples/libDaisy//build/libdaisy.a(stm32h7xx_hal_cortex.o)
                0x000000000800594c                HAL_SYSTICK_Config
 .text.HAL_MPU_Disable
                0x0000000008005978       0x1c ../../DaisyExamples/libDaisy//build/libdaisy.a(stm32h7xx_hal_cortex.o)
                0x0000000008005978                HAL_MPU_Disable
 .text.HAL_MPU_Enable
                0x0000000008005994       0x20 ../../DaisyExamples/libDaisy//build/libdaisy.a(stm32h7xx_hal_cortex.o)
                0x0000000008005994                HAL_MPU_Enable
 .text.HAL_MPU_ConfigRegion
                0x00000000080059b4       0x64 ../../DaisyExamples/libDaisy//build/libdaisy.a(stm32h7xx_hal_cortex.o)
                0x00000000080059b4                HAL_MPU_ConfigRegion
 .text.HAL_SYSTICK_Callback
                0x0000000008005a18        0x4 ../../DaisyExamples/libDaisy//build/libdaisy.a(stm32h7xx_hal_cortex.o)
                0x0000000008005a18                HAL_SYSTICK_Callback
 .text.HAL_SYSTICK_IRQHandler
                0x0000000008005a1c        0x8 ../../DaisyExamples/libDaisy//build/libdaisy.a(stm32h7xx_hal_cortex.o)
                0x0000000008005a1c                HAL_SYSTICK_IRQHandler
 .text.DMA_CalcBaseAndBitshift
                0x0000000008005a24       0xf4 ../../DaisyExamples/libDaisy//build/libdaisy.a(stm32h7xx_hal_dma.o)
 .text.DMA_CalcDMAMUXChannelBaseAndMask
                0x0000000008005b18       0xd8 ../../DaisyExamples/libDaisy//build/libdaisy.a(stm32h7xx_hal_dma.o)
 .text.HAL_DMA_Init
                0x0000000008005bf0      0x37c ../../DaisyExamples/libDaisy//build/libdaisy.a(stm32h7xx_hal_dma.o)
                0x0000000008005bf0                HAL_DMA_Init
 .text.HAL_DMA_Start_IT
                0x0000000008005f6c      0x240 ../../DaisyExamples/libDaisy//build/libdaisy.a(stm32h7xx_hal_dma.o)
                0x0000000008005f6c                HAL_DMA_Start_IT
 .text.HAL_DMA_Abort_IT
                0x00000000080061ac      0x134 ../../DaisyExamples/libDaisy//build/libdaisy.a(stm32h7xx_hal_dma.o)
                0x00000000080061ac                HAL_DMA_Abort_IT
 .text.HAL_DMA_IRQHandler
                0x00000000080062e0      0x6a0 ../../DaisyExamples/libDaisy//build/libdaisy.a(stm32h7xx_hal_dma.o)
                0x00000000080062e0                HAL_DMA_IRQHandler
 .text.HAL_DMA_GetError
                0x0000000008006980        0x4 ../../DaisyExamples/libDaisy//build/libdaisy.a(stm32h7xx_hal_dma.o)
                0x0000000008006980                HAL_DMA_GetError
 .text.HAL_GPIO_Init
                0x0000000008006984      0x280 ../../DaisyExamples/libDaisy//build/libdaisy.a(stm32h7xx_hal_gpio.o)
                0x0000000008006984                HAL_GPIO_Init
 .text.HAL_GPIO_DeInit
                0x0000000008006c04      0x190 ../../DaisyExamples/libDaisy//build/libdaisy.a(stm32h7xx_hal_gpio.o)
                0x0000000008006c04                HAL_GPIO_DeInit
 .text.HAL_GPIO_ReadPin
                0x0000000008006d94        0xc ../../DaisyExamples/libDaisy//build/libdaisy.a(stm32h7xx_hal_gpio.o)
                0x0000000008006d94                HAL_GPIO_ReadPin
 .text.HAL_GPIO_WritePin
                0x0000000008006da0        0x8 ../../DaisyExamples/libDaisy//build/libdaisy.a(stm32h7xx_hal_gpio.o)
                0x0000000008006da0                HAL_GPIO_WritePin
 .text.HAL_HCD_IRQHandler
                0x0000000008006da8      0x780 ../../DaisyExamples/libDaisy//build/libdaisy.a(stm32h7xx_hal_hcd.o)
                0x0000000008006da8                HAL_HCD_IRQHandler
 .text.HAL_HCD_Stop
                0x0000000008007528       0x28 ../../DaisyExamples/libDaisy//build/libdaisy.a(stm32h7xx_hal_hcd.o)
                0x0000000008007528                HAL_HCD_Stop
 .text.I2C_WaitOnTXISFlagUntilTimeout
                0x0000000008007550       0xb8 ../../DaisyExamples/libDaisy//build/libdaisy.a(stm32h7xx_hal_i2c.o)
 .text.I2C_WaitOnSTOPFlagUntilTimeout
                0x0000000008007608       0xac ../../DaisyExamples/libDaisy//build/libdaisy.a(stm32h7xx_hal_i2c.o)
 .text.HAL_I2C_Init
                0x00000000080076b4       0xac ../../DaisyExamples/libDaisy//build/libdaisy.a(stm32h7xx_hal_i2c.o)
                0x00000000080076b4                HAL_I2C_Init
 .text.HAL_I2C_Master_Transmit
                0x0000000008007760      0x1a8 ../../DaisyExamples/libDaisy//build/libdaisy.a(stm32h7xx_hal_i2c.o)
                0x0000000008007760                HAL_I2C_Master_Transmit
 .text.HAL_I2C_Slave_Transmit
                0x0000000008007908      0x1c8 ../../DaisyExamples/libDaisy//build/libdaisy.a(stm32h7xx_hal_i2c.o)
                0x0000000008007908                HAL_I2C_Slave_Transmit
 .text.HAL_I2C_EV_IRQHandler
                0x0000000008007ad0       0x10 ../../DaisyExamples/libDaisy//build/libdaisy.a(stm32h7xx_hal_i2c.o)
                0x0000000008007ad0                HAL_I2C_EV_IRQHandler
 .text.HAL_I2C_GetState
                0x0000000008007ae0        0x8 ../../DaisyExamples/libDaisy//build/libdaisy.a(stm32h7xx_hal_i2c.o)
                0x0000000008007ae0                HAL_I2C_GetState
 .text.HAL_I2CEx_ConfigAnalogFilter
                0x0000000008007ae8       0x54 ../../DaisyExamples/libDaisy//build/libdaisy.a(stm32h7xx_hal_i2c_ex.o)
                0x0000000008007ae8                HAL_I2CEx_ConfigAnalogFilter
 .text.HAL_I2CEx_ConfigDigitalFilter
                0x0000000008007b3c       0x58 ../../DaisyExamples/libDaisy//build/libdaisy.a(stm32h7xx_hal_i2c_ex.o)
                0x0000000008007b3c                HAL_I2CEx_ConfigDigitalFilter
 .text.HAL_PCD_IRQHandler
                0x0000000008007b94      0x69c ../../DaisyExamples/libDaisy//build/libdaisy.a(stm32h7xx_hal_pcd.o)
                0x0000000008007b94                HAL_PCD_IRQHandler
 .text.HAL_PCD_SetAddress
                0x0000000008008230       0x2c ../../DaisyExamples/libDaisy//build/libdaisy.a(stm32h7xx_hal_pcd.o)
                0x0000000008008230                HAL_PCD_SetAddress
 .text.HAL_PCD_EP_Open
                0x000000000800825c       0x7c ../../DaisyExamples/libDaisy//build/libdaisy.a(stm32h7xx_hal_pcd.o)
                0x000000000800825c                HAL_PCD_EP_Open
 .text.HAL_PCD_EP_Receive
                0x00000000080082d8       0x50 ../../DaisyExamples/libDaisy//build/libdaisy.a(stm32h7xx_hal_pcd.o)
                0x00000000080082d8                HAL_PCD_EP_Receive
 .text.HAL_PCD_EP_Transmit
                0x0000000008008328       0x50 ../../DaisyExamples/libDaisy//build/libdaisy.a(stm32h7xx_hal_pcd.o)
                0x0000000008008328                HAL_PCD_EP_Transmit
 .text.HAL_PCD_EP_SetStall
                0x0000000008008378       0x88 ../../DaisyExamples/libDaisy//build/libdaisy.a(stm32h7xx_hal_pcd.o)
                0x0000000008008378                HAL_PCD_EP_SetStall
 .text.HAL_PCD_EP_ClrStall
                0x0000000008008400       0x78 ../../DaisyExamples/libDaisy//build/libdaisy.a(stm32h7xx_hal_pcd.o)
                0x0000000008008400                HAL_PCD_EP_ClrStall
 .text.HAL_PCDEx_LPM_Callback
                0x0000000008008478        0x4 ../../DaisyExamples/libDaisy//build/libdaisy.a(stm32h7xx_hal_pcd_ex.o)
                0x0000000008008478                HAL_PCDEx_LPM_Callback
 .text.HAL_PWREx_ConfigSupply
                0x000000000800847c       0x4c ../../DaisyExamples/libDaisy//build/libdaisy.a(stm32h7xx_hal_pwr_ex.o)
                0x000000000800847c                HAL_PWREx_ConfigSupply
 .text.HAL_PWREx_EnableUSBVoltageDetector
                0x00000000080084c8       0x10 ../../DaisyExamples/libDaisy//build/libdaisy.a(stm32h7xx_hal_pwr_ex.o)
                0x00000000080084c8                HAL_PWREx_EnableUSBVoltageDetector
 .text.QSPI_Config
                0x00000000080084d8      0x174 ../../DaisyExamples/libDaisy//build/libdaisy.a(stm32h7xx_hal_qspi.o)
 .text.HAL_QSPI_Init
                0x000000000800864c       0xd8 ../../DaisyExamples/libDaisy//build/libdaisy.a(stm32h7xx_hal_qspi.o)
                0x000000000800864c                HAL_QSPI_Init
 .text.HAL_QSPI_DeInit
                0x0000000008008724       0x3c ../../DaisyExamples/libDaisy//build/libdaisy.a(stm32h7xx_hal_qspi.o)
                0x0000000008008724                HAL_QSPI_DeInit
 .text.HAL_QSPI_Command
                0x0000000008008760       0xd4 ../../DaisyExamples/libDaisy//build/libdaisy.a(stm32h7xx_hal_qspi.o)
                0x0000000008008760                HAL_QSPI_Command
 .text.HAL_QSPI_Transmit
                0x0000000008008834       0xfc ../../DaisyExamples/libDaisy//build/libdaisy.a(stm32h7xx_hal_qspi.o)
                0x0000000008008834                HAL_QSPI_Transmit
 .text.HAL_QSPI_Receive
                0x0000000008008930      0x108 ../../DaisyExamples/libDaisy//build/libdaisy.a(stm32h7xx_hal_qspi.o)
                0x0000000008008930                HAL_QSPI_Receive
 .text.HAL_QSPI_AutoPolling
                0x0000000008008a38       0xf0 ../../DaisyExamples/libDaisy//build/libdaisy.a(stm32h7xx_hal_qspi.o)
                0x0000000008008a38                HAL_QSPI_AutoPolling
 .text.HAL_QSPI_MemoryMapped
                0x0000000008008b28       0xc0 ../../DaisyExamples/libDaisy//build/libdaisy.a(stm32h7xx_hal_qspi.o)
                0x0000000008008b28                HAL_QSPI_MemoryMapped
 .text.HAL_QSPI_ErrorCallback
                0x0000000008008be8        0x4 ../../DaisyExamples/libDaisy//build/libdaisy.a(stm32h7xx_hal_qspi.o)
                0x0000000008008be8                HAL_QSPI_ErrorCallback
 .text.QSPI_DMAAbortCplt
                0x0000000008008bec       0x38 ../../DaisyExamples/libDaisy//build/libdaisy.a(stm32h7xx_hal_qspi.o)
 .text.HAL_QSPI_AbortCpltCallback
                0x0000000008008c24        0x4 ../../DaisyExamples/libDaisy//build/libdaisy.a(stm32h7xx_hal_qspi.o)
                0x0000000008008c24                HAL_QSPI_AbortCpltCallback
 .text.HAL_QSPI_CmdCpltCallback
                0x0000000008008c28        0x4 ../../DaisyExamples/libDaisy//build/libdaisy.a(stm32h7xx_hal_qspi.o)
                0x0000000008008c28                HAL_QSPI_CmdCpltCallback
 .text.HAL_QSPI_RxCpltCallback
                0x0000000008008c2c        0x4 ../../DaisyExamples/libDaisy//build/libdaisy.a(stm32h7xx_hal_qspi.o)
                0x0000000008008c2c                HAL_QSPI_RxCpltCallback
 .text.HAL_QSPI_TxCpltCallback
                0x0000000008008c30        0x4 ../../DaisyExamples/libDaisy//build/libdaisy.a(stm32h7xx_hal_qspi.o)
                0x0000000008008c30                HAL_QSPI_TxCpltCallback
 .text.HAL_QSPI_FifoThresholdCallback
                0x0000000008008c34        0x4 ../../DaisyExamples/libDaisy//build/libdaisy.a(stm32h7xx_hal_qspi.o)
                0x0000000008008c34                HAL_QSPI_FifoThresholdCallback
 .text.HAL_QSPI_StatusMatchCallback
                0x0000000008008c38        0x4 ../../DaisyExamples/libDaisy//build/libdaisy.a(stm32h7xx_hal_qspi.o)
                0x0000000008008c38                HAL_QSPI_StatusMatchCallback
 .text.HAL_QSPI_TimeOutCallback
                0x0000000008008c3c        0x4 ../../DaisyExamples/libDaisy//build/libdaisy.a(stm32h7xx_hal_qspi.o)
                0x0000000008008c3c                HAL_QSPI_TimeOutCallback
 .text.HAL_QSPI_IRQHandler
                0x0000000008008c40      0x210 ../../DaisyExamples/libDaisy//build/libdaisy.a(stm32h7xx_hal_qspi.o)
                0x0000000008008c40                HAL_QSPI_IRQHandler
 .text.HAL_RCC_OscConfig
                0x0000000008008e50      0x51c ../../DaisyExamples/libDaisy//build/libdaisy.a(stm32h7xx_hal_rcc.o)
                0x0000000008008e50                HAL_RCC_OscConfig
 .text.HAL_RCC_GetSysClockFreq
                0x000000000800936c      0x140 ../../DaisyExamples/libDaisy//build/libdaisy.a(stm32h7xx_hal_rcc.o)
                0x000000000800936c                HAL_RCC_GetSysClockFreq
 .text.HAL_RCC_ClockConfig
                0x00000000080094ac      0x234 ../../DaisyExamples/libDaisy//build/libdaisy.a(stm32h7xx_hal_rcc.o)
                0x00000000080094ac                HAL_RCC_ClockConfig
 .text.HAL_RCC_GetHCLKFreq
                0x00000000080096e0       0x2c ../../DaisyExamples/libDaisy//build/libdaisy.a(stm32h7xx_hal_rcc.o)
                0x00000000080096e0                HAL_RCC_GetHCLKFreq
 .text.HAL_RCC_GetPCLK1Freq
                0x000000000800970c       0x38 ../../DaisyExamples/libDaisy//build/libdaisy.a(stm32h7xx_hal_rcc.o)
                0x000000000800970c                HAL_RCC_GetPCLK1Freq
 .text.HAL_RCC_GetPCLK2Freq
                0x0000000008009744       0x38 ../../DaisyExamples/libDaisy//build/libdaisy.a(stm32h7xx_hal_rcc.o)
                0x0000000008009744                HAL_RCC_GetPCLK2Freq
 .text.RCCEx_PLL2_Config
                0x000000000800977c       0xf4 ../../DaisyExamples/libDaisy//build/libdaisy.a(stm32h7xx_hal_rcc_ex.o)
 .text.RCCEx_PLL3_Config
                0x0000000008009870       0xf4 ../../DaisyExamples/libDaisy//build/libdaisy.a(stm32h7xx_hal_rcc_ex.o)
 .text.HAL_RCCEx_PeriphCLKConfig
                0x0000000008009964      0xa7c ../../DaisyExamples/libDaisy//build/libdaisy.a(stm32h7xx_hal_rcc_ex.o)
                0x0000000008009964                HAL_RCCEx_PeriphCLKConfig
 .text.HAL_RCCEx_GetD3PCLK1Freq
                0x000000000800a3e0       0x24 ../../DaisyExamples/libDaisy//build/libdaisy.a(stm32h7xx_hal_rcc_ex.o)
                0x000000000800a3e0                HAL_RCCEx_GetD3PCLK1Freq
 .text.HAL_RCCEx_GetPLL2ClockFreq
                0x000000000800a404      0x17c ../../DaisyExamples/libDaisy//build/libdaisy.a(stm32h7xx_hal_rcc_ex.o)
                0x000000000800a404                HAL_RCCEx_GetPLL2ClockFreq
 .text.HAL_RCCEx_GetPLL3ClockFreq
                0x000000000800a580      0x17c ../../DaisyExamples/libDaisy//build/libdaisy.a(stm32h7xx_hal_rcc_ex.o)
                0x000000000800a580                HAL_RCCEx_GetPLL3ClockFreq
 .text.HAL_RCCEx_GetPLL1ClockFreq
                0x000000000800a6fc      0x17c ../../DaisyExamples/libDaisy//build/libdaisy.a(stm32h7xx_hal_rcc_ex.o)
                0x000000000800a6fc                HAL_RCCEx_GetPLL1ClockFreq
 .text.HAL_RCCEx_GetPeriphCLKFreq
                0x000000000800a878      0x198 ../../DaisyExamples/libDaisy//build/libdaisy.a(stm32h7xx_hal_rcc_ex.o)
                0x000000000800a878                HAL_RCCEx_GetPeriphCLKFreq
 .text.HAL_RCCEx_GetD1SysClockFreq
                0x000000000800aa10       0x2c ../../DaisyExamples/libDaisy//build/libdaisy.a(stm32h7xx_hal_rcc_ex.o)
                0x000000000800aa10                HAL_RCCEx_GetD1SysClockFreq
 .text.HAL_SAI_Init.part.0
                0x000000000800aa3c      0x348 ../../DaisyExamples/libDaisy//build/libdaisy.a(stm32h7xx_hal_sai.o)
 .text.HAL_SAI_InitProtocol
                0x000000000800ad84      0x178 ../../DaisyExamples/libDaisy//build/libdaisy.a(stm32h7xx_hal_sai.o)
                0x000000000800ad84                HAL_SAI_InitProtocol
 .text.HAL_SAI_Transmit_DMA
                0x000000000800aefc      0x124 ../../DaisyExamples/libDaisy//build/libdaisy.a(stm32h7xx_hal_sai.o)
                0x000000000800aefc                HAL_SAI_Transmit_DMA
 .text.HAL_SAI_Receive_DMA
                0x000000000800b020       0xd0 ../../DaisyExamples/libDaisy//build/libdaisy.a(stm32h7xx_hal_sai.o)
                0x000000000800b020                HAL_SAI_Receive_DMA
 .text.HAL_SAI_TxCpltCallback
                0x000000000800b0f0        0x4 ../../DaisyExamples/libDaisy//build/libdaisy.a(stm32h7xx_hal_sai.o)
                0x000000000800b0f0                HAL_SAI_TxCpltCallback
 .text.SAI_DMATxCplt
                0x000000000800b0f4       0x64 ../../DaisyExamples/libDaisy//build/libdaisy.a(stm32h7xx_hal_sai.o)
 .text.HAL_SAI_TxHalfCpltCallback
                0x000000000800b158        0x4 ../../DaisyExamples/libDaisy//build/libdaisy.a(stm32h7xx_hal_sai.o)
                0x000000000800b158                HAL_SAI_TxHalfCpltCallback
 .text.SAI_DMATxHalfCplt
                0x000000000800b15c        0xc ../../DaisyExamples/libDaisy//build/libdaisy.a(stm32h7xx_hal_sai.o)
 .text.SAI_DMARxCplt
                0x000000000800b168       0x64 ../../DaisyExamples/libDaisy//build/libdaisy.a(stm32h7xx_hal_sai.o)
 .text.SAI_DMARxHalfCplt
                0x000000000800b1cc        0xc ../../DaisyExamples/libDaisy//build/libdaisy.a(stm32h7xx_hal_sai.o)
 .text.HAL_SAI_ErrorCallback
                0x000000000800b1d8        0x4 ../../DaisyExamples/libDaisy//build/libdaisy.a(stm32h7xx_hal_sai.o)
                0x000000000800b1d8                HAL_SAI_ErrorCallback
 .text.SAI_DMAError
                0x000000000800b1dc       0x6c ../../DaisyExamples/libDaisy//build/libdaisy.a(stm32h7xx_hal_sai.o)
 .text.HAL_SDRAM_Init
                0x000000000800b248       0x54 ../../DaisyExamples/libDaisy//build/libdaisy.a(stm32h7xx_hal_sdram.o)
                0x000000000800b248                HAL_SDRAM_Init
 .text.HAL_SDRAM_SendCommand
                0x000000000800b29c       0x40 ../../DaisyExamples/libDaisy//build/libdaisy.a(stm32h7xx_hal_sdram.o)
                0x000000000800b29c                HAL_SDRAM_SendCommand
 .text.HAL_SDRAM_ProgramRefreshRate
                0x000000000800b2dc       0x30 ../../DaisyExamples/libDaisy//build/libdaisy.a(stm32h7xx_hal_sdram.o)
                0x000000000800b2dc                HAL_SDRAM_ProgramRefreshRate
 .text.FMC_SDRAM_Init
                0x000000000800b30c       0x7c ../../DaisyExamples/libDaisy//build/libdaisy.a(stm32h7xx_ll_fmc.o)
                0x000000000800b30c                FMC_SDRAM_Init
 .text.FMC_SDRAM_Timing_Init
                0x000000000800b388       0x98 ../../DaisyExamples/libDaisy//build/libdaisy.a(stm32h7xx_ll_fmc.o)
                0x000000000800b388                FMC_SDRAM_Timing_Init
 .text.FMC_SDRAM_SendCommand
                0x000000000800b420       0x28 ../../DaisyExamples/libDaisy//build/libdaisy.a(stm32h7xx_ll_fmc.o)
                0x000000000800b420                FMC_SDRAM_SendCommand
 .text.FMC_SDRAM_ProgramRefreshRate
                0x000000000800b448       0x1c ../../DaisyExamples/libDaisy//build/libdaisy.a(stm32h7xx_ll_fmc.o)
                0x000000000800b448                FMC_SDRAM_ProgramRefreshRate
 .text.USB_SetTurnaroundTime
                0x000000000800b464      0x104 ../../DaisyExamples/libDaisy//build/libdaisy.a(stm32h7xx_ll_usb.o)
                0x000000000800b464                USB_SetTurnaroundTime
 .text.USB_FlushTxFifo
                0x000000000800b568       0x34 ../../DaisyExamples/libDaisy//build/libdaisy.a(stm32h7xx_ll_usb.o)
                0x000000000800b568                USB_FlushTxFifo
 .text.USB_GetDevSpeed
                0x000000000800b59c       0x24 ../../DaisyExamples/libDaisy//build/libdaisy.a(stm32h7xx_ll_usb.o)
                0x000000000800b59c                USB_GetDevSpeed
 .text.USB_ActivateEndpoint
                0x000000000800b5c0       0x90 ../../DaisyExamples/libDaisy//build/libdaisy.a(stm32h7xx_ll_usb.o)
                0x000000000800b5c0                USB_ActivateEndpoint
 .text.USB_EPStartXfer
                0x000000000800b650      0x230 ../../DaisyExamples/libDaisy//build/libdaisy.a(stm32h7xx_ll_usb.o)
                0x000000000800b650                USB_EPStartXfer
 .text.USB_EP0StartXfer
                0x000000000800b880      0x174 ../../DaisyExamples/libDaisy//build/libdaisy.a(stm32h7xx_ll_usb.o)
                0x000000000800b880                USB_EP0StartXfer
 .text.USB_WritePacket
                0x000000000800b9f4       0x2c ../../DaisyExamples/libDaisy//build/libdaisy.a(stm32h7xx_ll_usb.o)
                0x000000000800b9f4                USB_WritePacket
 .text.USB_ReadPacket
                0x000000000800ba20       0x20 ../../DaisyExamples/libDaisy//build/libdaisy.a(stm32h7xx_ll_usb.o)
                0x000000000800ba20                USB_ReadPacket
 .text.USB_EPSetStall
                0x000000000800ba40       0x68 ../../DaisyExamples/libDaisy//build/libdaisy.a(stm32h7xx_ll_usb.o)
                0x000000000800ba40                USB_EPSetStall
 .text.USB_EPClearStall
                0x000000000800baa8       0x58 ../../DaisyExamples/libDaisy//build/libdaisy.a(stm32h7xx_ll_usb.o)
                0x000000000800baa8                USB_EPClearStall
 .text.USB_SetDevAddress
                0x000000000800bb00       0x24 ../../DaisyExamples/libDaisy//build/libdaisy.a(stm32h7xx_ll_usb.o)
                0x000000000800bb00                USB_SetDevAddress
 .text.USB_ReadInterrupts
                0x000000000800bb24       0x14 ../../DaisyExamples/libDaisy//build/libdaisy.a(stm32h7xx_ll_usb.o)
                0x000000000800bb24                USB_ReadInterrupts
 .text.USB_ReadDevAllOutEpInterrupt
                0x000000000800bb38       0x1c ../../DaisyExamples/libDaisy//build/libdaisy.a(stm32h7xx_ll_usb.o)
                0x000000000800bb38                USB_ReadDevAllOutEpInterrupt
 .text.USB_ReadDevAllInEpInterrupt
                0x000000000800bb54       0x1c ../../DaisyExamples/libDaisy//build/libdaisy.a(stm32h7xx_ll_usb.o)
                0x000000000800bb54                USB_ReadDevAllInEpInterrupt
 .text.USB_ReadDevOutEPInterrupt
                0x000000000800bb70       0x1c ../../DaisyExamples/libDaisy//build/libdaisy.a(stm32h7xx_ll_usb.o)
                0x000000000800bb70                USB_ReadDevOutEPInterrupt
 .text.USB_ReadDevInEPInterrupt
                0x000000000800bb8c       0x38 ../../DaisyExamples/libDaisy//build/libdaisy.a(stm32h7xx_ll_usb.o)
                0x000000000800bb8c                USB_ReadDevInEPInterrupt
 .text.USB_GetMode
                0x000000000800bbc4        0x8 ../../DaisyExamples/libDaisy//build/libdaisy.a(stm32h7xx_ll_usb.o)
                0x000000000800bbc4                USB_GetMode
 .text.USB_ActivateSetup
                0x000000000800bbcc       0x38 ../../DaisyExamples/libDaisy//build/libdaisy.a(stm32h7xx_ll_usb.o)
                0x000000000800bbcc                USB_ActivateSetup
 .text.USB_EP0_OutStart
                0x000000000800bc04       0x58 ../../DaisyExamples/libDaisy//build/libdaisy.a(stm32h7xx_ll_usb.o)
                0x000000000800bc04                USB_EP0_OutStart
 .text.USB_InitFSLSPClkSel
                0x000000000800bc5c       0x44 ../../DaisyExamples/libDaisy//build/libdaisy.a(stm32h7xx_ll_usb.o)
                0x000000000800bc5c                USB_InitFSLSPClkSel
 .text.USB_HC_ReadInterrupt
                0x000000000800bca0        0x8 ../../DaisyExamples/libDaisy//build/libdaisy.a(stm32h7xx_ll_usb.o)
                0x000000000800bca0                USB_HC_ReadInterrupt
 .text.USB_HC_Halt
                0x000000000800bca8       0xc0 ../../DaisyExamples/libDaisy//build/libdaisy.a(stm32h7xx_ll_usb.o)
                0x000000000800bca8                USB_HC_Halt
 .text.USB_StopHost
                0x000000000800bd68      0x2ec ../../DaisyExamples/libDaisy//build/libdaisy.a(stm32h7xx_ll_usb.o)
                0x000000000800bd68                USB_StopHost
 .text.USBD_SetClassConfig
                0x000000000800c054       0x14 ../../DaisyExamples/libDaisy//build/libdaisy.a(usbd_core.o)
                0x000000000800c054                USBD_SetClassConfig
 .text.USBD_ClrClassConfig
                0x000000000800c068       0x10 ../../DaisyExamples/libDaisy//build/libdaisy.a(usbd_core.o)
                0x000000000800c068                USBD_ClrClassConfig
 .text.USBD_LL_SetupStage
                0x000000000800c078       0x5c ../../DaisyExamples/libDaisy//build/libdaisy.a(usbd_core.o)
                0x000000000800c078                USBD_LL_SetupStage
 .text.USBD_LL_DataOutStage
                0x000000000800c0d4       0x7c ../../DaisyExamples/libDaisy//build/libdaisy.a(usbd_core.o)
                0x000000000800c0d4                USBD_LL_DataOutStage
 .text.USBD_LL_DataInStage
                0x000000000800c150       0xcc ../../DaisyExamples/libDaisy//build/libdaisy.a(usbd_core.o)
                0x000000000800c150                USBD_LL_DataInStage
 .text.USBD_LL_Reset
                0x000000000800c21c       0x50 ../../DaisyExamples/libDaisy//build/libdaisy.a(usbd_core.o)
                0x000000000800c21c                USBD_LL_Reset
 .text.USBD_LL_SetSpeed
                0x000000000800c26c        0x8 ../../DaisyExamples/libDaisy//build/libdaisy.a(usbd_core.o)
                0x000000000800c26c                USBD_LL_SetSpeed
 .text.USBD_LL_Suspend
                0x000000000800c274       0x14 ../../DaisyExamples/libDaisy//build/libdaisy.a(usbd_core.o)
                0x000000000800c274                USBD_LL_Suspend
 .text.USBD_LL_Resume
                0x000000000800c288       0x10 ../../DaisyExamples/libDaisy//build/libdaisy.a(usbd_core.o)
                0x000000000800c288                USBD_LL_Resume
 .text.USBD_LL_SOF
                0x000000000800c298       0x1c ../../DaisyExamples/libDaisy//build/libdaisy.a(usbd_core.o)
                0x000000000800c298                USBD_LL_SOF
 .text.USBD_LL_IsoINIncomplete
                0x000000000800c2b4        0x4 ../../DaisyExamples/libDaisy//build/libdaisy.a(usbd_core.o)
                0x000000000800c2b4                USBD_LL_IsoINIncomplete
 .text.USBD_LL_IsoOUTIncomplete
                0x000000000800c2b8        0x4 ../../DaisyExamples/libDaisy//build/libdaisy.a(usbd_core.o)
                0x000000000800c2b8                USBD_LL_IsoOUTIncomplete
 .text.USBD_LL_DevConnected
                0x000000000800c2bc        0x4 ../../DaisyExamples/libDaisy//build/libdaisy.a(usbd_core.o)
                0x000000000800c2bc                USBD_LL_DevConnected
 .text.USBD_LL_DevDisconnected
                0x000000000800c2c0       0x18 ../../DaisyExamples/libDaisy//build/libdaisy.a(usbd_core.o)
                0x000000000800c2c0                USBD_LL_DevDisconnected
 .text.USBD_StdDevReq
                0x000000000800c2d8      0x304 ../../DaisyExamples/libDaisy//build/libdaisy.a(usbd_ctlreq.o)
                0x000000000800c2d8                USBD_StdDevReq
 .text.USBD_StdItfReq
                0x000000000800c5dc       0x68 ../../DaisyExamples/libDaisy//build/libdaisy.a(usbd_ctlreq.o)
                0x000000000800c5dc                USBD_StdItfReq
 .text.USBD_StdEPReq
                0x000000000800c644      0x13c ../../DaisyExamples/libDaisy//build/libdaisy.a(usbd_ctlreq.o)
                0x000000000800c644                USBD_StdEPReq
 .text.USBD_ParseSetupRequest
                0x000000000800c780       0x28 ../../DaisyExamples/libDaisy//build/libdaisy.a(usbd_ctlreq.o)
                0x000000000800c780                USBD_ParseSetupRequest
 .text.USBD_CtlSendData
                0x000000000800c7a8       0x1c ../../DaisyExamples/libDaisy//build/libdaisy.a(usbd_ioreq.o)
                0x000000000800c7a8                USBD_CtlSendData
 .text.USBD_CtlContinueSendData
                0x000000000800c7c4       0x14 ../../DaisyExamples/libDaisy//build/libdaisy.a(usbd_ioreq.o)
                0x000000000800c7c4                USBD_CtlContinueSendData
 .text.USBD_CtlContinueRx
                0x000000000800c7d8       0x14 ../../DaisyExamples/libDaisy//build/libdaisy.a(usbd_ioreq.o)
                0x000000000800c7d8                USBD_CtlContinueRx
 .text.USBD_CtlSendStatus
                0x000000000800c7ec       0x18 ../../DaisyExamples/libDaisy//build/libdaisy.a(usbd_ioreq.o)
                0x000000000800c7ec                USBD_CtlSendStatus
 .text.USBD_CtlReceiveStatus
                0x000000000800c804       0x18 ../../DaisyExamples/libDaisy//build/libdaisy.a(usbd_ioreq.o)
                0x000000000800c804                USBD_CtlReceiveStatus
 .text.USBH_LL_IncTimer
                0x000000000800c81c       0x20 ../../DaisyExamples/libDaisy//build/libdaisy.a(usbh_core.o)
                0x000000000800c81c                USBH_LL_IncTimer
 .text.USBH_LL_PortEnabled
                0x000000000800c83c        0x8 ../../DaisyExamples/libDaisy//build/libdaisy.a(usbh_core.o)
                0x000000000800c83c                USBH_LL_PortEnabled
 .text.USBH_LL_PortDisabled
                0x000000000800c844        0x8 ../../DaisyExamples/libDaisy//build/libdaisy.a(usbh_core.o)
                0x000000000800c844                USBH_LL_PortDisabled
 .text.USBH_LL_Connect
                0x000000000800c84c       0x18 ../../DaisyExamples/libDaisy//build/libdaisy.a(usbh_core.o)
                0x000000000800c84c                USBH_LL_Connect
 .text.USBH_LL_Disconnect
                0x000000000800c864       0x2c ../../DaisyExamples/libDaisy//build/libdaisy.a(usbh_core.o)
                0x000000000800c864                USBH_LL_Disconnect
 .text.USBH_FreePipe
                0x000000000800c890       0x18 ../../DaisyExamples/libDaisy//build/libdaisy.a(usbh_pipes.o)
                0x000000000800c890                USBH_FreePipe
 .text._ZN5daisy6Random4InitEv
                0x000000000800c8a8       0x3c ../../DaisyExamples/libDaisy//build/libdaisy.a(rng.o)
                0x000000000800c8a8                daisy::Random::Init()
 .text._ZN5daisy9SpiHandle4Impl7InitDmaEv
                0x000000000800c8e4       0xec ../../DaisyExamples/libDaisy//build/libdaisy.a(spi.o)
                0x000000000800c8e4                daisy::SpiHandle::Impl::InitDma()
 .text._ZN5daisy9SpiHandle4Impl10StartDmaTxEPhjPFvPvEPFvS3_NS0_6ResultEES3_
                0x000000000800c9d0       0xc8 ../../DaisyExamples/libDaisy//build/libdaisy.a(spi.o)
                0x000000000800c9d0                daisy::SpiHandle::Impl::StartDmaTx(unsigned char*, unsigned int, void (*)(void*), void (*)(void*, daisy::SpiHandle::Result), void*)
 .text._ZN5daisy9SpiHandle4Impl10StartDmaRxEPhjPFvPvEPFvS3_NS0_6ResultEES3_
                0x000000000800ca98       0xc8 ../../DaisyExamples/libDaisy//build/libdaisy.a(spi.o)
                0x000000000800ca98                daisy::SpiHandle::Impl::StartDmaRx(unsigned char*, unsigned int, void (*)(void*), void (*)(void*, daisy::SpiHandle::Result), void*)
 .text._ZN5daisy9SpiHandle4Impl12StartDmaRxTxEPhS2_jPFvPvEPFvS3_NS0_6ResultEES3_
                0x000000000800cb60       0xcc ../../DaisyExamples/libDaisy//build/libdaisy.a(spi.o)
                0x000000000800cb60                daisy::SpiHandle::Impl::StartDmaRxTx(unsigned char*, unsigned char*, unsigned int, void (*)(void*), void (*)(void*, daisy::SpiHandle::Result), void*)
 .text._ZN5daisy9SpiHandle4Impl8InitPinsEv
                0x000000000800cc2c      0x274 ../../DaisyExamples/libDaisy//build/libdaisy.a(spi.o)
                0x000000000800cc2c                daisy::SpiHandle::Impl::InitPins()
 .text.HAL_SPI_MspInit
                0x000000000800cea0      0x1a8 ../../DaisyExamples/libDaisy//build/libdaisy.a(spi.o)
                0x000000000800cea0                HAL_SPI_MspInit
 .text.dsy_spi_global_init
                0x000000000800d048       0x80 ../../DaisyExamples/libDaisy//build/libdaisy.a(spi.o)
                0x000000000800d048                dsy_spi_global_init
 .text.SPI1_IRQHandler
                0x000000000800d0c8        0xc ../../DaisyExamples/libDaisy//build/libdaisy.a(spi.o)
                0x000000000800d0c8                SPI1_IRQHandler
 .text.SPI2_IRQHandler
                0x000000000800d0d4        0xc ../../DaisyExamples/libDaisy//build/libdaisy.a(spi.o)
                0x000000000800d0d4                SPI2_IRQHandler
 .text.SPI3_IRQHandler
                0x000000000800d0e0        0xc ../../DaisyExamples/libDaisy//build/libdaisy.a(spi.o)
                0x000000000800d0e0                SPI3_IRQHandler
 .text.SPI4_IRQHandler
                0x000000000800d0ec        0xc ../../DaisyExamples/libDaisy//build/libdaisy.a(spi.o)
                0x000000000800d0ec                SPI4_IRQHandler
 .text.SPI5_IRQHandler
                0x000000000800d0f8        0xc ../../DaisyExamples/libDaisy//build/libdaisy.a(spi.o)
                0x000000000800d0f8                SPI5_IRQHandler
 .text.DMA2_Stream2_IRQHandler
                0x000000000800d104       0x34 ../../DaisyExamples/libDaisy//build/libdaisy.a(spi.o)
                0x000000000800d104                DMA2_Stream2_IRQHandler
 .text.DMA2_Stream3_IRQHandler
                0x000000000800d138       0x38 ../../DaisyExamples/libDaisy//build/libdaisy.a(spi.o)
                0x000000000800d138                DMA2_Stream3_IRQHandler
 .text.HAL_SPI_TxCpltCallback
                0x000000000800d170       0xc4 ../../DaisyExamples/libDaisy//build/libdaisy.a(spi.o)
                0x000000000800d170                HAL_SPI_TxCpltCallback
 .text.HAL_SPI_RxCpltCallback
                0x000000000800d234       0xc4 ../../DaisyExamples/libDaisy//build/libdaisy.a(spi.o)
                0x000000000800d234                HAL_SPI_RxCpltCallback
 .text.HAL_SPI_TxRxCpltCallback
                0x000000000800d2f8       0xc4 ../../DaisyExamples/libDaisy//build/libdaisy.a(spi.o)
                0x000000000800d2f8                HAL_SPI_TxRxCpltCallback
 .text.HAL_SPI_ErrorCallback
                0x000000000800d3bc       0xc8 ../../DaisyExamples/libDaisy//build/libdaisy.a(spi.o)
                0x000000000800d3bc                HAL_SPI_ErrorCallback
 .text.startup._GLOBAL__sub_I__Z19MapInstanceToHandleP11SPI_TypeDef
                0x000000000800d484      0x1b0 ../../DaisyExamples/libDaisy//build/libdaisy.a(spi.o)
 .text.HAL_TIM_Base_MspInit
                0x000000000800d634      0x1e0 ../../DaisyExamples/libDaisy//build/libdaisy.a(tim.o)
                0x000000000800d634                HAL_TIM_Base_MspInit
 .text.HAL_TIM_PeriodElapsedCallback
                0x000000000800d814       0x44 ../../DaisyExamples/libDaisy//build/libdaisy.a(tim.o)
                0x000000000800d814                HAL_TIM_PeriodElapsedCallback
 .text.TIM2_IRQHandler
                0x000000000800d858        0xc ../../DaisyExamples/libDaisy//build/libdaisy.a(tim.o)
                0x000000000800d858                TIM2_IRQHandler
 .text.TIM3_IRQHandler
                0x000000000800d864        0xc ../../DaisyExamples/libDaisy//build/libdaisy.a(tim.o)
                0x000000000800d864                TIM3_IRQHandler
 .text.TIM4_IRQHandler
                0x000000000800d870        0xc ../../DaisyExamples/libDaisy//build/libdaisy.a(tim.o)
                0x000000000800d870                TIM4_IRQHandler
 .text.TIM5_IRQHandler
                0x000000000800d87c        0xc ../../DaisyExamples/libDaisy//build/libdaisy.a(tim.o)
                0x000000000800d87c                TIM5_IRQHandler
 .text._ZN5daisy11TimerHandle4InitERKNS0_6ConfigE
                0x000000000800d888       0xd0 ../../DaisyExamples/libDaisy//build/libdaisy.a(tim.o)
                0x000000000800d888                daisy::TimerHandle::Init(daisy::TimerHandle::Config const&)
 .text._ZN5daisy11TimerHandle5StartEv
                0x000000000800d958       0x24 ../../DaisyExamples/libDaisy//build/libdaisy.a(tim.o)
                0x000000000800d958                daisy::TimerHandle::Start()
 .text.startup._GLOBAL__sub_I__ZN5daisy11TimerHandle4Impl4InitERKNS0_6ConfigE
                0x000000000800d97c       0x38 ../../DaisyExamples/libDaisy//build/libdaisy.a(tim.o)
 .text._ZN5daisy11UartHandler4Impl7InitDmaEbb
                0x000000000800d9b4      0x164 ../../DaisyExamples/libDaisy//build/libdaisy.a(uart.o)
                0x000000000800d9b4                daisy::UartHandler::Impl::InitDma(bool, bool)
 .text._ZN5daisy11UartHandler4Impl10HandleFifoEv
                0x000000000800db18       0xec ../../DaisyExamples/libDaisy//build/libdaisy.a(uart.o)
                0x000000000800db18                daisy::UartHandler::Impl::HandleFifo()
 .text._ZN5daisy11UartHandler4Impl10StartDmaTxEPhjPFvPvEPFvS3_NS0_6ResultEES3_
                0x000000000800dc04       0xcc ../../DaisyExamples/libDaisy//build/libdaisy.a(uart.o)
                0x000000000800dc04                daisy::UartHandler::Impl::StartDmaTx(unsigned char*, unsigned int, void (*)(void*), void (*)(void*, daisy::UartHandler::Result), void*)
 .text._ZN5daisy11UartHandler4Impl10StartDmaRxEPhjPFvPvEPFvS3_NS0_6ResultEES3_
                0x000000000800dcd0       0xcc ../../DaisyExamples/libDaisy//build/libdaisy.a(uart.o)
                0x000000000800dcd0                daisy::UartHandler::Impl::StartDmaRx(unsigned char*, unsigned int, void (*)(void*), void (*)(void*, daisy::UartHandler::Result), void*)
 .text._ZN5daisy11UartHandler4Impl19DmaTransferFinishedEP20__UART_HandleTypeDefNS0_6ResultE
                0x000000000800dd9c       0xc0 ../../DaisyExamples/libDaisy//build/libdaisy.a(uart.o)
                0x000000000800dd9c                daisy::UartHandler::Impl::DmaTransferFinished(__UART_HandleTypeDef*, daisy::UartHandler::Result)
 .text._ZN5daisy11UartHandler4Impl8InitPinsEv
                0x000000000800de5c      0x150 ../../DaisyExamples/libDaisy//build/libdaisy.a(uart.o)
                0x000000000800de5c                daisy::UartHandler::Impl::InitPins()
 .text.HAL_UART_MspInit
                0x000000000800dfac      0x210 ../../DaisyExamples/libDaisy//build/libdaisy.a(uart.o)
                0x000000000800dfac                HAL_UART_MspInit
 .text.dsy_uart_global_init
                0x000000000800e1bc       0xfc ../../DaisyExamples/libDaisy//build/libdaisy.a(uart.o)
                0x000000000800e1bc                dsy_uart_global_init
 .text.USART1_IRQHandler
                0x000000000800e2b8       0x30 ../../DaisyExamples/libDaisy//build/libdaisy.a(uart.o)
                0x000000000800e2b8                USART1_IRQHandler
 .text.USART2_IRQHandler
                0x000000000800e2e8       0x34 ../../DaisyExamples/libDaisy//build/libdaisy.a(uart.o)
                0x000000000800e2e8                USART2_IRQHandler
 .text.USART3_IRQHandler
                0x000000000800e31c       0x34 ../../DaisyExamples/libDaisy//build/libdaisy.a(uart.o)
                0x000000000800e31c                USART3_IRQHandler
 .text.UART4_IRQHandler
                0x000000000800e350       0x34 ../../DaisyExamples/libDaisy//build/libdaisy.a(uart.o)
                0x000000000800e350                UART4_IRQHandler
 .text.UART5_IRQHandler
                0x000000000800e384       0x34 ../../DaisyExamples/libDaisy//build/libdaisy.a(uart.o)
                0x000000000800e384                UART5_IRQHandler
 .text.USART6_IRQHandler
                0x000000000800e3b8       0x34 ../../DaisyExamples/libDaisy//build/libdaisy.a(uart.o)
                0x000000000800e3b8                USART6_IRQHandler
 .text.UART7_IRQHandler
                0x000000000800e3ec       0x30 ../../DaisyExamples/libDaisy//build/libdaisy.a(uart.o)
                0x000000000800e3ec                UART7_IRQHandler
 .text.UART8_IRQHandler
                0x000000000800e41c       0x34 ../../DaisyExamples/libDaisy//build/libdaisy.a(uart.o)
                0x000000000800e41c                UART8_IRQHandler
 .text.LPUART1_IRQHandler
                0x000000000800e450       0x34 ../../DaisyExamples/libDaisy//build/libdaisy.a(uart.o)
                0x000000000800e450                LPUART1_IRQHandler
 .text.DMA1_Stream5_IRQHandler
                0x000000000800e484       0x34 ../../DaisyExamples/libDaisy//build/libdaisy.a(uart.o)
                0x000000000800e484                DMA1_Stream5_IRQHandler
 .text.DMA2_Stream4_IRQHandler
                0x000000000800e4b8       0x34 ../../DaisyExamples/libDaisy//build/libdaisy.a(uart.o)
                0x000000000800e4b8                DMA2_Stream4_IRQHandler
 .text.HAL_UART_TxCpltCallback
                0x000000000800e4ec        0x8 ../../DaisyExamples/libDaisy//build/libdaisy.a(uart.o)
                0x000000000800e4ec                HAL_UART_TxCpltCallback
 .text.HAL_UART_RxCpltCallback
                0x000000000800e4f4        0x8 ../../DaisyExamples/libDaisy//build/libdaisy.a(uart.o)
                0x000000000800e4f4                HAL_UART_RxCpltCallback
 .text.HAL_UART_ErrorCallback
                0x000000000800e4fc        0x8 ../../DaisyExamples/libDaisy//build/libdaisy.a(uart.o)
                0x000000000800e4fc                HAL_UART_ErrorCallback
 .text.startup._GLOBAL__sub_I__Z19MapInstanceToHandleP13USART_TypeDef
                0x000000000800e504      0x190 ../../DaisyExamples/libDaisy//build/libdaisy.a(uart.o)
 .text.dsy_dma_init
                0x000000000800e694      0x100 ../../DaisyExamples/libDaisy//build/libdaisy.a(dma.o)
                0x000000000800e694                dsy_dma_init
 .text.HAL_MDMA_Abort_IT
                0x000000000800e794       0x2c ../../DaisyExamples/libDaisy//build/libdaisy.a(stm32h7xx_hal_mdma.o)
                0x000000000800e794                HAL_MDMA_Abort_IT
 .text.SPI_CloseTransfer
                0x000000000800e7c0       0xb8 ../../DaisyExamples/libDaisy//build/libdaisy.a(stm32h7xx_hal_spi.o)
 .text.HAL_SPI_Init
                0x000000000800e878      0x15c ../../DaisyExamples/libDaisy//build/libdaisy.a(stm32h7xx_hal_spi.o)
                0x000000000800e878                HAL_SPI_Init
 .text.HAL_SPI_Transmit_DMA
                0x000000000800e9d4      0x170 ../../DaisyExamples/libDaisy//build/libdaisy.a(stm32h7xx_hal_spi.o)
                0x000000000800e9d4                HAL_SPI_Transmit_DMA
 .text.HAL_SPI_TransmitReceive_DMA
                0x000000000800eb44      0x218 ../../DaisyExamples/libDaisy//build/libdaisy.a(stm32h7xx_hal_spi.o)
                0x000000000800eb44                HAL_SPI_TransmitReceive_DMA
 .text.HAL_SPI_Receive_DMA
                0x000000000800ed5c      0x1b4 ../../DaisyExamples/libDaisy//build/libdaisy.a(stm32h7xx_hal_spi.o)
                0x000000000800ed5c                HAL_SPI_Receive_DMA
 .text.SPI_DMATransmitCplt
                0x000000000800ef10       0x28 ../../DaisyExamples/libDaisy//build/libdaisy.a(stm32h7xx_hal_spi.o)
 .text.SPI_DMAReceiveCplt
                0x000000000800ef38       0x28 ../../DaisyExamples/libDaisy//build/libdaisy.a(stm32h7xx_hal_spi.o)
 .text.SPI_DMATransmitReceiveCplt
                0x000000000800ef60       0x28 ../../DaisyExamples/libDaisy//build/libdaisy.a(stm32h7xx_hal_spi.o)
 .text.HAL_SPI_TxHalfCpltCallback
                0x000000000800ef88        0x4 ../../DaisyExamples/libDaisy//build/libdaisy.a(stm32h7xx_hal_spi.o)
                0x000000000800ef88                HAL_SPI_TxHalfCpltCallback
 .text.SPI_DMAHalfTransmitCplt
                0x000000000800ef8c        0xc ../../DaisyExamples/libDaisy//build/libdaisy.a(stm32h7xx_hal_spi.o)
 .text.HAL_SPI_RxHalfCpltCallback
                0x000000000800ef98        0x4 ../../DaisyExamples/libDaisy//build/libdaisy.a(stm32h7xx_hal_spi.o)
                0x000000000800ef98                HAL_SPI_RxHalfCpltCallback
 .text.SPI_DMAHalfReceiveCplt
                0x000000000800ef9c        0xc ../../DaisyExamples/libDaisy//build/libdaisy.a(stm32h7xx_hal_spi.o)
 .text.HAL_SPI_TxRxHalfCpltCallback
                0x000000000800efa8        0x4 ../../DaisyExamples/libDaisy//build/libdaisy.a(stm32h7xx_hal_spi.o)
                0x000000000800efa8                HAL_SPI_TxRxHalfCpltCallback
 .text.SPI_DMAHalfTransmitReceiveCplt
                0x000000000800efac        0xc ../../DaisyExamples/libDaisy//build/libdaisy.a(stm32h7xx_hal_spi.o)
 .text.SPI_DMAError
                0x000000000800efb8       0xd8 ../../DaisyExamples/libDaisy//build/libdaisy.a(stm32h7xx_hal_spi.o)
 .text.HAL_SPI_IRQHandler
                0x000000000800f090      0x23c ../../DaisyExamples/libDaisy//build/libdaisy.a(stm32h7xx_hal_spi.o)
                0x000000000800f090                HAL_SPI_IRQHandler
 .text.SPI_DMAAbortOnError
                0x000000000800f2cc       0x1c ../../DaisyExamples/libDaisy//build/libdaisy.a(stm32h7xx_hal_spi.o)
 .text.HAL_SPI_GetState
                0x000000000800f2e8        0x8 ../../DaisyExamples/libDaisy//build/libdaisy.a(stm32h7xx_hal_spi.o)
                0x000000000800f2e8                HAL_SPI_GetState
 .text.HAL_TIM_Base_Init
                0x000000000800f2f0      0x140 ../../DaisyExamples/libDaisy//build/libdaisy.a(stm32h7xx_hal_tim.o)
                0x000000000800f2f0                HAL_TIM_Base_Init
 .text.HAL_TIM_Base_Start
                0x000000000800f430       0x34 ../../DaisyExamples/libDaisy//build/libdaisy.a(stm32h7xx_hal_tim.o)
                0x000000000800f430                HAL_TIM_Base_Start
 .text.HAL_TIM_Base_Start_IT
                0x000000000800f464       0x2c ../../DaisyExamples/libDaisy//build/libdaisy.a(stm32h7xx_hal_tim.o)
                0x000000000800f464                HAL_TIM_Base_Start_IT
 .text.HAL_TIM_ConfigClockSource
                0x000000000800f490      0x17c ../../DaisyExamples/libDaisy//build/libdaisy.a(stm32h7xx_hal_tim.o)
                0x000000000800f490                HAL_TIM_ConfigClockSource
 .text.HAL_TIM_OC_DelayElapsedCallback
                0x000000000800f60c        0x4 ../../DaisyExamples/libDaisy//build/libdaisy.a(stm32h7xx_hal_tim.o)
                0x000000000800f60c                HAL_TIM_OC_DelayElapsedCallback
 .text.HAL_TIM_IC_CaptureCallback
                0x000000000800f610        0x4 ../../DaisyExamples/libDaisy//build/libdaisy.a(stm32h7xx_hal_tim.o)
                0x000000000800f610                HAL_TIM_IC_CaptureCallback
 .text.HAL_TIM_PWM_PulseFinishedCallback
                0x000000000800f614        0x4 ../../DaisyExamples/libDaisy//build/libdaisy.a(stm32h7xx_hal_tim.o)
                0x000000000800f614                HAL_TIM_PWM_PulseFinishedCallback
 .text.HAL_TIM_TriggerCallback
                0x000000000800f618        0x4 ../../DaisyExamples/libDaisy//build/libdaisy.a(stm32h7xx_hal_tim.o)
                0x000000000800f618                HAL_TIM_TriggerCallback
 .text.HAL_TIM_IRQHandler
                0x000000000800f61c      0x170 ../../DaisyExamples/libDaisy//build/libdaisy.a(stm32h7xx_hal_tim.o)
                0x000000000800f61c                HAL_TIM_IRQHandler
 .text.HAL_TIMEx_MasterConfigSynchronization
                0x000000000800f78c       0x64 ../../DaisyExamples/libDaisy//build/libdaisy.a(stm32h7xx_hal_tim_ex.o)
                0x000000000800f78c                HAL_TIMEx_MasterConfigSynchronization
 .text.HAL_TIMEx_CommutCallback
                0x000000000800f7f0        0x4 ../../DaisyExamples/libDaisy//build/libdaisy.a(stm32h7xx_hal_tim_ex.o)
                0x000000000800f7f0                HAL_TIMEx_CommutCallback
 .text.HAL_TIMEx_BreakCallback
                0x000000000800f7f4        0x4 ../../DaisyExamples/libDaisy//build/libdaisy.a(stm32h7xx_hal_tim_ex.o)
                0x000000000800f7f4                HAL_TIMEx_BreakCallback
 .text.HAL_TIMEx_Break2Callback
                0x000000000800f7f8        0x4 ../../DaisyExamples/libDaisy//build/libdaisy.a(stm32h7xx_hal_tim_ex.o)
                0x000000000800f7f8                HAL_TIMEx_Break2Callback
 .text.HAL_UART_Transmit_DMA
                0x000000000800f7fc       0xa4 ../../DaisyExamples/libDaisy//build/libdaisy.a(stm32h7xx_hal_uart.o)
                0x000000000800f7fc                HAL_UART_Transmit_DMA
 .text.HAL_UART_Receive_DMA
                0x000000000800f8a0       0xac ../../DaisyExamples/libDaisy//build/libdaisy.a(stm32h7xx_hal_uart.o)
                0x000000000800f8a0                HAL_UART_Receive_DMA
 .text.UART_DMATransmitCplt
                0x000000000800f94c       0x2c ../../DaisyExamples/libDaisy//build/libdaisy.a(stm32h7xx_hal_uart.o)
 .text.HAL_UART_TxHalfCpltCallback