Archive member included to satisfy reference by file (symbol)

../../DaisyExamples/libDaisy//build/libdaisy.a(daisy_seed.o)
                              build/MachineDaisyFile.o (daisy::DaisySeed::StartAudio(void (*)(float const* const*, float**, unsigned int)))
../../DaisyExamples/libDaisy//build/libdaisy.a(codec_ak4556.o)
                              ../../DaisyExamples/libDaisy//build/libdaisy.a(daisy_seed.o) (daisy::Ak4556::Init(dsy_gpio_pin))
../../DaisyExamples/libDaisy//build/libdaisy.a(codec_wm8731.o)
                              ../../DaisyExamples/libDaisy//build/libdaisy.a(daisy_seed.o) (daisy::Wm8731::Init(daisy::Wm8731::Config const&, daisy::I2CHandle))
../../DaisyExamples/libDaisy//build/libdaisy.a(sdram.o)
                              ../../DaisyExamples/libDaisy//build/libdaisy.a(daisy_seed.o) (SdramHandle::Init())
../../DaisyExamples/libDaisy//build/libdaisy.a(audio.o)
                              ../../DaisyExamples/libDaisy//build/libdaisy.a(daisy_seed.o) (daisy::AudioHandle::Init(daisy::AudioHandle::Config const&, daisy::SaiHandle))
../../DaisyExamples/libDaisy//build/libdaisy.a(switch.o)
                              build/MachineDaisyFile.o (daisy::Switch::Init(dsy_gpio_pin, float))
../../DaisyExamples/libDaisy//build/libdaisy.a(adc.o)
                              build/MachineDaisyFile.o (daisy::AdcChannelConfig::InitSingle(dsy_gpio_pin))
../../DaisyExamples/libDaisy//build/libdaisy.a(gpio.o)
                              ../../DaisyExamples/libDaisy//build/libdaisy.a(daisy_seed.o) (dsy_gpio_init)
../../DaisyExamples/libDaisy//build/libdaisy.a(i2c.o)
                              ../../DaisyExamples/libDaisy//build/libdaisy.a(daisy_seed.o) (daisy::I2CHandle::Init(daisy::I2CHandle::Config const&))
../../DaisyExamples/libDaisy//build/libdaisy.a(qspi.o)
                              ../../DaisyExamples/libDaisy//build/libdaisy.a(daisy_seed.o) (daisy::QSPIHandle::Init(daisy::QSPIHandle::Config const&))
../../DaisyExamples/libDaisy//build/libdaisy.a(sai.o)
                              ../../DaisyExamples/libDaisy//build/libdaisy.a(daisy_seed.o) (daisy::SaiHandle::Init(daisy::SaiHandle::Config const&))
../../DaisyExamples/libDaisy//build/libdaisy.a(system.o)
                              ../../DaisyExamples/libDaisy//build/libdaisy.a(daisy_seed.o) (daisy::System::DeInit())
../../DaisyExamples/libDaisy//build/libdaisy.a(system_stm32h7xx.o)
                              build/startup_stm32h750xx.o (SystemInit)
../../DaisyExamples/libDaisy//build/libdaisy.a(usbd_conf.o)
                              ../../DaisyExamples/libDaisy//build/libdaisy.a(system.o) (hpcd_USB_OTG_HS)
../../DaisyExamples/libDaisy//build/libdaisy.a(usbh_conf.o)
                              ../../DaisyExamples/libDaisy//build/libdaisy.a(system.o) (hhcd_USB_OTG_HS)
../../DaisyExamples/libDaisy//build/libdaisy.a(hal_map.o)
                              ../../DaisyExamples/libDaisy//build/libdaisy.a(gpio.o) (dsy_hal_map_get_port)
../../DaisyExamples/libDaisy//build/libdaisy.a(stm32h7xx_hal.o)
                              ../../DaisyExamples/libDaisy//build/libdaisy.a(system.o) (HAL_Init)
../../DaisyExamples/libDaisy//build/libdaisy.a(stm32h7xx_hal_adc.o)
                              ../../DaisyExamples/libDaisy//build/libdaisy.a(adc.o) (HAL_ADC_ConfigChannel)
../../DaisyExamples/libDaisy//build/libdaisy.a(stm32h7xx_hal_adc_ex.o)
                              ../../DaisyExamples/libDaisy//build/libdaisy.a(adc.o) (HAL_ADCEx_Calibration_Start)
../../DaisyExamples/libDaisy//build/libdaisy.a(stm32h7xx_hal_cortex.o)
                              ../../DaisyExamples/libDaisy//build/libdaisy.a(stm32h7xx_hal.o) (HAL_NVIC_SetPriorityGrouping)
../../DaisyExamples/libDaisy//build/libdaisy.a(stm32h7xx_hal_dma.o)
                              ../../DaisyExamples/libDaisy//build/libdaisy.a(adc.o) (HAL_DMA_Init)
../../DaisyExamples/libDaisy//build/libdaisy.a(stm32h7xx_hal_gpio.o)
                              ../../DaisyExamples/libDaisy//build/libdaisy.a(sdram.o) (HAL_GPIO_Init)
../../DaisyExamples/libDaisy//build/libdaisy.a(stm32h7xx_hal_hcd.o)
                              ../../DaisyExamples/libDaisy//build/libdaisy.a(usbh_conf.o) (HAL_HCD_HC_Init)
../../DaisyExamples/libDaisy//build/libdaisy.a(stm32h7xx_hal_i2c.o)
                              ../../DaisyExamples/libDaisy//build/libdaisy.a(i2c.o) (HAL_I2C_Init)
../../DaisyExamples/libDaisy//build/libdaisy.a(stm32h7xx_hal_i2c_ex.o)
                              ../../DaisyExamples/libDaisy//build/libdaisy.a(i2c.o) (HAL_I2CEx_ConfigAnalogFilter)
../../DaisyExamples/libDaisy//build/libdaisy.a(stm32h7xx_hal_pcd.o)
                              ../../DaisyExamples/libDaisy//build/libdaisy.a(usbd_conf.o) (HAL_PCD_Init)
../../DaisyExamples/libDaisy//build/libdaisy.a(stm32h7xx_hal_pcd_ex.o)
                              ../../DaisyExamples/libDaisy//build/libdaisy.a(usbd_conf.o) (HAL_PCDEx_SetTxFiFo)
../../DaisyExamples/libDaisy//build/libdaisy.a(stm32h7xx_hal_pwr_ex.o)
[...]
Memory Configuration

Name             Origin             Length             Attributes
FLASH            0x0000000008000000 0x0000000000020000 xr
DTCMRAM          0x0000000020000000 0x0000000000020000 xrw
SRAM             0x0000000024000000 0x0000000000080000 xrw
RAM_D2           0x0000000030000000 0x0000000000048000 xrw
RAM_D3           0x0000000038000000 0x0000000000010000 xrw
ITCMRAM          0x0000000000000000 0x0000000000010000 xrw
SDRAM            0x00000000c0000000 0x0000000004000000 xrw
QSPIFLASH        0x0000000090000000 0x0000000000800000 xr
*default*        0x0000000000000000 0xffffffffffffffff

Linker script and memory map

LOAD /Library/DaisyToolchain/0.2.0/arm/bin/../lib/gcc/arm-none-eabi/10.3.1/thumb/v7e-m+dp/hard/crti.o
LOAD /Library/DaisyToolchain/0.2.0/arm/bin/../lib/gcc/arm-none-eabi/10.3.1/thumb/v7e-m+dp/hard/crtbegin.o
LOAD /Library/DaisyToolchain/0.2.0/arm/bin/../lib/gcc/arm-none-eabi/10.3.1/../../../../arm-none-eabi/lib/thumb/v7e-m+dp/hard/crt0.o
LOAD build/startup_stm32h750xx.o
LOAD build/MachineDaisyFile.o
LOAD ../../DaisyExamples/libDaisy//build/libdaisy.a
LOAD /Library/DaisyToolchain/0.2.0/arm/bin/../lib/gcc/arm-none-eabi/10.3.1/../../../../arm-none-eabi/lib/thumb/v7e-m+dp/hard/libnosys.a
LOAD ../../DaisyExamples/DaisySP//build/libdaisysp.a
LOAD /Library/DaisyToolchain/0.2.0/arm/bin/../lib/gcc/arm-none-eabi/10.3.1/../../../../arm-none-eabi/lib/thumb/v7e-m+dp/hard/libstdc++_nano.a
LOAD /Library/DaisyToolchain/0.2.0/arm/bin/../lib/gcc/arm-none-eabi/10.3.1/../../../../arm-none-eabi/lib/thumb/v7e-m+dp/hard/libm.a
LOAD /Library/DaisyToolchain/0.2.0/arm/bin/../lib/gcc/arm-none-eabi/10.3.1/../../../../arm-none-eabi/lib/thumb/v7e-m+dp/hard/libc_nano.a
START GROUP
LOAD /Library/DaisyToolchain/0.2.0/arm/bin/../lib/gcc/arm-none-eabi/10.3.1/thumb/v7e-m+dp/hard/libgcc.a
LOAD /Library/DaisyToolchain/0.2.0/arm/bin/../lib/gcc/arm-none-eabi/10.3.1/../../../../arm-none-eabi/lib/thumb/v7e-m+dp/hard/libc_nano.a
END GROUP
START GROUP
LOAD /Library/DaisyToolchain/0.2.0/arm/bin/../lib/gcc/arm-none-eabi/10.3.1/thumb/v7e-m+dp/hard/libgcc.a
LOAD /Library/DaisyToolchain/0.2.0/arm/bin/../lib/gcc/arm-none-eabi/10.3.1/../../../../arm-none-eabi/lib/thumb/v7e-m+dp/hard/libc_nano.a
LOAD /Library/DaisyToolchain/0.2.0/arm/bin/../lib/gcc/arm-none-eabi/10.3.1/../../../../arm-none-eabi/lib/thumb/v7e-m+dp/hard/libnosys.a
END GROUP
START GROUP
LOAD /Library/DaisyToolchain/0.2.0/arm/bin/../lib/gcc/arm-none-eabi/10.3.1/thumb/v7e-m+dp/hard/libgcc.a
LOAD /Library/DaisyToolchain/0.2.0/arm/bin/../lib/gcc/arm-none-eabi/10.3.1/../../../../arm-none-eabi/lib/thumb/v7e-m+dp/hard/libc_nano.a
LOAD /Library/DaisyToolchain/0.2.0/arm/bin/../lib/gcc/arm-none-eabi/10.3.1/../../../../arm-none-eabi/lib/thumb/v7e-m+dp/hard/libnosys.a
END GROUP
LOAD /Library/DaisyToolchain/0.2.0/arm/bin/../lib/gcc/arm-none-eabi/10.3.1/thumb/v7e-m+dp/hard/crtend.o
LOAD /Library/DaisyToolchain/0.2.0/arm/bin/../lib/gcc/arm-none-eabi/10.3.1/thumb/v7e-m+dp/hard/crtn.o
                0x0000000020020000                _estack = 0x20020000

.isr_vector     0x0000000008000000      0x298
                0x0000000008000000                . = ALIGN (0x4)
 *(.isr_vector)
 .isr_vector    0x0000000008000000      0x298 build/startup_stm32h750xx.o
                0x0000000008000000                g_pfnVectors
                0x0000000008000298                . = ALIGN (0x4)

.text           0x00000000080002a0    0x15528
                0x00000000080002a0                . = ALIGN (0x4)
                0x00000000080002a0                _stext = .
 *(.text)
 .text          0x00000000080002a0       0x40 /Library/DaisyToolchain/0.2.0/arm/bin/../lib/gcc/arm-none-eabi/10.3.1/thumb/v7e-m+dp/hard/crtbegin.o
 .text          0x00000000080002e0       0xa0 /Library/DaisyToolchain/0.2.0/arm/bin/../lib/gcc/arm-none-eabi/10.3.1/../../../../arm-none-eabi/lib/thumb/v7e-m+dp/hard/libc_nano.a(lib_a-memchr.o)
                0x00000000080002e0                memchr
 .text          0x0000000008000380      0x378 /Library/DaisyToolchain/0.2.0/arm/bin/../lib/gcc/arm-none-eabi/10.3.1/thumb/v7e-m+dp/hard/libgcc.a(_arm_addsubdf3.o)
                0x0000000008000380                __aeabi_drsub
                0x0000000008000388                __subdf3
                0x0000000008000388                __aeabi_dsub
                0x000000000800038c                __aeabi_dadd
                0x000000000800038c                __adddf3
                0x0000000008000604                __aeabi_ui2d
                0x0000000008000604                __floatunsidf
                0x0000000008000624                __floatsidf
                0x0000000008000624                __aeabi_i2d
                0x0000000008000648                __extendsfdf2
                0x0000000008000648                __aeabi_f2d
                0x000000000800068c                __aeabi_ul2d
                0x000000000800068c                __floatundidf
                0x000000000800069c                __aeabi_l2d
                0x000000000800069c                __floatdidf
 .text          0x00000000080006f8       0x30 /Library/DaisyToolchain/0.2.0/arm/bin/../lib/gcc/arm-none-eabi/10.3.1/thumb/v7e-m+dp/hard/libgcc.a(_aeabi_uldivmod.o)
                0x00000000080006f8                __aeabi_uldivmod
 .text          0x0000000008000728      0x2d0 /Library/DaisyToolchain/0.2.0/arm/bin/../lib/gcc/arm-none-eabi/10.3.1/thumb/v7e-m+dp/hard/libgcc.a(_udivmoddi4.o)
                0x0000000008000728                __udivmoddi4
 .text          0x00000000080009f8        0x4 /Library/DaisyToolchain/0.2.0/arm/bin/../lib/gcc/arm-none-eabi/10.3.1/thumb/v7e-m+dp/hard/libgcc.a(_dvmd_tls.o)
                0x00000000080009f8                __aeabi_ldiv0
                0x00000000080009f8                __aeabi_idiv0
 *(.text*)
 .text.Default_Handler
                0x00000000080009fc        0x4 build/startup_stm32h750xx.o
                0x00000000080009fc                SAI1_IRQHandler
                0x00000000080009fc                HASH_RNG_IRQHandler
                0x00000000080009fc                EXTI2_IRQHandler
                0x00000000080009fc                TIM8_CC_IRQHandler
                0x00000000080009fc                HRTIM1_Master_IRQHandler
                0x00000000080009fc                DebugMon_Handler
                0x00000000080009fc                TIM1_CC_IRQHandler
                0x00000000080009fc                BDMA_Channel6_IRQHandler
                0x00000000080009fc                DMA2_Stream5_IRQHandler
                0x00000000080009fc                HRTIM1_FLT_IRQHandler
                0x00000000080009fc                JPEG_IRQHandler
                0x00000000080009fc                BDMA_Channel1_IRQHandler
                0x00000000080009fc                HRTIM1_TIMD_IRQHandler
                0x00000000080009fc                TAMP_STAMP_IRQHandler
                0x00000000080009fc                PendSV_Handler
                0x00000000080009fc                NMI_Handler
                0x00000000080009fc                EXTI3_IRQHandler
                0x00000000080009fc                LPTIM4_IRQHandler
                0x00000000080009fc                TIM8_TRG_COM_TIM14_IRQHandler
                0x00000000080009fc                LPTIM2_IRQHandler
                0x00000000080009fc                DFSDM1_FLT1_IRQHandler
                0x00000000080009fc                DMAMUX2_OVR_IRQHandler
                0x00000000080009fc                TIM8_UP_TIM13_IRQHandler
                0x00000000080009fc                I2C3_ER_IRQHandler
                0x00000000080009fc                DFSDM1_FLT2_IRQHandler
                0x00000000080009fc                MDMA_IRQHandler
                0x00000000080009fc                LPTIM3_IRQHandler
                0x00000000080009fc                HSEM1_IRQHandler
                0x00000000080009fc                EXTI0_IRQHandler
                0x00000000080009fc                FPU_IRQHandler
                0x00000000080009fc                OTG_HS_WKUP_IRQHandler
                0x00000000080009fc                FDCAN1_IT1_IRQHandler
                0x00000000080009fc                UsageFault_Handler
                0x00000000080009fc                LTDC_ER_IRQHandler
                0x00000000080009fc                HRTIM1_TIME_IRQHandler
                0x00000000080009fc                TIM6_DAC_IRQHandler
                0x00000000080009fc                DCMI_IRQHandler
                0x00000000080009fc                HRTIM1_TIMC_IRQHandler
                0x00000000080009fc                SAI2_IRQHandler
                0x00000000080009fc                DFSDM1_FLT3_IRQHandler
                0x00000000080009fc                TIM17_IRQHandler
                0x00000000080009fc                CRYP_IRQHandler
                0x00000000080009fc                BDMA_Channel7_IRQHandler
                0x00000000080009fc                LPTIM5_IRQHandler
                0x00000000080009fc                ADC3_IRQHandler
                0x00000000080009fc                DMA2_Stream0_IRQHandler
                0x00000000080009fc                BDMA_Channel2_IRQHandler
                0x00000000080009fc                DMAMUX1_OVR_IRQHandler
                0x00000000080009fc                TIM16_IRQHandler
                0x00000000080009fc                BDMA_Channel5_IRQHandler
                0x00000000080009fc                RCC_IRQHandler
                0x00000000080009fc                TIM8_BRK_TIM12_IRQHandler
                0x00000000080009fc                TIM1_TRG_COM_IRQHandler
                0x00000000080009fc                Default_Handler
                0x00000000080009fc                ECC_IRQHandler
                0x00000000080009fc                CEC_IRQHandler
                0x00000000080009fc                EXTI15_10_IRQHandler
                0x00000000080009fc                BDMA_Channel0_IRQHandler
                0x00000000080009fc                ADC_IRQHandler
                0x00000000080009fc                DMA1_Stream7_IRQHandler
                0x00000000080009fc                HRTIM1_TIMA_IRQHandler
                0x00000000080009fc                TIM7_IRQHandler
                0x00000000080009fc                SDMMC1_IRQHandler
                0x00000000080009fc                DMA2_Stream7_IRQHandler
                0x00000000080009fc                TIM15_IRQHandler
                0x00000000080009fc                PVD_AVD_IRQHandler
                0x00000000080009fc                EXTI9_5_IRQHandler
                0x00000000080009fc                RTC_WKUP_IRQHandler
                0x00000000080009fc                LTDC_IRQHandler
                0x00000000080009fc                SAI3_IRQHandler
                0x00000000080009fc                ETH_WKUP_IRQHandler
                0x00000000080009fc                SPDIF_RX_IRQHandler
                0x00000000080009fc                MemManage_Handler
                0x00000000080009fc                SVC_Handler
                0x00000000080009fc                CRS_IRQHandler
                0x00000000080009fc                EXTI4_IRQHandler
                0x00000000080009fc                HRTIM1_TIMB_IRQHandler
                0x00000000080009fc                FDCAN2_IT1_IRQHandler
                0x00000000080009fc                ETH_IRQHandler
                0x00000000080009fc                TIM1_UP_IRQHandler
                0x00000000080009fc                BDMA_Channel4_IRQHandler
                0x00000000080009fc                WWDG_IRQHandler
                0x00000000080009fc                SPI6_IRQHandler
                0x00000000080009fc                I2C4_EV_IRQHandler
                0x00000000080009fc                MDIOS_IRQHandler
                0x00000000080009fc                FDCAN2_IT0_IRQHandler
                0x00000000080009fc                FDCAN1_IT0_IRQHandler
                0x00000000080009fc                OTG_FS_WKUP_IRQHandler
                0x00000000080009fc                DMA2D_IRQHandler
                0x00000000080009fc                TIM1_BRK_IRQHandler
                0x00000000080009fc                EXTI1_IRQHandler
                0x00000000080009fc                SDMMC2_IRQHandler
                0x00000000080009fc                OTG_FS_EP1_OUT_IRQHandler
                0x00000000080009fc                BDMA_Channel3_IRQHandler
                0x00000000080009fc                MDIOS_WKUP_IRQHandler
                0x00000000080009fc                DFSDM1_FLT0_IRQHandler
                0x00000000080009fc                SAI4_IRQHandler
                0x00000000080009fc                I2C2_ER_IRQHandler
                0x00000000080009fc                DMA2_Stream1_IRQHandler
                0x00000000080009fc                FLASH_IRQHandler
                0x00000000080009fc                BusFault_Handler
                0x00000000080009fc                OTG_FS_IRQHandler
                0x00000000080009fc                WAKEUP_PIN_IRQHandler
                0x00000000080009fc                OTG_FS_EP1_IN_IRQHandler
                0x00000000080009fc                I2C1_ER_IRQHandler
                0x00000000080009fc                FMC_IRQHandler
                0x00000000080009fc                FDCAN_CAL_IRQHandler
                0x00000000080009fc                SWPMI1_IRQHandler
                0x00000000080009fc                COMP1_IRQHandler
                0x00000000080009fc                LPTIM1_IRQHandler
                0x00000000080009fc                I2C4_ER_IRQHandler
                0x00000000080009fc                DMA2_Stream6_IRQHandler
                0x00000000080009fc                RTC_Alarm_IRQHandler
 .text.Reset_Handler
                0x0000000008000a00       0x44 build/startup_stm32h750xx.o
                0x0000000008000a00                Reset_Handler
 .text._ZN5daisy9AdcHandleD2Ev
                0x0000000008000a44        0x4 build/MachineDaisyFile.o
                0x0000000008000a44                daisy::AdcHandle::~AdcHandle()
                0x0000000008000a44                daisy::AdcHandle::~AdcHandle()
 .text._ZN5daisy6SwitchD2Ev
                0x0000000008000a48        0x4 build/MachineDaisyFile.o
                0x0000000008000a48                daisy::Switch::~Switch()
                0x0000000008000a48                daisy::Switch::~Switch()
 .text._ZN5daisy9DaisySeedD2Ev
                0x0000000008000a4c        0x4 build/MachineDaisyFile.o
                0x0000000008000a4c                daisy::DaisySeed::~DaisySeed()
                0x0000000008000a4c                daisy::DaisySeed::~DaisySeed()
 .text._ZN7daisysp5AdEnvD2Ev
                0x0000000008000a50        0x4 build/MachineDaisyFile.o
                0x0000000008000a50                daisysp::AdEnv::~AdEnv()
                0x0000000008000a50                daisysp::AdEnv::~AdEnv()
 .text._ZN7daisysp14AnalogBassDrumD2Ev
                0x0000000008000a54        0x4 build/MachineDaisyFile.o
                0x0000000008000a54                daisysp::AnalogBassDrum::~AnalogBassDrum()
                0x0000000008000a54                daisysp::AnalogBassDrum::~AnalogBassDrum()
 .text._ZN7daisysp17SyntheticBassDrumD2Ev
                0x0000000008000a58        0x4 build/MachineDaisyFile.o
                0x0000000008000a58                daisysp::SyntheticBassDrum::~SyntheticBassDrum()
                0x0000000008000a58                daisysp::SyntheticBassDrum::~SyntheticBassDrum()
 .text._ZN7daisysp18SyntheticSnareDrumD2Ev
                0x0000000008000a5c        0x4 build/MachineDaisyFile.o
                0x0000000008000a5c                daisysp::SyntheticSnareDrum::~SyntheticSnareDrum()
                0x0000000008000a5c                daisysp::SyntheticSnareDrum::~SyntheticSnareDrum()
 .text._ZN7daisysp5MetroD2Ev
                0x0000000008000a60        0x4 build/MachineDaisyFile.o
                0x0000000008000a60                daisysp::Metro::~Metro()
                0x0000000008000a60                daisysp::Metro::~Metro()
 .text._ZN7daisysp5HiHatINS_11SquareNoiseENS_9LinearVCAELb1EED2Ev
                0x0000000008000a64        0x4 build/MachineDaisyFile.o
                0x0000000008000a64                daisysp::HiHat<daisysp::SquareNoise, daisysp::LinearVCA, true>::~HiHat()
                0x0000000008000a64                daisysp::HiHat<daisysp::SquareNoise, daisysp::LinearVCA, true>::~HiHat()
 .text._ZN6EZ_DSP9DelayLineIfLj96000EED2Ev
                0x0000000008000a68        0x4 build/MachineDaisyFile.o
                0x0000000008000a68                EZ_DSP::DelayLine<float, 96000u>::~DelayLine()
                0x0000000008000a68                EZ_DSP::DelayLine<float, 96000u>::~DelayLine()
 .text._Z15isButtonPressedi
                0x0000000008000a6c      0x1c4 build/MachineDaisyFile.o
                0x0000000008000a6c                isButtonPressed(int)
 .text._Z14processButtonsv.part.0
                0x0000000008000c30       0x90 build/MachineDaisyFile.o
 .text._Z13setDrumParamsv
                0x0000000008000cc0       0xb4 build/MachineDaisyFile.o
                0x0000000008000cc0                setDrumParams()
 .text._Z14digitalButtonsv
                0x0000000008000d74      0x10c build/MachineDaisyFile.o
                0x0000000008000d74                digitalButtons()
 .text._Z20processKnobAndSwitchv
                0x0000000008000e80       0x98 build/MachineDaisyFile.o
                0x0000000008000e80                processKnobAndSwitch()
 .text._Z9initDrumsv
                0x0000000008000f18      0x130 build/MachineDaisyFile.o
                0x0000000008000f18                initDrums()
 .text._Z12initControlsv
                0x0000000008001048       0x9c build/MachineDaisyFile.o
                0x0000000008001048                initControls()
 .text.startup.main
                0x00000000080010e4       0x80 build/MachineDaisyFile.o
                0x00000000080010e4                main
 .text._ZN7daisysp5HiHatINS_11SquareNoiseENS_9LinearVCAELb1EE7ProcessEb
                0x0000000008001164      0x23c build/MachineDaisyFile.o
                0x0000000008001164                daisysp::HiHat<daisysp::SquareNoise, daisysp::LinearVCA, true>::Process(bool)
 .text._Z16processSequencerv
                0x00000000080013a0      0x13c build/MachineDaisyFile.o
                0x00000000080013a0                processSequencer()
 .text._Z13AudioCallbackPKPKfPPfj
                0x00000000080014dc       0x58 build/MachineDaisyFile.o
                0x00000000080014dc                AudioCallback(float const* const*, float**, unsigned int)
 .text.startup._GLOBAL__sub_I_drumMode
                0x0000000008001534      0x104 build/MachineDaisyFile.o
 .text._ZN5daisy9DaisySeed10StartAudioEPFvPKPKfPPfjE
                0x0000000008001638        0x8 ../../DaisyExamples/libDaisy//build/libdaisy.a(daisy_seed.o)
                0x0000000008001638                daisy::DaisySeed::StartAudio(void (*)(float const* const*, float**, unsigned int))
 .text._ZN5daisy9DaisySeed18SetAudioSampleRateENS_9SaiHandle6Config10SampleRateE
                0x0000000008001640       0x38 ../../DaisyExamples/libDaisy//build/libdaisy.a(daisy_seed.o)
                0x0000000008001640                daisy::DaisySeed::SetAudioSampleRate(daisy::SaiHandle::Config::SampleRate)
 .text._ZN5daisy9DaisySeed15AudioSampleRateEv
                0x0000000008001678        0x8 ../../DaisyExamples/libDaisy//build/libdaisy.a(daisy_seed.o)
                0x0000000008001678                daisy::DaisySeed::AudioSampleRate()
 .text._ZN5daisy9DaisySeed17SetAudioBlockSizeEj
                0x0000000008001680       0x38 ../../DaisyExamples/libDaisy//build/libdaisy.a(daisy_seed.o)
                0x0000000008001680                daisy::DaisySeed::SetAudioBlockSize(unsigned int)
 .text._ZNK5daisy9DaisySeed17AudioCallbackRateEv
                0x00000000080016b8        0x8 ../../DaisyExamples/libDaisy//build/libdaisy.a(daisy_seed.o)
                0x00000000080016b8                daisy::DaisySeed::AudioCallbackRate() const
 .text._ZN5daisy9DaisySeed6SetLedEb
                0x00000000080016c0        0x8 ../../DaisyExamples/libDaisy//build/libdaisy.a(daisy_seed.o)
                0x00000000080016c0                daisy::DaisySeed::SetLed(bool)
 .text._ZN5daisy9DaisySeed14ConfigureAudioEv
                0x00000000080016c8       0xd0 ../../DaisyExamples/libDaisy//build/libdaisy.a(daisy_seed.o)
                0x00000000080016c8                daisy::DaisySeed::ConfigureAudio()
 .text._ZN5daisy9DaisySeed4InitEb
                0x0000000008001798       0xf0 ../../DaisyExamples/libDaisy//build/libdaisy.a(daisy_seed.o)
                0x0000000008001798                daisy::DaisySeed::Init(bool)
 .text._ZN5daisy6Ak45564InitE12dsy_gpio_pin
                0x0000000008001888       0x44 ../../DaisyExamples/libDaisy//build/libdaisy.a(codec_ak4556.o)
                0x0000000008001888                daisy::Ak4556::Init(dsy_gpio_pin)
 .text._ZN5daisy6Wm873120WriteControlRegisterEht
                0x00000000080018cc       0x3c ../../DaisyExamples/libDaisy//build/libdaisy.a(codec_wm8731.o)
                0x00000000080018cc                daisy::Wm8731::WriteControlRegister(unsigned char, unsigned short)
 .text._ZN5daisy6Wm87314InitERKNS0_6ConfigENS_9I2CHandleE
                0x0000000008001908      0x1bc ../../DaisyExamples/libDaisy//build/libdaisy.a(codec_wm8731.o)
                0x0000000008001908                daisy::Wm8731::Init(daisy::Wm8731::Config const&, daisy::I2CHandle)
 .text._ZN11SdramHandle10DeviceInitEv
                0x0000000008001ac4       0x98 ../../DaisyExamples/libDaisy//build/libdaisy.a(sdram.o)
                0x0000000008001ac4                SdramHandle::DeviceInit()
 .text._ZN11SdramHandle4InitEv
                0x0000000008001b5c       0x7c ../../DaisyExamples/libDaisy//build/libdaisy.a(sdram.o)
                0x0000000008001b5c                SdramHandle::Init()
 .text.HAL_SDRAM_MspInit
                0x0000000008001bd8      0x1a8 ../../DaisyExamples/libDaisy//build/libdaisy.a(sdram.o)
                0x0000000008001bd8                HAL_SDRAM_MspInit
 .text._ZN5daisy11AudioHandle4Impl16InternalCallbackEPlS2_j
                0x0000000008001d80      0xbbc ../../DaisyExamples/libDaisy//build/libdaisy.a(audio.o)
                0x0000000008001d80                daisy::AudioHandle::Impl::InternalCallback(long*, long*, unsigned int)
 .text._ZN5daisy11AudioHandle4InitERKNS0_6ConfigENS_9SaiHandleE
                0x000000000800293c       0x70 ../../DaisyExamples/libDaisy//build/libdaisy.a(audio.o)
                0x000000000800293c                daisy::AudioHandle::Init(daisy::AudioHandle::Config const&, daisy::SaiHandle)
 .text._ZNK5daisy11AudioHandle9GetConfigEv
                0x00000000080029ac        0x8 ../../DaisyExamples/libDaisy//build/libdaisy.a(audio.o)
                0x00000000080029ac                daisy::AudioHandle::GetConfig() const
 .text._ZN5daisy11AudioHandle12SetBlockSizeEj
                0x00000000080029b4       0x1c ../../DaisyExamples/libDaisy//build/libdaisy.a(audio.o)
                0x00000000080029b4                daisy::AudioHandle::SetBlockSize(unsigned int)
 .text._ZN5daisy11AudioHandle13GetSampleRateEv
                0x00000000080029d0        0x8 ../../DaisyExamples/libDaisy//build/libdaisy.a(audio.o)
                0x00000000080029d0                daisy::AudioHandle::GetSampleRate()
 .text._ZN5daisy11AudioHandle13SetSampleRateENS_9SaiHandle6Config10SampleRateE
                0x00000000080029d8       0x88 ../../DaisyExamples/libDaisy//build/libdaisy.a(audio.o)
                0x00000000080029d8                daisy::AudioHandle::SetSampleRate(daisy::SaiHandle::Config::SampleRate)
 .text._ZN5daisy11AudioHandle5StartEPFvPKPKfPPfjE
                0x0000000008002a60       0x44 ../../DaisyExamples/libDaisy//build/libdaisy.a(audio.o)
                0x0000000008002a60                daisy::AudioHandle::Start(void (*)(float const* const*, float**, unsigned int))
 .text.startup._GLOBAL__sub_I__ZN5daisy11AudioHandle4Impl4InitENS0_6ConfigENS_9SaiHandleE
                0x0000000008002aa4       0x24 ../../DaisyExamples/libDaisy//build/libdaisy.a(audio.o)
 .text._ZN5daisy6Switch4InitE12dsy_gpio_pinf
                0x0000000008002ac8       0x34 ../../DaisyExamples/libDaisy//build/libdaisy.a(switch.o)
                0x0000000008002ac8                daisy::Switch::Init(dsy_gpio_pin, float)
 .text._ZN5daisy6Switch8DebounceEv
                0x0000000008002afc       0x5c ../../DaisyExamples/libDaisy//build/libdaisy.a(switch.o)
                0x0000000008002afc                daisy::Switch::Debounce()
 .text._ZN5daisy16AdcChannelConfig10InitSingleE12dsy_gpio_pin
                0x0000000008002b58       0x1c ../../DaisyExamples/libDaisy//build/libdaisy.a(adc.o)
                0x0000000008002b58                daisy::AdcChannelConfig::InitSingle(dsy_gpio_pin)
 .text._ZN5daisy9AdcHandle4InitEPNS_16AdcChannelConfigEjNS0_12OverSamplingE
                0x0000000008002b74      0x3c8 ../../DaisyExamples/libDaisy//build/libdaisy.a(adc.o)
                0x0000000008002b74                daisy::AdcHandle::Init(daisy::AdcChannelConfig*, unsigned int, daisy::AdcHandle::OverSampling)
 .text._ZN5daisy9AdcHandle5StartEv
                0x0000000008002f3c       0x2c ../../DaisyExamples/libDaisy//build/libdaisy.a(adc.o)
                0x0000000008002f3c                daisy::AdcHandle::Start()
 .text._ZNK5daisy9AdcHandle8GetFloatEh
                0x0000000008002f68       0x20 ../../DaisyExamples/libDaisy//build/libdaisy.a(adc.o)
                0x0000000008002f68                daisy::AdcHandle::GetFloat(unsigned char) const
 .text.HAL_ADC_MspInit
                0x0000000008002f88       0x98 ../../DaisyExamples/libDaisy//build/libdaisy.a(adc.o)
                0x0000000008002f88                HAL_ADC_MspInit
 .text.DMA1_Stream2_IRQHandler
                0x0000000008003020        0xc ../../DaisyExamples/libDaisy//build/libdaisy.a(adc.o)
                0x0000000008003020                DMA1_Stream2_IRQHandler
 .text.HAL_ADC_ConvCpltCallback
                0x000000000800302c      0x148 ../../DaisyExamples/libDaisy//build/libdaisy.a(adc.o)
                0x000000000800302c                HAL_ADC_ConvCpltCallback
 .text.HAL_ADC_ErrorCallback
                0x0000000008003174        0x4 ../../DaisyExamples/libDaisy//build/libdaisy.a(adc.o)
                0x0000000008003174                HAL_ADC_ErrorCallback
 .text.dsy_gpio_init
                0x0000000008003178      0x1b8 ../../DaisyExamples/libDaisy//build/libdaisy.a(gpio.o)
                0x0000000008003178                dsy_gpio_init
 .text.dsy_gpio_read
                0x0000000008003330       0x1c ../../DaisyExamples/libDaisy//build/libdaisy.a(gpio.o)
                0x0000000008003330                dsy_gpio_read
 .text.dsy_gpio_write
                0x000000000800334c       0x24 ../../DaisyExamples/libDaisy//build/libdaisy.a(gpio.o)
                0x000000000800334c                dsy_gpio_write
 .text._ZN5daisy9I2CHandle4Impl8InitPinsEv
                0x0000000008003370       0x58 ../../DaisyExamples/libDaisy//build/libdaisy.a(i2c.o)
                0x0000000008003370                daisy::I2CHandle::Impl::InitPins()
 .text.HAL_I2C_MspInit
                0x00000000080033c8      0x1b4 ../../DaisyExamples/libDaisy//build/libdaisy.a(i2c.o)
                0x00000000080033c8                HAL_I2C_MspInit
 .text.dsy_i2c_global_init
                0x000000000800357c       0x78 ../../DaisyExamples/libDaisy//build/libdaisy.a(i2c.o)
                0x000000000800357c                dsy_i2c_global_init
 .text.DMA1_Stream6_IRQHandler
                0x00000000080035f4       0x34 ../../DaisyExamples/libDaisy//build/libdaisy.a(i2c.o)
                0x00000000080035f4                DMA1_Stream6_IRQHandler
 .text.I2C1_EV_IRQHandler
                0x0000000008003628        0xc ../../DaisyExamples/libDaisy//build/libdaisy.a(i2c.o)
                0x0000000008003628                I2C1_EV_IRQHandler
 .text.I2C2_EV_IRQHandler
                0x0000000008003634        0xc ../../DaisyExamples/libDaisy//build/libdaisy.a(i2c.o)
                0x0000000008003634                I2C2_EV_IRQHandler
 .text.I2C3_EV_IRQHandler
                0x0000000008003640        0xc ../../DaisyExamples/libDaisy//build/libdaisy.a(i2c.o)
                0x0000000008003640                I2C3_EV_IRQHandler
 .text._ZN5daisy9I2CHandle4InitERKNS0_6ConfigE
                0x000000000800364c      0x12c ../../DaisyExamples/libDaisy//build/libdaisy.a(i2c.o)
                0x000000000800364c                daisy::I2CHandle::Init(daisy::I2CHandle::Config const&)
 .text._ZN5daisy9I2CHandle16TransmitBlockingEtPhtm
                0x0000000008003778       0x50 ../../DaisyExamples/libDaisy//build/libdaisy.a(i2c.o)
                0x0000000008003778                daisy::I2CHandle::TransmitBlocking(unsigned short, unsigned char*, unsigned short, unsigned long)
 .text.startup._GLOBAL__sub_I__ZN5daisy9I2CHandle4Impl10GlobalInitEv
                0x00000000080037c8       0x18 ../../DaisyExamples/libDaisy//build/libdaisy.a(i2c.o)
 .text._ZN5daisy10QSPIHandle4Impl11WriteEnableEv
                0x00000000080037e0       0x8c ../../DaisyExamples/libDaisy//build/libdaisy.a(qspi.o)
                0x00000000080037e0                daisy::QSPIHandle::Impl::WriteEnable()
 *fill*         0x000000000800386c        0x4 
 .text._ZN5daisy10QSPIHandle4Impl17DummyCyclesConfigENS0_6Config6DeviceE
                0x0000000008003870      0x118 ../../DaisyExamples/libDaisy//build/libdaisy.a(qspi.o)
                0x0000000008003870                daisy::QSPIHandle::Impl::DummyCyclesConfig(daisy::QSPIHandle::Config::Device)
 .text._ZN5daisy10QSPIHandle4Impl10QuadEnableEv
                0x0000000008003988      0x158 ../../DaisyExamples/libDaisy//build/libdaisy.a(qspi.o)
                0x0000000008003988                daisy::QSPIHandle::Impl::QuadEnable()
 .text._ZN5daisy10QSPIHandle4InitERKNS0_6ConfigE
                0x0000000008003ae0      0x198 ../../DaisyExamples/libDaisy//build/libdaisy.a(qspi.o)
                0x0000000008003ae0                daisy::QSPIHandle::Init(daisy::QSPIHandle::Config const&)
 .text.HAL_QSPI_MspInit
                0x0000000008003c78      0x11c ../../DaisyExamples/libDaisy//build/libdaisy.a(qspi.o)
                0x0000000008003c78                HAL_QSPI_MspInit
 .text.HAL_QSPI_MspDeInit
                0x0000000008003d94       0x54 ../../DaisyExamples/libDaisy//build/libdaisy.a(qspi.o)
                0x0000000008003d94                HAL_QSPI_MspDeInit
 .text.QUADSPI_IRQHandler
                0x0000000008003de8        0xc ../../DaisyExamples/libDaisy//build/libdaisy.a(qspi.o)
                0x0000000008003de8                QUADSPI_IRQHandler
 .text.startup._GLOBAL__sub_I__ZN5daisy10QSPIHandle4Impl4InitERKNS0_6ConfigE
                0x0000000008003df4       0x28 ../../DaisyExamples/libDaisy//build/libdaisy.a(qspi.o)
 .text._ZN5daisy9SaiHandle4Impl7InitDmaENS1_15PeripheralBlockE
                0x0000000008003e1c       0xa0 ../../DaisyExamples/libDaisy//build/libdaisy.a(sai.o)
                0x0000000008003e1c                daisy::SaiHandle::Impl::InitDma(daisy::SaiHandle::Impl::PeripheralBlock)
 .text._ZN5daisy9SaiHandle4Impl8InitPinsEv
                0x0000000008003ebc       0xa8 ../../DaisyExamples/libDaisy//build/libdaisy.a(sai.o)
                0x0000000008003ebc                daisy::SaiHandle::Impl::InitPins()
 .text.HAL_SAI_MspInit
                0x0000000008003f64      0x164 ../../DaisyExamples/libDaisy//build/libdaisy.a(sai.o)
                0x0000000008003f64                HAL_SAI_MspInit
 .text.DMA1_Stream0_IRQHandler
                0x00000000080040c8        0xc ../../DaisyExamples/libDaisy//build/libdaisy.a(sai.o)
                0x00000000080040c8                DMA1_Stream0_IRQHandler
 .text.DMA1_Stream1_IRQHandler
                0x00000000080040d4        0xc ../../DaisyExamples/libDaisy//build/libdaisy.a(sai.o)
                0x00000000080040d4                DMA1_Stream1_IRQHandler
 .text.DMA1_Stream3_IRQHandler
                0x00000000080040e0        0xc ../../DaisyExamples/libDaisy//build/libdaisy.a(sai.o)
                0x00000000080040e0                DMA1_Stream3_IRQHandler
 .text.DMA1_Stream4_IRQHandler
                0x00000000080040ec        0xc ../../DaisyExamples/libDaisy//build/libdaisy.a(sai.o)
                0x00000000080040ec                DMA1_Stream4_IRQHandler
 .text.HAL_SAI_RxHalfCpltCallback
                0x00000000080040f8       0x78 ../../DaisyExamples/libDaisy//build/libdaisy.a(sai.o)
                0x00000000080040f8                HAL_SAI_RxHalfCpltCallback
 .text.HAL_SAI_RxCpltCallback
                0x0000000008004170       0x70 ../../DaisyExamples/libDaisy//build/libdaisy.a(sai.o)
                0x0000000008004170                HAL_SAI_RxCpltCallback
 .text._ZN5daisy9SaiHandle4InitERKNS0_6ConfigE
                0x00000000080041e0      0x1f0 ../../DaisyExamples/libDaisy//build/libdaisy.a(sai.o)
                0x00000000080041e0                daisy::SaiHandle::Init(daisy::SaiHandle::Config const&)
 .text._ZNK5daisy9SaiHandle9GetConfigEv
                0x00000000080043d0        0x4 ../../DaisyExamples/libDaisy//build/libdaisy.a(sai.o)
                0x00000000080043d0                daisy::SaiHandle::GetConfig() const
 .text._ZN5daisy9SaiHandle8StartDmaEPlS1_jPFvS1_S1_jE
                0x00000000080043d4       0xbc ../../DaisyExamples/libDaisy//build/libdaisy.a(sai.o)
                0x00000000080043d4                daisy::SaiHandle::StartDma(long*, long*, unsigned int, void (*)(long*, long*, unsigned int))
 .text._ZN5daisy9SaiHandle13GetSampleRateEv
                0x0000000008004490       0x24 ../../DaisyExamples/libDaisy//build/libdaisy.a(sai.o)
                0x0000000008004490                daisy::SaiHandle::GetSampleRate()
 .text._ZNK5daisy9SaiHandle9GetOffsetEv
                0x00000000080044b4        0x8 ../../DaisyExamples/libDaisy//build/libdaisy.a(sai.o)
                0x00000000080044b4                daisy::SaiHandle::GetOffset() const
 .text._ZN5daisy11TimerHandleD2Ev
                0x00000000080044bc        0x4 ../../DaisyExamples/libDaisy//build/libdaisy.a(system.o)
                0x00000000080044bc                daisy::TimerHandle::~TimerHandle()
                0x00000000080044bc                daisy::TimerHandle::~TimerHandle()
 .text.SysTick_Handler
                0x00000000080044c0       0x10 ../../DaisyExamples/libDaisy//build/libdaisy.a(system.o)
                0x00000000080044c0                SysTick_Handler
 .text.OTG_HS_EP1_OUT_IRQHandler
                0x00000000080044d0       0x24 ../../DaisyExamples/libDaisy//build/libdaisy.a(system.o)
                0x00000000080044d0                OTG_HS_EP1_OUT_IRQHandler
 .text.OTG_HS_EP1_IN_IRQHandler
                0x00000000080044f4       0x24 ../../DaisyExamples/libDaisy//build/libdaisy.a(system.o)
                0x00000000080044f4                OTG_HS_EP1_IN_IRQHandler
 .text.OTG_HS_IRQHandler
                0x0000000008004518       0x24 ../../DaisyExamples/libDaisy//build/libdaisy.a(system.o)
                0x0000000008004518                OTG_HS_IRQHandler
 .text.HardFault_Handler
                0x000000000800453c       0xe0 ../../DaisyExamples/libDaisy//build/libdaisy.a(system.o)
                0x000000000800453c                HardFault_Handler
 .text._ZN5daisy6System6GetNowEv
                0x000000000800461c        0x4 ../../DaisyExamples/libDaisy//build/libdaisy.a(system.o)
                0x000000000800461c                daisy::System::GetNow()
 .text._ZN5daisy6System5GetUsEv
                0x0000000008004620        0xc ../../DaisyExamples/libDaisy//build/libdaisy.a(system.o)
                0x0000000008004620                daisy::System::GetUs()
 .text._ZN5daisy6System5DelayEm
                0x000000000800462c        0x4 ../../DaisyExamples/libDaisy//build/libdaisy.a(system.o)
                0x000000000800462c                daisy::System::Delay(unsigned long)
 .text._ZN5daisy6System15ConfigureClocksEv
                0x0000000008004630      0x194 ../../DaisyExamples/libDaisy//build/libdaisy.a(system.o)
                0x0000000008004630                daisy::System::ConfigureClocks()
 .text._ZN5daisy6System4InitERKNS0_6ConfigE
                0x00000000080047c4      0x140 ../../DaisyExamples/libDaisy//build/libdaisy.a(system.o)
                0x00000000080047c4                daisy::System::Init(daisy::System::Config const&)
 .text._ZN5daisy6System12GetPClk1FreqEv
                0x0000000008004904        0x4 ../../DaisyExamples/libDaisy//build/libdaisy.a(system.o)
                0x0000000008004904                daisy::System::GetPClk1Freq()
 .text._ZN5daisy6System22GetProgramMemoryRegionEv
                0x0000000008004908       0x78 ../../DaisyExamples/libDaisy//build/libdaisy.a(system.o)
                0x0000000008004908                daisy::System::GetProgramMemoryRegion()
 .text.startup._GLOBAL__sub_I_SysTick_Handler
                0x0000000008004980       0x1c ../../DaisyExamples/libDaisy//build/libdaisy.a(system.o)
 .text.SystemInit
                0x000000000800499c       0x9c ../../DaisyExamples/libDaisy//build/libdaisy.a(system_stm32h7xx.o)
                0x000000000800499c                SystemInit
 .text.HAL_PCD_SetupStageCallback
                0x0000000008004a38        0xc ../../DaisyExamples/libDaisy//build/libdaisy.a(usbd_conf.o)
                0x0000000008004a38                HAL_PCD_SetupStageCallback
 .text.HAL_PCD_DataOutStageCallback
                0x0000000008004a44       0x14 ../../DaisyExamples/libDaisy//build/libdaisy.a(usbd_conf.o)
                0x0000000008004a44                HAL_PCD_DataOutStageCallback
 .text.HAL_PCD_DataInStageCallback
                0x0000000008004a58       0x14 ../../DaisyExamples/libDaisy//build/libdaisy.a(usbd_conf.o)
                0x0000000008004a58                HAL_PCD_DataInStageCallback
 .text.HAL_PCD_SOFCallback
                0x0000000008004a6c        0x8 ../../DaisyExamples/libDaisy//build/libdaisy.a(usbd_conf.o)
                0x0000000008004a6c                HAL_PCD_SOFCallback
 .text.HAL_PCD_ResetCallback
                0x0000000008004a74       0x24 ../../DaisyExamples/libDaisy//build/libdaisy.a(usbd_conf.o)
                0x0000000008004a74                HAL_PCD_ResetCallback
 .text.HAL_PCD_SuspendCallback
                0x0000000008004a98       0x30 ../../DaisyExamples/libDaisy//build/libdaisy.a(usbd_conf.o)
                0x0000000008004a98                HAL_PCD_SuspendCallback
 .text.HAL_PCD_ResumeCallback
                0x0000000008004ac8        0x8 ../../DaisyExamples/libDaisy//build/libdaisy.a(usbd_conf.o)
                0x0000000008004ac8                HAL_PCD_ResumeCallback
 .text.HAL_PCD_ISOOUTIncompleteCallback
                0x0000000008004ad0        0x8 ../../DaisyExamples/libDaisy//build/libdaisy.a(usbd_conf.o)
                0x0000000008004ad0                HAL_PCD_ISOOUTIncompleteCallback
 .text.HAL_PCD_ISOINIncompleteCallback
                0x0000000008004ad8        0x8 ../../DaisyExamples/libDaisy//build/libdaisy.a(usbd_conf.o)
                0x0000000008004ad8                HAL_PCD_ISOINIncompleteCallback
 .text.HAL_PCD_ConnectCallback
                0x0000000008004ae0        0x8 ../../DaisyExamples/libDaisy//build/libdaisy.a(usbd_conf.o)
                0x0000000008004ae0                HAL_PCD_ConnectCallback
 .text.HAL_PCD_DisconnectCallback
                0x0000000008004ae8        0x8 ../../DaisyExamples/libDaisy//build/libdaisy.a(usbd_conf.o)
                0x0000000008004ae8                HAL_PCD_DisconnectCallback
 .text.USBD_LL_OpenEP
                0x0000000008004af0       0x24 ../../DaisyExamples/libDaisy//build/libdaisy.a(usbd_conf.o)
                0x0000000008004af0                USBD_LL_OpenEP
 .text.USBD_LL_StallEP
                0x0000000008004b14       0x1c ../../DaisyExamples/libDaisy//build/libdaisy.a(usbd_conf.o)
                0x0000000008004b14                USBD_LL_StallEP
 .text.USBD_LL_ClearStallEP
                0x0000000008004b30       0x1c ../../DaisyExamples/libDaisy//build/libdaisy.a(usbd_conf.o)
                0x0000000008004b30                USBD_LL_ClearStallEP
 .text.USBD_LL_IsStallEP
                0x0000000008004b4c       0x28 ../../DaisyExamples/libDaisy//build/libdaisy.a(usbd_conf.o)
                0x0000000008004b4c                USBD_LL_IsStallEP
 .text.USBD_LL_SetUSBAddress
                0x0000000008004b74       0x1c ../../DaisyExamples/libDaisy//build/libdaisy.a(usbd_conf.o)
                0x0000000008004b74                USBD_LL_SetUSBAddress
 .text.USBD_LL_Transmit
                0x0000000008004b90       0x1c ../../DaisyExamples/libDaisy//build/libdaisy.a(usbd_conf.o)
                0x0000000008004b90                USBD_LL_Transmit
 .text.USBD_LL_PrepareReceive
                0x0000000008004bac       0x1c ../../DaisyExamples/libDaisy//build/libdaisy.a(usbd_conf.o)
                0x0000000008004bac                USBD_LL_PrepareReceive
 .text.HAL_HCD_SOF_Callback
                0x0000000008004bc8        0x8 ../../DaisyExamples/libDaisy//build/libdaisy.a(usbh_conf.o)
                0x0000000008004bc8                HAL_HCD_SOF_Callback
 .text.HAL_HCD_Connect_Callback
                0x0000000008004bd0        0x8 ../../DaisyExamples/libDaisy//build/libdaisy.a(usbh_conf.o)
                0x0000000008004bd0                HAL_HCD_Connect_Callback
 .text.HAL_HCD_Disconnect_Callback
                0x0000000008004bd8        0x8 ../../DaisyExamples/libDaisy//build/libdaisy.a(usbh_conf.o)
                0x0000000008004bd8                HAL_HCD_Disconnect_Callback
 .text.HAL_HCD_HC_NotifyURBChange_Callback
                0x0000000008004be0        0x4 ../../DaisyExamples/libDaisy//build/libdaisy.a(usbh_conf.o)
                0x0000000008004be0                HAL_HCD_HC_NotifyURBChange_Callback
 .text.HAL_HCD_PortEnabled_Callback
                0x0000000008004be4        0x8 ../../DaisyExamples/libDaisy//build/libdaisy.a(usbh_conf.o)
                0x0000000008004be4                HAL_HCD_PortEnabled_Callback
 .text.HAL_HCD_PortDisabled_Callback
                0x0000000008004bec        0x8 ../../DaisyExamples/libDaisy//build/libdaisy.a(usbh_conf.o)
                0x0000000008004bec                HAL_HCD_PortDisabled_Callback
 .text.USBH_LL_Stop
                0x0000000008004bf4       0x1c ../../DaisyExamples/libDaisy//build/libdaisy.a(usbh_conf.o)
                0x0000000008004bf4                USBH_LL_Stop
 .text.dsy_hal_map_get_port
                0x0000000008004c10       0x10 ../../DaisyExamples/libDaisy//build/libdaisy.a(hal_map.o)
                0x0000000008004c10                dsy_hal_map_get_port
 .text.dsy_hal_map_get_pin
                0x0000000008004c20       0x10 ../../DaisyExamples/libDaisy//build/libdaisy.a(hal_map.o)
                0x0000000008004c20                dsy_hal_map_get_pin
 .text.dsy_hal_map_gpio_clk_enable
                0x0000000008004c30      0x150 ../../DaisyExamples/libDaisy//build/libdaisy.a(hal_map.o)
                0x0000000008004c30                dsy_hal_map_gpio_clk_enable
 .text.HAL_MspInit
                0x0000000008004d80        0x4 ../../DaisyExamples/libDaisy//build/libdaisy.a(stm32h7xx_hal.o)
                0x0000000008004d80                HAL_MspInit
 .text.HAL_InitTick
                0x0000000008004d84       0x4c ../../DaisyExamples/libDaisy//build/libdaisy.a(stm32h7xx_hal.o)
                0x0000000008004d84                HAL_InitTick
 .text.HAL_Init
                0x0000000008004dd0       0x60 ../../DaisyExamples/libDaisy//build/libdaisy.a(stm32h7xx_hal.o)
                0x0000000008004dd0                HAL_Init
 .text.HAL_IncTick
                0x0000000008004e30       0x18 ../../DaisyExamples/libDaisy//build/libdaisy.a(stm32h7xx_hal.o)
                0x0000000008004e30                HAL_IncTick
 .text.HAL_GetTick
                0x0000000008004e48        0xc ../../DaisyExamples/libDaisy//build/libdaisy.a(stm32h7xx_hal.o)
                0x0000000008004e48                HAL_GetTick
 .text.HAL_Delay
                0x0000000008004e54       0x24 ../../DaisyExamples/libDaisy//build/libdaisy.a(stm32h7xx_hal.o)
                0x0000000008004e54                HAL_Delay
 .text.HAL_GetREVID
                0x0000000008004e78        0xc ../../DaisyExamples/libDaisy//build/libdaisy.a(stm32h7xx_hal.o)
                0x0000000008004e78                HAL_GetREVID
 .text.HAL_ADC_ConvHalfCpltCallback
                0x0000000008004e84        0x4 ../../DaisyExamples/libDaisy//build/libdaisy.a(stm32h7xx_hal_adc.o)
                0x0000000008004e84                HAL_ADC_ConvHalfCpltCallback
 .text.ADC_DMAHalfConvCplt
                0x0000000008004e88        0xc ../../DaisyExamples/libDaisy//build/libdaisy.a(stm32h7xx_hal_adc.o)
                0x0000000008004e88                ADC_DMAHalfConvCplt
 .text.ADC_DMAConvCplt
                0x0000000008004e94       0x6c ../../DaisyExamples/libDaisy//build/libdaisy.a(stm32h7xx_hal_adc.o)
                0x0000000008004e94                ADC_DMAConvCplt
 .text.ADC_DMAError
                0x0000000008004f00       0x1c ../../DaisyExamples/libDaisy//build/libdaisy.a(stm32h7xx_hal_adc.o)
                0x0000000008004f00                ADC_DMAError
 .text.HAL_ADC_ConfigChannel
                0x0000000008004f1c      0x3fc ../../DaisyExamples/libDaisy//build/libdaisy.a(stm32h7xx_hal_adc.o)
                0x0000000008004f1c                HAL_ADC_ConfigChannel
 .text.ADC_Enable
                0x0000000008005318       0xac ../../DaisyExamples/libDaisy//build/libdaisy.a(stm32h7xx_hal_adc.o)
                0x0000000008005318                ADC_Enable
 .text.HAL_ADC_Start_DMA
                0x00000000080053c4      0x114 ../../DaisyExamples/libDaisy//build/libdaisy.a(stm32h7xx_hal_adc.o)
                0x00000000080053c4                HAL_ADC_Start_DMA
 .text.ADC_Disable
                0x00000000080054d8       0x68 ../../DaisyExamples/libDaisy//build/libdaisy.a(stm32h7xx_hal_adc.o)
                0x00000000080054d8                ADC_Disable
 .text.ADC_ConfigureBoostMode
                0x0000000008005540      0x184 ../../DaisyExamples/libDaisy//build/libdaisy.a(stm32h7xx_hal_adc.o)
                0x0000000008005540                ADC_ConfigureBoostMode
 .text.HAL_ADC_Init
                0x00000000080056c4      0x218 ../../DaisyExamples/libDaisy//build/libdaisy.a(stm32h7xx_hal_adc.o)
                0x00000000080056c4                HAL_ADC_Init
 .text.HAL_ADCEx_Calibration_Start
                0x00000000080058dc       0xa4 ../../DaisyExamples/libDaisy//build/libdaisy.a(stm32h7xx_hal_adc_ex.o)
                0x00000000080058dc                HAL_ADCEx_Calibration_Start
 .text.HAL_ADCEx_MultiModeConfigChannel
                0x0000000008005980       0xc4 ../../DaisyExamples/libDaisy//build/libdaisy.a(stm32h7xx_hal_adc_ex.o)
                0x0000000008005980                HAL_ADCEx_MultiModeConfigChannel
 .text.HAL_NVIC_SetPriorityGrouping
                0x0000000008005a44       0x24 ../../DaisyExamples/libDaisy//build/libdaisy.a(stm32h7xx_hal_cortex.o)
                0x0000000008005a44                HAL_NVIC_SetPriorityGrouping
 .text.HAL_NVIC_SetPriority
                0x0000000008005a68       0x7c ../../DaisyExamples/libDaisy//build/libdaisy.a(stm32h7xx_hal_cortex.o)
                0x0000000008005a68                HAL_NVIC_SetPriority
 .text.HAL_NVIC_EnableIRQ
                0x0000000008005ae4       0x1c ../../DaisyExamples/libDaisy//build/libdaisy.a(stm32h7xx_hal_cortex.o)
                0x0000000008005ae4                HAL_NVIC_EnableIRQ
 .text.HAL_NVIC_DisableIRQ
                0x0000000008005b00       0x28 ../../DaisyExamples/libDaisy//build/libdaisy.a(stm32h7xx_hal_cortex.o)
                0x0000000008005b00                HAL_NVIC_DisableIRQ
 .text.HAL_SYSTICK_Config
                0x0000000008005b28       0x2c ../../DaisyExamples/libDaisy//build/libdaisy.a(stm32h7xx_hal_cortex.o)
                0x0000000008005b28                HAL_SYSTICK_Config
 .text.HAL_MPU_Disable
                0x0000000008005b54       0x1c ../../DaisyExamples/libDaisy//build/libdaisy.a(stm32h7xx_hal_cortex.o)
                0x0000000008005b54                HAL_MPU_Disable
 .text.HAL_MPU_Enable
                0x0000000008005b70       0x20 ../../DaisyExamples/libDaisy//build/libdaisy.a(stm32h7xx_hal_cortex.o)
                0x0000000008005b70                HAL_MPU_Enable
 .text.HAL_MPU_ConfigRegion
                0x0000000008005b90       0x64 ../../DaisyExamples/libDaisy//build/libdaisy.a(stm32h7xx_hal_cortex.o)
                0x0000000008005b90                HAL_MPU_ConfigRegion
 .text.HAL_SYSTICK_Callback
                0x0000000008005bf4        0x4 ../../DaisyExamples/libDaisy//build/libdaisy.a(stm32h7xx_hal_cortex.o)
                0x0000000008005bf4                HAL_SYSTICK_Callback
 .text.HAL_SYSTICK_IRQHandler
                0x0000000008005bf8        0x8 ../../DaisyExamples/libDaisy//build/libdaisy.a(stm32h7xx_hal_cortex.o)
                0x0000000008005bf8                HAL_SYSTICK_IRQHandler
 .text.DMA_CalcBaseAndBitshift
                0x0000000008005c00       0xf4 ../../DaisyExamples/libDaisy//build/libdaisy.a(stm32h7xx_hal_dma.o)
 .text.DMA_CalcDMAMUXChannelBaseAndMask
                0x0000000008005cf4       0xd8 ../../DaisyExamples/libDaisy//build/libdaisy.a(stm32h7xx_hal_dma.o)
 .text.HAL_DMA_Init
                0x0000000008005dcc      0x37c ../../DaisyExamples/libDaisy//build/libdaisy.a(stm32h7xx_hal_dma.o)
                0x0000000008005dcc                HAL_DMA_Init
 .text.HAL_DMA_Start_IT
                0x0000000008006148      0x240 ../../DaisyExamples/libDaisy//build/libdaisy.a(stm32h7xx_hal_dma.o)
                0x0000000008006148                HAL_DMA_Start_IT
 .text.HAL_DMA_Abort_IT
                0x0000000008006388      0x134 ../../DaisyExamples/libDaisy//build/libdaisy.a(stm32h7xx_hal_dma.o)
                0x0000000008006388                HAL_DMA_Abort_IT
 .text.HAL_DMA_IRQHandler
                0x00000000080064bc      0x6a0 ../../DaisyExamples/libDaisy//build/libdaisy.a(stm32h7xx_hal_dma.o)
                0x00000000080064bc                HAL_DMA_IRQHandler
 .text.HAL_DMA_GetError
                0x0000000008006b5c        0x4 ../../DaisyExamples/libDaisy//build/libdaisy.a(stm32h7xx_hal_dma.o)
                0x0000000008006b5c                HAL_DMA_GetError
 .text.HAL_GPIO_Init
                0x0000000008006b60      0x280 ../../DaisyExamples/libDaisy//build/libdaisy.a(stm32h7xx_hal_gpio.o)
                0x0000000008006b60                HAL_GPIO_Init
 .text.HAL_GPIO_DeInit
                0x0000000008006de0      0x190 ../../DaisyExamples/libDaisy//build/libdaisy.a(stm32h7xx_hal_gpio.o)
                0x0000000008006de0                HAL_GPIO_DeInit
 .text.HAL_GPIO_ReadPin
                0x0000000008006f70        0xc ../../DaisyExamples/libDaisy//build/libdaisy.a(stm32h7xx_hal_gpio.o)
                0x0000000008006f70                HAL_GPIO_ReadPin
 .text.HAL_GPIO_WritePin
                0x0000000008006f7c        0x8 ../../DaisyExamples/libDaisy//build/libdaisy.a(stm32h7xx_hal_gpio.o)
                0x0000000008006f7c                HAL_GPIO_WritePin
 .text.HAL_HCD_IRQHandler
                0x0000000008006f84      0x780 ../../DaisyExamples/libDaisy//build/libdaisy.a(stm32h7xx_hal_hcd.o)
                0x0000000008006f84                HAL_HCD_IRQHandler
 .text.HAL_HCD_Stop
                0x0000000008007704       0x28 ../../DaisyExamples/libDaisy//build/libdaisy.a(stm32h7xx_hal_hcd.o)
                0x0000000008007704                HAL_HCD_Stop
 .text.I2C_WaitOnTXISFlagUntilTimeout
                0x000000000800772c       0xb8 ../../DaisyExamples/libDaisy//build/libdaisy.a(stm32h7xx_hal_i2c.o)
 .text.I2C_WaitOnSTOPFlagUntilTimeout
                0x00000000080077e4       0xac ../../DaisyExamples/libDaisy//build/libdaisy.a(stm32h7xx_hal_i2c.o)
 .text.HAL_I2C_Init
                0x0000000008007890       0xac ../../DaisyExamples/libDaisy//build/libdaisy.a(stm32h7xx_hal_i2c.o)
                0x0000000008007890                HAL_I2C_Init
 .text.HAL_I2C_Master_Transmit
                0x000000000800793c      0x1a8 ../../DaisyExamples/libDaisy//build/libdaisy.a(stm32h7xx_hal_i2c.o)
                0x000000000800793c                HAL_I2C_Master_Transmit
 .text.HAL_I2C_Slave_Transmit
                0x0000000008007ae4      0x1c8 ../../DaisyExamples/libDaisy//build/libdaisy.a(stm32h7xx_hal_i2c.o)
                0x0000000008007ae4                HAL_I2C_Slave_Transmit
 .text.HAL_I2C_EV_IRQHandler
                0x0000000008007cac       0x10 ../../DaisyExamples/libDaisy//build/libdaisy.a(stm32h7xx_hal_i2c.o)
                0x0000000008007cac                HAL_I2C_EV_IRQHandler
 .text.HAL_I2C_GetState
                0x0000000008007cbc        0x8 ../../DaisyExamples/libDaisy//build/libdaisy.a(stm32h7xx_hal_i2c.o)
                0x0000000008007cbc                HAL_I2C_GetState
 .text.HAL_I2CEx_ConfigAnalogFilter
                0x0000000008007cc4       0x54 ../../DaisyExamples/libDaisy//build/libdaisy.a(stm32h7xx_hal_i2c_ex.o)
                0x0000000008007cc4                HAL_I2CEx_ConfigAnalogFilter
 .text.HAL_I2CEx_ConfigDigitalFilter
                0x0000000008007d18       0x58 ../../DaisyExamples/libDaisy//build/libdaisy.a(stm32h7xx_hal_i2c_ex.o)
                0x0000000008007d18                HAL_I2CEx_ConfigDigitalFilter
 .text.HAL_PCD_IRQHandler
                0x0000000008007d70      0x69c ../../DaisyExamples/libDaisy//build/libdaisy.a(stm32h7xx_hal_pcd.o)
                0x0000000008007d70                HAL_PCD_IRQHandler
 .text.HAL_PCD_SetAddress
                0x000000000800840c       0x2c ../../DaisyExamples/libDaisy//build/libdaisy.a(stm32h7xx_hal_pcd.o)
                0x000000000800840c                HAL_PCD_SetAddress
 .text.HAL_PCD_EP_Open
                0x0000000008008438       0x7c ../../DaisyExamples/libDaisy//build/libdaisy.a(stm32h7xx_hal_pcd.o)
                0x0000000008008438                HAL_PCD_EP_Open
 .text.HAL_PCD_EP_Receive
                0x00000000080084b4       0x50 ../../DaisyExamples/libDaisy//build/libdaisy.a(stm32h7xx_hal_pcd.o)
                0x00000000080084b4                HAL_PCD_EP_Receive
 .text.HAL_PCD_EP_Transmit
                0x0000000008008504       0x50 ../../DaisyExamples/libDaisy//build/libdaisy.a(stm32h7xx_hal_pcd.o)
                0x0000000008008504                HAL_PCD_EP_Transmit
 .text.HAL_PCD_EP_SetStall
                0x0000000008008554       0x88 ../../DaisyExamples/libDaisy//build/libdaisy.a(stm32h7xx_hal_pcd.o)
                0x0000000008008554                HAL_PCD_EP_SetStall
 .text.HAL_PCD_EP_ClrStall
                0x00000000080085dc       0x78 ../../DaisyExamples/libDaisy//build/libdaisy.a(stm32h7xx_hal_pcd.o)
                0x00000000080085dc                HAL_PCD_EP_ClrStall
 .text.HAL_PCDEx_LPM_Callback
                0x0000000008008654        0x4 ../../DaisyExamples/libDaisy//build/libdaisy.a(stm32h7xx_hal_pcd_ex.o)
                0x0000000008008654                HAL_PCDEx_LPM_Callback
 .text.HAL_PWREx_ConfigSupply
                0x0000000008008658       0x4c ../../DaisyExamples/libDaisy//build/libdaisy.a(stm32h7xx_hal_pwr_ex.o)
                0x0000000008008658                HAL_PWREx_ConfigSupply
 .text.HAL_PWREx_EnableUSBVoltageDetector
                0x00000000080086a4       0x10 ../../DaisyExamples/libDaisy//build/libdaisy.a(stm32h7xx_hal_pwr_ex.o)
                0x00000000080086a4                HAL_PWREx_EnableUSBVoltageDetector
 .text.QSPI_Config
                0x00000000080086b4      0x174 ../../DaisyExamples/libDaisy//build/libdaisy.a(stm32h7xx_hal_qspi.o)
 .text.HAL_QSPI_Init
                0x0000000008008828       0xd8 ../../DaisyExamples/libDaisy//build/libdaisy.a(stm32h7xx_hal_qspi.o)
                0x0000000008008828                HAL_QSPI_Init
 .text.HAL_QSPI_DeInit
                0x0000000008008900       0x3c ../../DaisyExamples/libDaisy//build/libdaisy.a(stm32h7xx_hal_qspi.o)
                0x0000000008008900                HAL_QSPI_DeInit
 .text.HAL_QSPI_Command
                0x000000000800893c       0xd4 ../../DaisyExamples/libDaisy//build/libdaisy.a(stm32h7xx_hal_qspi.o)
                0x000000000800893c                HAL_QSPI_Command
 .text.HAL_QSPI_Transmit
                0x0000000008008a10       0xfc ../../DaisyExamples/libDaisy//build/libdaisy.a(stm32h7xx_hal_qspi.o)
                0x0000000008008a10                HAL_QSPI_Transmit
 .text.HAL_QSPI_Receive
                0x0000000008008b0c      0x108 ../../DaisyExamples/libDaisy//build/libdaisy.a(stm32h7xx_hal_qspi.o)
                0x0000000008008b0c                HAL_QSPI_Receive
 .text.HAL_QSPI_AutoPolling
                0x0000000008008c14       0xf0 ../../DaisyExamples/libDaisy//build/libdaisy.a(stm32h7xx_hal_qspi.o)
                0x0000000008008c14                HAL_QSPI_AutoPolling
 .text.HAL_QSPI_MemoryMapped
                0x0000000008008d04       0xc0 ../../DaisyExamples/libDaisy//build/libdaisy.a(stm32h7xx_hal_qspi.o)
                0x0000000008008d04                HAL_QSPI_MemoryMapped
 .text.HAL_QSPI_ErrorCallback
                0x0000000008008dc4        0x4 ../../DaisyExamples/libDaisy//build/libdaisy.a(stm32h7xx_hal_qspi.o)
                0x0000000008008dc4                HAL_QSPI_ErrorCallback
 .text.QSPI_DMAAbortCplt
                0x0000000008008dc8       0x38 ../../DaisyExamples/libDaisy//build/libdaisy.a(stm32h7xx_hal_qspi.o)
 .text.HAL_QSPI_AbortCpltCallback
                0x0000000008008e00        0x4 ../../DaisyExamples/libDaisy//build/libdaisy.a(stm32h7xx_hal_qspi.o)
                0x0000000008008e00                HAL_QSPI_AbortCpltCallback
 .text.HAL_QSPI_CmdCpltCallback
                0x0000000008008e04        0x4 ../../DaisyExamples/libDaisy//build/libdaisy.a(stm32h7xx_hal_qspi.o)
                0x0000000008008e04                HAL_QSPI_CmdCpltCallback
 .text.HAL_QSPI_RxCpltCallback
                0x0000000008008e08        0x4 ../../DaisyExamples/libDaisy//build/libdaisy.a(stm32h7xx_hal_qspi.o)
                0x0000000008008e08                HAL_QSPI_RxCpltCallback
 .text.HAL_QSPI_TxCpltCallback
                0x0000000008008e0c        0x4 ../../DaisyExamples/libDaisy//build/libdaisy.a(stm32h7xx_hal_qspi.o)
                0x0000000008008e0c                HAL_QSPI_TxCpltCallback
 .text.HAL_QSPI_FifoThresholdCallback
                0x0000000008008e10        0x4 ../../DaisyExamples/libDaisy//build/libdaisy.a(stm32h7xx_hal_qspi.o)
                0x0000000008008e10                HAL_QSPI_FifoThresholdCallback
 .text.HAL_QSPI_StatusMatchCallback
                0x0000000008008e14        0x4 ../../DaisyExamples/libDaisy//build/libdaisy.a(stm32h7xx_hal_qspi.o)
                0x0000000008008e14                HAL_QSPI_StatusMatchCallback
 .text.HAL_QSPI_TimeOutCallback
                0x0000000008008e18        0x4 ../../DaisyExamples/libDaisy//build/libdaisy.a(stm32h7xx_hal_qspi.o)
                0x0000000008008e18                HAL_QSPI_TimeOutCallback
 .text.HAL_QSPI_IRQHandler
                0x0000000008008e1c      0x210 ../../DaisyExamples/libDaisy//build/libdaisy.a(stm32h7xx_hal_qspi.o)
                0x0000000008008e1c                HAL_QSPI_IRQHandler
 .text.HAL_RCC_OscConfig
                0x000000000800902c      0x51c ../../DaisyExamples/libDaisy//build/libdaisy.a(stm32h7xx_hal_rcc.o)
                0x000000000800902c                HAL_RCC_OscConfig
 .text.HAL_RCC_GetSysClockFreq
                0x0000000008009548      0x140 ../../DaisyExamples/libDaisy//build/libdaisy.a(stm32h7xx_hal_rcc.o)
                0x0000000008009548                HAL_RCC_GetSysClockFreq
 .text.HAL_RCC_ClockConfig
                0x0000000008009688      0x234 ../../DaisyExamples/libDaisy//build/libdaisy.a(stm32h7xx_hal_rcc.o)
                0x0000000008009688                HAL_RCC_ClockConfig
 .text.HAL_RCC_GetHCLKFreq
                0x00000000080098bc       0x2c ../../DaisyExamples/libDaisy//build/libdaisy.a(stm32h7xx_hal_rcc.o)
                0x00000000080098bc                HAL_RCC_GetHCLKFreq
 .text.HAL_RCC_GetPCLK1Freq
                0x00000000080098e8       0x38 ../../DaisyExamples/libDaisy//build/libdaisy.a(stm32h7xx_hal_rcc.o)
                0x00000000080098e8                HAL_RCC_GetPCLK1Freq
 .text.HAL_RCC_GetPCLK2Freq
                0x0000000008009920       0x38 ../../DaisyExamples/libDaisy//build/libdaisy.a(stm32h7xx_hal_rcc.o)
                0x0000000008009920                HAL_RCC_GetPCLK2Freq
 .text.RCCEx_PLL2_Config
                0x0000000008009958       0xf4 ../../DaisyExamples/libDaisy//build/libdaisy.a(stm32h7xx_hal_rcc_ex.o)
 .text.RCCEx_PLL3_Config
                0x0000000008009a4c       0xf4 ../../DaisyExamples/libDaisy//build/libdaisy.a(stm32h7xx_hal_rcc_ex.o)
 .text.HAL_RCCEx_PeriphCLKConfig
                0x0000000008009b40      0xa7c ../../DaisyExamples/libDaisy//build/libdaisy.a(stm32h7xx_hal_rcc_ex.o)
                0x0000000008009b40                HAL_RCCEx_PeriphCLKConfig
 .text.HAL_RCCEx_GetD3PCLK1Freq
                0x000000000800a5bc       0x24 ../../DaisyExamples/libDaisy//build/libdaisy.a(stm32h7xx_hal_rcc_ex.o)
                0x000000000800a5bc                HAL_RCCEx_GetD3PCLK1Freq
 .text.HAL_RCCEx_GetPLL2ClockFreq
                0x000000000800a5e0      0x17c ../../DaisyExamples/libDaisy//build/libdaisy.a(stm32h7xx_hal_rcc_ex.o)
                0x000000000800a5e0                HAL_RCCEx_GetPLL2ClockFreq
 .text.HAL_RCCEx_GetPLL3ClockFreq
                0x000000000800a75c      0x17c ../../DaisyExamples/libDaisy//build/libdaisy.a(stm32h7xx_hal_rcc_ex.o)
                0x000000000800a75c                HAL_RCCEx_GetPLL3ClockFreq
 .text.HAL_RCCEx_GetPLL1ClockFreq
                0x000000000800a8d8      0x17c ../../DaisyExamples/libDaisy//build/libdaisy.a(stm32h7xx_hal_rcc_ex.o)
                0x000000000800a8d8                HAL_RCCEx_GetPLL1ClockFreq
 .text.HAL_RCCEx_GetPeriphCLKFreq
                0x000000000800aa54      0x198 ../../DaisyExamples/libDaisy//build/libdaisy.a(stm32h7xx_hal_rcc_ex.o)
                0x000000000800aa54                HAL_RCCEx_GetPeriphCLKFreq
 .text.HAL_RCCEx_GetD1SysClockFreq
                0x000000000800abec       0x2c ../../DaisyExamples/libDaisy//build/libdaisy.a(stm32h7xx_hal_rcc_ex.o)
                0x000000000800abec                HAL_RCCEx_GetD1SysClockFreq
 .text.HAL_SAI_Init.part.0
                0x000000000800ac18      0x348 ../../DaisyExamples/libDaisy//build/libdaisy.a(stm32h7xx_hal_sai.o)
 .text.HAL_SAI_InitProtocol
                0x000000000800af60      0x178 ../../DaisyExamples/libDaisy//build/libdaisy.a(stm32h7xx_hal_sai.o)
                0x000000000800af60                HAL_SAI_InitProtocol
 .text.HAL_SAI_Transmit_DMA
                0x000000000800b0d8      0x124 ../../DaisyExamples/libDaisy//build/libdaisy.a(stm32h7xx_hal_sai.o)
                0x000000000800b0d8                HAL_SAI_Transmit_DMA
 .text.HAL_SAI_Receive_DMA
                0x000000000800b1fc       0xd0 ../../DaisyExamples/libDaisy//build/libdaisy.a(stm32h7xx_hal_sai.o)
                0x000000000800b1fc                HAL_SAI_Receive_DMA
 .text.HAL_SAI_TxCpltCallback
                0x000000000800b2cc        0x4 ../../DaisyExamples/libDaisy//build/libdaisy.a(stm32h7xx_hal_sai.o)
                0x000000000800b2cc                HAL_SAI_TxCpltCallback
 .text.SAI_DMATxCplt
                0x000000000800b2d0       0x64 ../../DaisyExamples/libDaisy//build/libdaisy.a(stm32h7xx_hal_sai.o)
 .text.HAL_SAI_TxHalfCpltCallback
                0x000000000800b334        0x4 ../../DaisyExamples/libDaisy//build/libdaisy.a(stm32h7xx_hal_sai.o)
                0x000000000800b334                HAL_SAI_TxHalfCpltCallback
 .text.SAI_DMATxHalfCplt
                0x000000000800b338        0xc ../../DaisyExamples/libDaisy//build/libdaisy.a(stm32h7xx_hal_sai.o)
 .text.SAI_DMARxCplt
                0x000000000800b344       0x64 ../../DaisyExamples/libDaisy//build/libdaisy.a(stm32h7xx_hal_sai.o)
 .text.SAI_DMARxHalfCplt
                0x000000000800b3a8        0xc ../../DaisyExamples/libDaisy//build/libdaisy.a(stm32h7xx_hal_sai.o)
 .text.HAL_SAI_ErrorCallback
                0x000000000800b3b4        0x4 ../../DaisyExamples/libDaisy//build/libdaisy.a(stm32h7xx_hal_sai.o)
                0x000000000800b3b4                HAL_SAI_ErrorCallback
 .text.SAI_DMAError
                0x000000000800b3b8       0x6c ../../DaisyExamples/libDaisy//build/libdaisy.a(stm32h7xx_hal_sai.o)
 .text.HAL_SDRAM_Init
                0x000000000800b424       0x54 ../../DaisyExamples/libDaisy//build/libdaisy.a(stm32h7xx_hal_sdram.o)
                0x000000000800b424                HAL_SDRAM_Init
 .text.HAL_SDRAM_SendCommand
                0x000000000800b478       0x40 ../../DaisyExamples/libDaisy//build/libdaisy.a(stm32h7xx_hal_sdram.o)
                0x000000000800b478                HAL_SDRAM_SendCommand
 .text.HAL_SDRAM_ProgramRefreshRate
                0x000000000800b4b8       0x30 ../../DaisyExamples/libDaisy//build/libdaisy.a(stm32h7xx_hal_sdram.o)
                0x000000000800b4b8                HAL_SDRAM_ProgramRefreshRate
 .text.FMC_SDRAM_Init
                0x000000000800b4e8       0x7c ../../DaisyExamples/libDaisy//build/libdaisy.a(stm32h7xx_ll_fmc.o)
                0x000000000800b4e8                FMC_SDRAM_Init
 .text.FMC_SDRAM_Timing_Init
                0x000000000800b564       0x98 ../../DaisyExamples/libDaisy//build/libdaisy.a(stm32h7xx_ll_fmc.o)
                0x000000000800b564                FMC_SDRAM_Timing_Init
 .text.FMC_SDRAM_SendCommand
                0x000000000800b5fc       0x28 ../../DaisyExamples/libDaisy//build/libdaisy.a(stm32h7xx_ll_fmc.o)
                0x000000000800b5fc                FMC_SDRAM_SendCommand
 .text.FMC_SDRAM_ProgramRefreshRate
                0x000000000800b624       0x1c ../../DaisyExamples/libDaisy//build/libdaisy.a(stm32h7xx_ll_fmc.o)
                0x000000000800b624                FMC_SDRAM_ProgramRefreshRate
 .text.USB_SetTurnaroundTime
                0x000000000800b640      0x104 ../../DaisyExamples/libDaisy//build/libdaisy.a(stm32h7xx_ll_usb.o)
                0x000000000800b640                USB_SetTurnaroundTime
 .text.USB_FlushTxFifo
                0x000000000800b744       0x34 ../../DaisyExamples/libDaisy//build/libdaisy.a(stm32h7xx_ll_usb.o)
                0x000000000800b744                USB_FlushTxFifo
 .text.USB_GetDevSpeed
                0x000000000800b778       0x24 ../../DaisyExamples/libDaisy//build/libdaisy.a(stm32h7xx_ll_usb.o)
                0x000000000800b778                USB_GetDevSpeed
 .text.USB_ActivateEndpoint
                0x000000000800b79c       0x90 ../../DaisyExamples/libDaisy//build/libdaisy.a(stm32h7xx_ll_usb.o)
                0x000000000800b79c                USB_ActivateEndpoint
 .text.USB_EPStartXfer
                0x000000000800b82c      0x230 ../../DaisyExamples/libDaisy//build/libdaisy.a(stm32h7xx_ll_usb.o)
                0x000000000800b82c                USB_EPStartXfer
 .text.USB_EP0StartXfer
                0x000000000800ba5c      0x174 ../../DaisyExamples/libDaisy//build/libdaisy.a(stm32h7xx_ll_usb.o)
                0x000000000800ba5c                USB_EP0StartXfer
 .text.USB_WritePacket
                0x000000000800bbd0       0x2c ../../DaisyExamples/libDaisy//build/libdaisy.a(stm32h7xx_ll_usb.o)
                0x000000000800bbd0                USB_WritePacket
 .text.USB_ReadPacket
                0x000000000800bbfc       0x20 ../../DaisyExamples/libDaisy//build/libdaisy.a(stm32h7xx_ll_usb.o)
                0x000000000800bbfc                USB_ReadPacket
 .text.USB_EPSetStall
                0x000000000800bc1c       0x68 ../../DaisyExamples/libDaisy//build/libdaisy.a(stm32h7xx_ll_usb.o)
                0x000000000800bc1c                USB_EPSetStall
 .text.USB_EPClearStall
                0x000000000800bc84       0x58 ../../DaisyExamples/libDaisy//build/libdaisy.a(stm32h7xx_ll_usb.o)
                0x000000000800bc84                USB_EPClearStall
 .text.USB_SetDevAddress
                0x000000000800bcdc       0x24 ../../DaisyExamples/libDaisy//build/libdaisy.a(stm32h7xx_ll_usb.o)
                0x000000000800bcdc                USB_SetDevAddress
 .text.USB_ReadInterrupts
                0x000000000800bd00       0x14 ../../DaisyExamples/libDaisy//build/libdaisy.a(stm32h7xx_ll_usb.o)
                0x000000000800bd00                USB_ReadInterrupts
 .text.USB_ReadDevAllOutEpInterrupt
                0x000000000800bd14       0x1c ../../DaisyExamples/libDaisy//build/libdaisy.a(stm32h7xx_ll_usb.o)
                0x000000000800bd14                USB_ReadDevAllOutEpInterrupt
 .text.USB_ReadDevAllInEpInterrupt
                0x000000000800bd30       0x1c ../../DaisyExamples/libDaisy//build/libdaisy.a(stm32h7xx_ll_usb.o)
                0x000000000800bd30                USB_ReadDevAllInEpInterrupt
 .text.USB_ReadDevOutEPInterrupt
                0x000000000800bd4c       0x1c ../../DaisyExamples/libDaisy//build/libdaisy.a(stm32h7xx_ll_usb.o)
                0x000000000800bd4c                USB_ReadDevOutEPInterrupt
 .text.USB_ReadDevInEPInterrupt
                0x000000000800bd68       0x38 ../../DaisyExamples/libDaisy//build/libdaisy.a(stm32h7xx_ll_usb.o)
                0x000000000800bd68                USB_ReadDevInEPInterrupt
 .text.USB_GetMode
                0x000000000800bda0        0x8 ../../DaisyExamples/libDaisy//build/libdaisy.a(stm32h7xx_ll_usb.o)
                0x000000000800bda0                USB_GetMode
 .text.USB_ActivateSetup
                0x000000000800bda8       0x38 ../../DaisyExamples/libDaisy//build/libdaisy.a(stm32h7xx_ll_usb.o)
                0x000000000800bda8                USB_ActivateSetup
 .text.USB_EP0_OutStart
                0x000000000800bde0       0x58 ../../DaisyExamples/libDaisy//build/libdaisy.a(stm32h7xx_ll_usb.o)
                0x000000000800bde0                USB_EP0_OutStart
 .text.USB_InitFSLSPClkSel
                0x000000000800be38       0x44 ../../DaisyExamples/libDaisy//build/libdaisy.a(stm32h7xx_ll_usb.o)
                0x000000000800be38                USB_InitFSLSPClkSel
 .text.USB_HC_ReadInterrupt
                0x000000000800be7c        0x8 ../../DaisyExamples/libDaisy//build/libdaisy.a(stm32h7xx_ll_usb.o)
                0x000000000800be7c                USB_HC_ReadInterrupt
 .text.USB_HC_Halt
                0x000000000800be84       0xc0 ../../DaisyExamples/libDaisy//build/libdaisy.a(stm32h7xx_ll_usb.o)
                0x000000000800be84                USB_HC_Halt
 .text.USB_StopHost
                0x000000000800bf44      0x2ec ../../DaisyExamples/libDaisy//build/libdaisy.a(stm32h7xx_ll_usb.o)
                0x000000000800bf44                USB_StopHost
 .text.USBD_SetClassConfig
                0x000000000800c230       0x14 ../../DaisyExamples/libDaisy//build/libdaisy.a(usbd_core.o)
                0x000000000800c230                USBD_SetClassConfig
 .text.USBD_ClrClassConfig
                0x000000000800c244       0x10 ../../DaisyExamples/libDaisy//build/libdaisy.a(usbd_core.o)
                0x000000000800c244                USBD_ClrClassConfig
 .text.USBD_LL_SetupStage
                0x000000000800c254       0x5c ../../DaisyExamples/libDaisy//build/libdaisy.a(usbd_core.o)
                0x000000000800c254                USBD_LL_SetupStage
 .text.USBD_LL_DataOutStage
                0x000000000800c2b0       0x7c ../../DaisyExamples/libDaisy//build/libdaisy.a(usbd_core.o)
                0x000000000800c2b0                USBD_LL_DataOutStage
 .text.USBD_LL_DataInStage
                0x000000000800c32c       0xcc ../../DaisyExamples/libDaisy//build/libdaisy.a(usbd_core.o)
                0x000000000800c32c                USBD_LL_DataInStage
 .text.USBD_LL_Reset
                0x000000000800c3f8       0x50 ../../DaisyExamples/libDaisy//build/libdaisy.a(usbd_core.o)
                0x000000000800c3f8                USBD_LL_Reset
 .text.USBD_LL_SetSpeed
                0x000000000800c448        0x8 ../../DaisyExamples/libDaisy//build/libdaisy.a(usbd_core.o)
                0x000000000800c448                USBD_LL_SetSpeed
 .text.USBD_LL_Suspend
                0x000000000800c450       0x14 ../../DaisyExamples/libDaisy//build/libdaisy.a(usbd_core.o)
                0x000000000800c450                USBD_LL_Suspend
 .text.USBD_LL_Resume
                0x000000000800c464       0x10 ../../DaisyExamples/libDaisy//build/libdaisy.a(usbd_core.o)
                0x000000000800c464                USBD_LL_Resume
 .text.USBD_LL_SOF
                0x000000000800c474       0x1c ../../DaisyExamples/libDaisy//build/libdaisy.a(usbd_core.o)
                0x000000000800c474                USBD_LL_SOF
 .text.USBD_LL_IsoINIncomplete
                0x000000000800c490        0x4 ../../DaisyExamples/libDaisy//build/libdaisy.a(usbd_core.o)
                0x000000000800c490                USBD_LL_IsoINIncomplete
 .text.USBD_LL_IsoOUTIncomplete
                0x000000000800c494        0x4 ../../DaisyExamples/libDaisy//build/libdaisy.a(usbd_core.o)
                0x000000000800c494                USBD_LL_IsoOUTIncomplete
 .text.USBD_LL_DevConnected
                0x000000000800c498        0x4 ../../DaisyExamples/libDaisy//build/libdaisy.a(usbd_core.o)
                0x000000000800c498                USBD_LL_DevConnected
 .text.USBD_LL_DevDisconnected
                0x000000000800c49c       0x18 ../../DaisyExamples/libDaisy//build/libdaisy.a(usbd_core.o)
                0x000000000800c49c                USBD_LL_DevDisconnected
 .text.USBD_StdDevReq
                0x000000000800c4b4      0x304 ../../DaisyExamples/libDaisy//build/libdaisy.a(usbd_ctlreq.o)
                0x000000000800c4b4                USBD_StdDevReq
 .text.USBD_StdItfReq
                0x000000000800c7b8       0x68 ../../DaisyExamples/libDaisy//build/libdaisy.a(usbd_ctlreq.o)
                0x000000000800c7b8                USBD_StdItfReq
 .text.USBD_StdEPReq
                0x000000000800c820      0x13c ../../DaisyExamples/libDaisy//build/libdaisy.a(usbd_ctlreq.o)
                0x000000000800c820                USBD_StdEPReq
 .text.USBD_ParseSetupRequest
                0x000000000800c95c       0x28 ../../DaisyExamples/libDaisy//build/libdaisy.a(usbd_ctlreq.o)
                0x000000000800c95c                USBD_ParseSetupRequest
 .text.USBD_CtlSendData
                0x000000000800c984       0x1c ../../DaisyExamples/libDaisy//build/libdaisy.a(usbd_ioreq.o)
                0x000000000800c984                USBD_CtlSendData
 .text.USBD_CtlContinueSendData
                0x000000000800c9a0       0x14 ../../DaisyExamples/libDaisy//build/libdaisy.a(usbd_ioreq.o)
                0x000000000800c9a0                USBD_CtlContinueSendData
 .text.USBD_CtlContinueRx
                0x000000000800c9b4       0x14 ../../DaisyExamples/libDaisy//build/libdaisy.a(usbd_ioreq.o)
                0x000000000800c9b4                USBD_CtlContinueRx
 .text.USBD_CtlSendStatus
                0x000000000800c9c8       0x18 ../../DaisyExamples/libDaisy//build/libdaisy.a(usbd_ioreq.o)
                0x000000000800c9c8                USBD_CtlSendStatus
 .text.USBD_CtlReceiveStatus
                0x000000000800c9e0       0x18 ../../DaisyExamples/libDaisy//build/libdaisy.a(usbd_ioreq.o)
                0x000000000800c9e0                USBD_CtlReceiveStatus
 .text.USBH_LL_IncTimer
                0x000000000800c9f8       0x20 ../../DaisyExamples/libDaisy//build/libdaisy.a(usbh_core.o)
                0x000000000800c9f8                USBH_LL_IncTimer
 .text.USBH_LL_PortEnabled
                0x000000000800ca18        0x8 ../../DaisyExamples/libDaisy//build/libdaisy.a(usbh_core.o)
                0x000000000800ca18                USBH_LL_PortEnabled
 .text.USBH_LL_PortDisabled
                0x000000000800ca20        0x8 ../../DaisyExamples/libDaisy//build/libdaisy.a(usbh_core.o)
                0x000000000800ca20                USBH_LL_PortDisabled
 .text.USBH_LL_Connect
                0x000000000800ca28       0x18 ../../DaisyExamples/libDaisy//build/libdaisy.a(usbh_core.o)
                0x000000000800ca28                USBH_LL_Connect
 .text.USBH_LL_Disconnect
                0x000000000800ca40       0x2c ../../DaisyExamples/libDaisy//build/libdaisy.a(usbh_core.o)
                0x000000000800ca40                USBH_LL_Disconnect
 .text.USBH_FreePipe
                0x000000000800ca6c       0x18 ../../DaisyExamples/libDaisy//build/libdaisy.a(usbh_pipes.o)
                0x000000000800ca6c                USBH_FreePipe
 .text._ZN5daisy6Random4InitEv
                0x000000000800ca84       0x3c ../../DaisyExamples/libDaisy//build/libdaisy.a(rng.o)
                0x000000000800ca84                daisy::Random::Init()
 .text._ZN5daisy9SpiHandle4Impl7InitDmaEv
                0x000000000800cac0       0xec ../../DaisyExamples/libDaisy//build/libdaisy.a(spi.o)
                0x000000000800cac0                daisy::SpiHandle::Impl::InitDma()
 .text._ZN5daisy9SpiHandle4Impl10StartDmaTxEPhjPFvPvEPFvS3_NS0_6ResultEES3_
                0x000000000800cbac       0xc8 ../../DaisyExamples/libDaisy//build/libdaisy.a(spi.o)
                0x000000000800cbac                daisy::SpiHandle::Impl::StartDmaTx(unsigned char*, unsigned int, void (*)(void*), void (*)(void*, daisy::SpiHandle::Result), void*)
 .text._ZN5daisy9SpiHandle4Impl10StartDmaRxEPhjPFvPvEPFvS3_NS0_6ResultEES3_
                0x000000000800cc74       0xc8 ../../DaisyExamples/libDaisy//build/libdaisy.a(spi.o)
                0x000000000800cc74                daisy::SpiHandle::Impl::StartDmaRx(unsigned char*, unsigned int, void (*)(void*), void (*)(void*, daisy::SpiHandle::Result), void*)
 .text._ZN5daisy9SpiHandle4Impl12StartDmaRxTxEPhS2_jPFvPvEPFvS3_NS0_6ResultEES3_
                0x000000000800cd3c       0xcc ../../DaisyExamples/libDaisy//build/libdaisy.a(spi.o)
                0x000000000800cd3c                daisy::SpiHandle::Impl::StartDmaRxTx(unsigned char*, unsigned char*, unsigned int, void (*)(void*), void (*)(void*, daisy::SpiHandle::Result), void*)
 .text._ZN5daisy9SpiHandle4Impl8InitPinsEv
                0x000000000800ce08      0x274 ../../DaisyExamples/libDaisy//build/libdaisy.a(spi.o)
                0x000000000800ce08                daisy::SpiHandle::Impl::InitPins()
 .text.HAL_SPI_MspInit
                0x000000000800d07c      0x1a8 ../../DaisyExamples/libDaisy//build/libdaisy.a(spi.o)
                0x000000000800d07c                HAL_SPI_MspInit
 .text.dsy_spi_global_init
                0x000000000800d224       0x80 ../../DaisyExamples/libDaisy//build/libdaisy.a(spi.o)
                0x000000000800d224                dsy_spi_global_init
 .text.SPI1_IRQHandler
                0x000000000800d2a4        0xc ../../DaisyExamples/libDaisy//build/libdaisy.a(spi.o)
                0x000000000800d2a4                SPI1_IRQHandler
 .text.SPI2_IRQHandler
                0x000000000800d2b0        0xc ../../DaisyExamples/libDaisy//build/libdaisy.a(spi.o)
                0x000000000800d2b0                SPI2_IRQHandler
 .text.SPI3_IRQHandler
                0x000000000800d2bc        0xc ../../DaisyExamples/libDaisy//build/libdaisy.a(spi.o)
                0x000000000800d2bc                SPI3_IRQHandler
 .text.SPI4_IRQHandler
                0x000000000800d2c8        0xc ../../DaisyExamples/libDaisy//build/libdaisy.a(spi.o)
                0x000000000800d2c8                SPI4_IRQHandler
 .text.SPI5_IRQHandler
                0x000000000800d2d4        0xc ../../DaisyExamples/libDaisy//build/libdaisy.a(spi.o)
                0x000000000800d2d4                SPI5_IRQHandler
 .text.DMA2_Stream2_IRQHandler
                0x000000000800d2e0       0x34 ../../DaisyExamples/libDaisy//build/libdaisy.a(spi.o)
                0x000000000800d2e0                DMA2_Stream2_IRQHandler
 .text.DMA2_Stream3_IRQHandler
                0x000000000800d314       0x38 ../../DaisyExamples/libDaisy//build/libdaisy.a(spi.o)
                0x000000000800d314                DMA2_Stream3_IRQHandler
 .text.HAL_SPI_TxCpltCallback
                0x000000000800d34c       0xc4 ../../DaisyExamples/libDaisy//build/libdaisy.a(spi.o)
                0x000000000800d34c                HAL_SPI_TxCpltCallback
 .text.HAL_SPI_RxCpltCallback
                0x000000000800d410       0xc4 ../../DaisyExamples/libDaisy//build/libdaisy.a(spi.o)
                0x000000000800d410                HAL_SPI_RxCpltCallback
 .text.HAL_SPI_TxRxCpltCallback
                0x000000000800d4d4       0xc4 ../../DaisyExamples/libDaisy//build/libdaisy.a(spi.o)
                0x000000000800d4d4                HAL_SPI_TxRxCpltCallback
 .text.HAL_SPI_ErrorCallback
                0x000000000800d598       0xc8 ../../DaisyExamples/libDaisy//build/libdaisy.a(spi.o)
                0x000000000800d598                HAL_SPI_ErrorCallback
 .text.startup._GLOBAL__sub_I__Z19MapInstanceToHandleP11SPI_TypeDef
                0x000000000800d660      0x1b0 ../../DaisyExamples/libDaisy//build/libdaisy.a(spi.o)
 .text.HAL_TIM_Base_MspInit
                0x000000000800d810      0x1e0 ../../DaisyExamples/libDaisy//build/libdaisy.a(tim.o)
                0x000000000800d810                HAL_TIM_Base_MspInit
 .text.HAL_TIM_PeriodElapsedCallback
                0x000000000800d9f0       0x44 ../../DaisyExamples/libDaisy//build/libdaisy.a(tim.o)
                0x000000000800d9f0                HAL_TIM_PeriodElapsedCallback
 .text.TIM2_IRQHandler
                0x000000000800da34        0xc ../../DaisyExamples/libDaisy//build/libdaisy.a(tim.o)
                0x000000000800da34                TIM2_IRQHandler
 .text.TIM3_IRQHandler
                0x000000000800da40        0xc ../../DaisyExamples/libDaisy//build/libdaisy.a(tim.o)
                0x000000000800da40                TIM3_IRQHandler
 .text.TIM4_IRQHandler
                0x000000000800da4c        0xc ../../DaisyExamples/libDaisy//build/libdaisy.a(tim.o)
                0x000000000800da4c                TIM4_IRQHandler
 .text.TIM5_IRQHandler
                0x000000000800da58        0xc ../../DaisyExamples/libDaisy//build/libdaisy.a(tim.o)
                0x000000000800da58                TIM5_IRQHandler
 .text._ZN5daisy11TimerHandle4InitERKNS0_6ConfigE
                0x000000000800da64       0xd0 ../../DaisyExamples/libDaisy//build/libdaisy.a(tim.o)
                0x000000000800da64                daisy::TimerHandle::Init(daisy::TimerHandle::Config const&)
 .text._ZN5daisy11TimerHandle5StartEv
                0x000000000800db34       0x24 ../../DaisyExamples/libDaisy//build/libdaisy.a(tim.o)
                0x000000000800db34                daisy::TimerHandle::Start()
 .text._ZN5daisy11TimerHandle5GetUsEv
                0x000000000800db58       0x2c ../../DaisyExamples/libDaisy//build/libdaisy.a(tim.o)
                0x000000000800db58                daisy::TimerHandle::GetUs()
 .text.startup._GLOBAL__sub_I__ZN5daisy11TimerHandle4Impl4InitERKNS0_6ConfigE
                0x000000000800db84       0x38 ../../DaisyExamples/libDaisy//build/libdaisy.a(tim.o)
 .text._ZN5daisy11UartHandler4Impl7InitDmaEbb
                0x000000000800dbbc      0x164 ../../DaisyExamples/libDaisy//build/libdaisy.a(uart.o)
                0x000000000800dbbc                daisy::UartHandler::Impl::InitDma(bool, bool)
 .text._ZN5daisy11UartHandler4Impl10HandleFifoEv
                0x000000000800dd20       0xec ../../DaisyExamples/libDaisy//build/libdaisy.a(uart.o)
                0x000000000800dd20                daisy::UartHandler::Impl::HandleFifo()
 .text._ZN5daisy11UartHandler4Impl10StartDmaTxEPhjPFvPvEPFvS3_NS0_6ResultEES3_
                0x000000000800de0c       0xcc ../../DaisyExamples/libDaisy//build/libdaisy.a(uart.o)
                0x000000000800de0c                daisy::UartHandler::Impl::StartDmaTx(unsigned char*, unsigned int, void (*)(void*), void (*)(void*, daisy::UartHandler::Result), void*)
 .text._ZN5daisy11UartHandler4Impl10StartDmaRxEPhjPFvPvEPFvS3_NS0_6ResultEES3_
                0x000000000800ded8       0xcc ../../DaisyExamples/libDaisy//build/libdaisy.a(uart.o)
                0x000000000800ded8                daisy::UartHandler::Impl::StartDmaRx(unsigned char*, unsigned int, void (*)(void*), void (*)(void*, daisy::UartHandler::Result), void*)
 .text._ZN5daisy11UartHandler4Impl19DmaTransferFinishedEP20__UART_HandleTypeDefNS0_6ResultE
                0x000000000800dfa4       0xc0 ../../DaisyExamples/libDaisy//build/libdaisy.a(uart.o)
                0x000000000800dfa4                daisy::UartHandler::Impl::DmaTransferFinished(__UART_HandleTypeDef*, daisy::UartHandler::Result)
 .text._ZN5daisy11UartHandler4Impl8InitPinsEv
                0x000000000800e064      0x150 ../../DaisyExamples/libDaisy//build/libdaisy.a(uart.o)
                0x000000000800e064                daisy::UartHandler::Impl::InitPins()
 .text.HAL_UART_MspInit
                0x000000000800e1b4      0x210 ../../DaisyExamples/libDaisy//build/libdaisy.a(uart.o)
                0x000000000800e1b4                HAL_UART_MspInit
 .text.dsy_uart_global_init
                0x000000000800e3c4       0xfc ../../DaisyExamples/libDaisy//build/libdaisy.a(uart.o)
                0x000000000800e3c4                dsy_uart_global_init
 .text.USART1_IRQHandler
                0x000000000800e4c0       0x30 ../../DaisyExamples/libDaisy//build/libdaisy.a(uart.o)
                0x000000000800e4c0                USART1_IRQHandler
 .text.USART2_IRQHandler
                0x000000000800e4f0       0x34 ../../DaisyExamples/libDaisy//build/libdaisy.a(uart.o)
                0x000000000800e4f0                USART2_IRQHandler
 .text.USART3_IRQHandler
                0x000000000800e524       0x34 ../../DaisyExamples/libDaisy//build/libdaisy.a(uart.o)
                0x000000000800e524                USART3_IRQHandler
 .text.UART4_IRQHandler
                0x000000000800e558       0x34 ../../DaisyExamples/libDaisy//build/libdaisy.a(uart.o)
                0x000000000800e558                UART4_IRQHandler
 .text.UART5_IRQHandler
                0x000000000800e58c       0x34 ../../DaisyExamples/libDaisy//build/libdaisy.a(uart.o)
                0x000000000800e58c                UART5_IRQHandler
 .text.USART6_IRQHandler
                0x000000000800e5c0       0x34 ../../DaisyExamples/libDaisy//build/libdaisy.a(uart.o)
                0x000000000800e5c0                USART6_IRQHandler
 .text.UART7_IRQHandler
                0x000000000800e5f4       0x30 ../../DaisyExamples/libDaisy//build/libdaisy.a(uart.o)
                0x000000000800e5f4                UART7_IRQHandler
 .text.UART8_IRQHandler
                0x000000000800e624       0x34 ../../DaisyExamples/libDaisy//build/libdaisy.a(uart.o)
                0x000000000800e624                UART8_IRQHandler
 .text.LPUART1_IRQHandler
                0x000000000800e658       0x34 ../../DaisyExamples/libDaisy//build/libdaisy.a(uart.o)
                0x000000000800e658                LPUART1_IRQHandler
 .text.DMA1_Stream5_IRQHandler
                0x000000000800e68c       0x34 ../../DaisyExamples/libDaisy//build/libdaisy.a(uart.o)
                0x000000000800e68c                DMA1_Stream5_IRQHandler
 .text.DMA2_Stream4_IRQHandler
                0x000000000800e6c0       0x34 ../../DaisyExamples/libDaisy//build/libdaisy.a(uart.o)
                0x000000000800e6c0                DMA2_Stream4_IRQHandler
 .text.HAL_UART_TxCpltCallback
                0x000000000800e6f4        0x8 ../../DaisyExamples/libDaisy//build/libdaisy.a(uart.o)
                0x000000000800e6f4                HAL_UART_TxCpltCallback
 .text.HAL_UART_RxCpltCallback
                0x000000000800e6fc        0x8 ../../DaisyExamples/libDaisy//build/libdaisy.a(uart.o)
                0x000000000800e6fc                HAL_UART_RxCpltCallback
 .text.HAL_UART_ErrorCallback
                0x000000000800e704        0x8 ../../DaisyExamples/libDaisy//build/libdaisy.a(uart.o)
                0x000000000800e704                HAL_UART_ErrorCallback
 .text.startup._GLOBAL__sub_I__Z19MapInstanceToHandleP13USART_TypeDef
                0x000000000800e70c      0x190 ../../DaisyExamples/libDaisy//build/libdaisy.a(uart.o)
 .text.dsy_dma_init
                0x000000000800e89c      0x100 ../../DaisyExamples/libDaisy//build/libdaisy.a(dma.o)
                0x000000000800e89c                dsy_dma_init
 .text.HAL_MDMA_Abort_IT
                0x000000000800e99c       0x2c ../../DaisyExamples/libDaisy//build/libdaisy.a(stm32h7xx_hal_mdma.o)
                0x000000000800e99c                HAL_MDMA_Abort_IT
 .text.SPI_CloseTransfer
                0x000000000800e9c8       0xb8 ../../DaisyExamples/libDaisy//build/libdaisy.a(stm32h7xx_hal_spi.o)
 .text.HAL_SPI_Init
                0x000000000800ea80      0x15c ../../DaisyExamples/libDaisy//build/libdaisy.a(stm32h7xx_hal_spi.o)
                0x000000000800ea80                HAL_SPI_Init
 .text.HAL_SPI_Transmit_DMA
                0x000000000800ebdc      0x170 ../../DaisyExamples/libDaisy//build/libdaisy.a(stm32h7xx_hal_spi.o)
                0x000000000800ebdc                HAL_SPI_Transmit_DMA
 .text.HAL_SPI_TransmitReceive_DMA
                0x000000000800ed4c      0x218 ../../DaisyExamples/libDaisy//build/libdaisy.a(stm32h7xx_hal_spi.o)
                0x000000000800ed4c                HAL_SPI_TransmitReceive_DMA
 .text.HAL_SPI_Receive_DMA
                0x000000000800ef64      0x1b4 ../../DaisyExamples/libDaisy//build/libdaisy.a(stm32h7xx_hal_spi.o)
                0x000000000800ef64                HAL_SPI_Receive_DMA
 .text.SPI_DMATransmitCplt
                0x000000000800f118       0x28 ../../DaisyExamples/libDaisy//build/libdaisy.a(stm32h7xx_hal_spi.o)
 .text.SPI_DMAReceiveCplt
                0x000000000800f140       0x28 ../../DaisyExamples/libDaisy//build/libdaisy.a(stm32h7xx_hal_spi.o)
 .text.SPI_DMATransmitReceiveCplt
                0x000000000800f168       0x28 ../../DaisyExamples/libDaisy//build/libdaisy.a(stm32h7xx_hal_spi.o)
 .text.HAL_SPI_TxHalfCpltCallback
                0x000000000800f190        0x4 ../../DaisyExamples/libDaisy//build/libdaisy.a(stm32h7xx_hal_spi.o)
                0x000000000800f190                HAL_SPI_TxHalfCpltCallback
 .text.SPI_DMAHalfTransmitCplt
                0x000000000800f194        0xc ../../DaisyExamples/libDaisy//build/libdaisy.a(stm32h7xx_hal_spi.o)
 .text.HAL_SPI_RxHalfCpltCallback
                0x000000000800f1a0        0x4 ../../DaisyExamples/libDaisy//build/libdaisy.a(stm32h7xx_hal_spi.o)
                0x000000000800f1a0                HAL_SPI_RxHalfCpltCallback
 .text.SPI_DMAHalfReceiveCplt
                0x000000000800f1a4        0xc ../../DaisyExamples/libDaisy//build/libdaisy.a(stm32h7xx_hal_spi.o)
 .text.HAL_SPI_TxRxHalfCpltCallback
                0x000000000800f1b0        0x4 ../../DaisyExamples/libDaisy//build/libdaisy.a(stm32h7xx_hal_spi.o)
                0x000000000800f1b0                HAL_SPI_TxRxHalfCpltCallback
 .text.SPI_DMAHalfTransmitReceiveCplt
                0x000000000800f1b4        0xc ../../DaisyExamples/libDaisy//build/libdaisy.a(stm32h7xx_hal_spi.o)
 .text.SPI_DMAError
                0x000000000800f1c0       0xd8 ../../DaisyExamples/libDaisy//build/libdaisy.a(stm32h7xx_hal_spi.o)
 .text.HAL_SPI_IRQHandler
                0x000000000800f298      0x23c ../../DaisyExamples/libDaisy//build/libdaisy.a(stm32h7xx_hal_spi.o)
                0x000000000800f298                HAL_SPI_IRQHandler
 .text.SPI_DMAAbortOnError
                0x000000000800f4d4       0x1c ../../DaisyExamples/libDaisy//build/libdaisy.a(stm32h7xx_hal_spi.o)
 .text.HAL_SPI_GetState
                0x000000000800f4f0        0x8 ../../DaisyExamples/libDaisy//build/libdaisy.a(stm32h7xx_hal_spi.o)
                0x000000000800f4f0                HAL_SPI_GetState
 .text.HAL_TIM_Base_Init
                0x000000000800f4f8      0x140 ../../DaisyExamples/libDaisy//build/libdaisy.a(stm32h7xx_hal_tim.o)
                0x000000000800f4f8                HAL_TIM_Base_Init
 .text.HAL_TIM_Base_Start
                0x000000000800f638       0x34 ../../DaisyExamples/libDaisy//build/libdaisy.a(stm32h7xx_hal_tim.o)
                0x000000000800f638                HAL_TIM_Base_Start
 .text.HAL_TIM_Base_Start_IT
                0x000000000800f66c       0x2c ../../DaisyExamples/libDaisy//build/libdaisy.a(stm32h7xx_hal_tim.o)
                0x000000000800f66c                HAL_TIM_Base_Start_IT
 .text.HAL_TIM_ConfigClockSource
                0x000000000800f698      0x17c ../../DaisyExamples/libDaisy//build/libdaisy.a(stm32h7xx_hal_tim.o)
                0x000000000800f698                HAL_TIM_ConfigClockSource
 .text.HAL_TIM_OC_DelayElapsedCallback
                0x000000000800f814        0x4 ../../DaisyExamples/libDaisy//build/libdaisy.a(stm32h7xx_hal_tim.o)
                0x000000000800f814                HAL_TIM_OC_DelayElapsedCallback
 .text.HAL_TIM_IC_CaptureCallback
                0x000000000800f818        0x4 ../../DaisyExamples/libDaisy//build/libdaisy.a(stm32h7xx_hal_tim.o)
                0x000000000800f818                HAL_TIM_IC_CaptureCallback
 .text.HAL_TIM_PWM_PulseFinishedCallback
                0x000000000800f81c        0x4 ../../DaisyExamples/libDaisy//build/libdaisy.a(stm32h7xx_hal_tim.o)
                0x000000000800f81c                HAL_TIM_PWM_PulseFinishedCallback
 .text.HAL_TIM_TriggerCallback
                0x000000000800f820        0x4 ../../DaisyExamples/libDaisy//build/libdaisy.a(stm32h7xx_hal_tim.o)
                0x000000000800f820                HAL_TIM_TriggerCallback
 .text.HAL_TIM_IRQHandler
                0x000000000800f824      0x170 ../../DaisyExamples/libDaisy//build/libdaisy.a(stm32h7xx_hal_tim.o)
                0x000000000800f824                HAL_TIM_IRQHandler
 .text.HAL_TIMEx_MasterConfigSynchronization
                0x000000000800f994       0x64 ../../DaisyExamples/libDaisy//build/libdaisy.a(stm32h7xx_hal_tim_ex.o)
                0x000000000800f994                HAL_TIMEx_MasterConfigSynchronization
 .text.HAL_TIMEx_CommutCallback
                0x000000000800f9f8        0x4 ../../DaisyExamples/libDaisy//build/libdaisy.a(stm32h7xx_hal_tim_ex.o)
                0x000000000800f9f8                HAL_TIMEx_CommutCallback
 .text.HAL_TIMEx_BreakCallback
                0x000000000800f9fc        0x4 ../../DaisyExamples/libDaisy//build/libdaisy.a(stm32h7xx_hal_tim_ex.o)